Archive member included to satisfy reference by file (symbol)

/usr/share/crossworks_for_arm_4.7/lib/libm_v7em_t_le_eabi.a(libm_asm.o)
                              stm32g431kb THUMB Debug/sac_Brush.o (__aeabi_i2f)
/usr/share/crossworks_for_arm_4.7/lib/libc_v7em_t_le_eabi.a(libc_asm.o)
                              stm32g431kb THUMB Debug/yss_time.o (__aeabi_uldivmod)
/usr/share/crossworks_for_arm_4.7/lib/libc_v7em_t_le_eabi.a(libc2.o)
                              stm32g431kb THUMB Debug/yss_key.o (__aeabi_atexit)
/usr/share/crossworks_for_arm_4.7/lib/libc_v7em_t_le_eabi.a(libc2_asm.o)
                              /usr/share/crossworks_for_arm_4.7/lib/libc_v7em_t_le_eabi.a(libc2.o) (strcpy)
/usr/share/crossworks_for_arm_4.7/lib/libc_v7em_t_le_eabi.a(libvfprintf.o)
                              (__vfprintf_float_long_long)
/usr/share/crossworks_for_arm_4.7/lib/libc_v7em_t_le_eabi.a(libvfscanf.o)
                              (__vfscanf_float_long_long_cc)
/usr/share/crossworks_for_arm_4.7/lib/libc_v7em_t_le_eabi.a(libc.o)
                              /usr/share/crossworks_for_arm_4.7/lib/libc_v7em_t_le_eabi.a(libc2.o) (__heap_lock)
/usr/share/crossworks_for_arm_4.7/lib/libdebugio_v7em_t_le_eabi.a(libdebugio.o)
                              stm32g431kb THUMB Debug/thumb_crt0.o (debug_fopen)
/usr/share/crossworks_for_arm_4.7/lib/libdebugio_v7em_t_le_eabi.a(libdebugio_asm.o)
                              stm32g431kb THUMB Debug/drv_can_st_type_B.o (debug_printf)
/usr/share/crossworks_for_arm_4.7/lib/libdebugio_v7em_t_le_eabi.a(do_nv_debug_operation.o)
                              /usr/share/crossworks_for_arm_4.7/lib/libdebugio_v7em_t_le_eabi.a(libdebugio.o) (__do_nvdebug_operation)
/usr/share/crossworks_for_arm_4.7/lib/libdebugio_v7em_t_le_eabi.a(mempoll_debug_operations.o)
                              (__do_debug_operation_mempoll)
/usr/share/crossworks_for_arm_4.7/lib/libcpp_v7em_t_le_eabi.a(new.o)
                              stm32g431kb THUMB Debug/mod_JLX1602A_4.o (__cxa_pure_virtual)
/usr/share/crossworks_for_arm_4.7/lib/libm_v7em_t_le_eabi.a(libm2.o)
                              /usr/share/crossworks_for_arm_4.7/lib/libc_v7em_t_le_eabi.a(libvfprintf.o) (frexp)
/usr/share/crossworks_for_arm_4.7/lib/libm_v7em_t_le_eabi.a(libm2_asm.o)
                              /usr/share/crossworks_for_arm_4.7/lib/libm_v7em_t_le_eabi.a(libm2.o) (fabs)

Discarded input sections

 .group         0x0000000000000000        0xc stm32g431kb THUMB Debug/main.o
 .group         0x0000000000000000        0xc stm32g431kb THUMB Debug/main.o
 .group         0x0000000000000000        0xc stm32g431kb THUMB Debug/main.o
 .group         0x0000000000000000        0xc stm32g431kb THUMB Debug/main.o
 .group         0x0000000000000000        0xc stm32g431kb THUMB Debug/main.o
 .group         0x0000000000000000        0xc stm32g431kb THUMB Debug/main.o
 .group         0x0000000000000000        0xc stm32g431kb THUMB Debug/main.o
 .group         0x0000000000000000        0xc stm32g431kb THUMB Debug/main.o
 .group         0x0000000000000000        0xc stm32g431kb THUMB Debug/main.o
 .group         0x0000000000000000        0xc stm32g431kb THUMB Debug/main.o
 .group         0x0000000000000000        0xc stm32g431kb THUMB Debug/main.o
 .group         0x0000000000000000        0xc stm32g431kb THUMB Debug/main.o
 .group         0x0000000000000000        0xc stm32g431kb THUMB Debug/main.o
 .group         0x0000000000000000        0xc stm32g431kb THUMB Debug/main.o
 .group         0x0000000000000000        0xc stm32g431kb THUMB Debug/main.o
 .group         0x0000000000000000        0xc stm32g431kb THUMB Debug/main.o
 .group         0x0000000000000000        0xc stm32g431kb THUMB Debug/main.o
 .group         0x0000000000000000        0xc stm32g431kb THUMB Debug/main.o
 .group         0x0000000000000000        0xc stm32g431kb THUMB Debug/main.o
 .group         0x0000000000000000        0xc stm32g431kb THUMB Debug/main.o
 .text          0x0000000000000000        0x0 stm32g431kb THUMB Debug/main.o
 .data          0x0000000000000000        0x0 stm32g431kb THUMB Debug/main.o
 .bss           0x0000000000000000        0x0 stm32g431kb THUMB Debug/main.o
 .group         0x0000000000000000        0xc stm32g431kb THUMB Debug/drv_adc_not_support.o
 .group         0x0000000000000000        0xc stm32g431kb THUMB Debug/drv_adc_not_support.o
 .group         0x0000000000000000        0xc stm32g431kb THUMB Debug/drv_adc_not_support.o
 .group         0x0000000000000000        0xc stm32g431kb THUMB Debug/drv_adc_not_support.o
 .group         0x0000000000000000        0xc stm32g431kb THUMB Debug/drv_adc_not_support.o
 .group         0x0000000000000000        0xc stm32g431kb THUMB Debug/drv_adc_not_support.o
 .group         0x0000000000000000        0xc stm32g431kb THUMB Debug/drv_adc_not_support.o
 .group         0x0000000000000000        0xc stm32g431kb THUMB Debug/drv_adc_not_support.o
[...]
Memory Configuration

Name             Origin             Length             Attributes
UNPLACED_SECTIONS 0x0000000100000000 0x0000000000000000 xw
FLASH            0x0000000008000000 0x0000000000020000 xr
CCMSRAM          0x0000000010000000 0x0000000000002800 xw
SYSTEM_BANK1     0x000000001fff0000 0x0000000000007000 xw
OTP              0x000000001fff7000 0x0000000000000400 xw
OPTION_BANK1     0x000000001fff7800 0x0000000000000030 xw
RAM              0x0000000020000000 0x0000000000004000 xw
SRAM1            0x0000000020000000 0x0000000000004000 xw
SRAM2            0x0000000020014000 0x0000000000001800 xw
ABP1             0x0000000040000000 0x0000000000009800 xw
ABP2             0x0000000040010000 0x0000000000006400 xw
AHB1             0x0000000040020000 0x0000000000004400 xw
AHB2             0x0000000048000000 0x0000000008060c00 xw
NOR_PSRAM1       0x0000000060000000 0x0000000000000000 xw
NOR_PSRAM2       0x0000000064000000 0x0000000000000000 xw
NOR_PSRAM3       0x0000000068000000 0x0000000000000000 xw
NOR_PSRAM4       0x000000006c000000 0x0000000000000000 xw
NAND             0x0000000080000000 0x0000000000000000 xr
QUADSPI_FLASH    0x0000000090000000 0x0000000000000000 xr
FMC              0x00000000a0000000 0x0000000000001000 xw
QUADSPI          0x00000000a0001000 0x0000000000000400 xw
PPB              0x00000000e0000000 0x0000000000100000 xw
*default*        0x0000000000000000 0xffffffffffffffff

Linker script and memory map

                0x000000000800367c                __do_debug_operation = __do_debug_operation_mempoll
                0x0000000000000000                __vfprintf = __vfprintf_float_long_long
                0x0000000000000000                __vfscanf = __vfscanf_float_long_long_cc
                0x0000000008000000                __FLASH_segment_start__ = 0x8000000
                0x0000000008020000                __FLASH_segment_end__ = 0x8020000
                0x0000000000020000                __FLASH_segment_size__ = 0x20000
                0x0000000010000000                __CCMSRAM_segment_start__ = 0x10000000
                0x0000000010002800                __CCMSRAM_segment_end__ = 0x10002800
                0x0000000000002800                __CCMSRAM_segment_size__ = 0x2800
                0x000000001fff0000                __SYSTEM_BANK1_segment_start__ = 0x1fff0000
                0x000000001fff7000                __SYSTEM_BANK1_segment_end__ = 0x1fff7000
                0x0000000000007000                __SYSTEM_BANK1_segment_size__ = 0x7000
                0x000000001fff7000                __OTP_segment_start__ = 0x1fff7000
                0x000000001fff7400                __OTP_segment_end__ = 0x1fff7400
                0x0000000000000400                __OTP_segment_size__ = 0x400
                0x000000001fff7800                __OPTION_BANK1_segment_start__ = 0x1fff7800
                0x000000001fff7830                __OPTION_BANK1_segment_end__ = 0x1fff7830
                0x0000000000000030                __OPTION_BANK1_segment_size__ = 0x30
                0x0000000020000000                __RAM_segment_start__ = 0x20000000
                0x0000000020004000                __RAM_segment_end__ = 0x20004000
                0x0000000000004000                __RAM_segment_size__ = 0x4000
                0x0000000020000000                __SRAM1_segment_start__ = 0x20000000
                0x0000000020004000                __SRAM1_segment_end__ = 0x20004000
                0x0000000000004000                __SRAM1_segment_size__ = 0x4000
                0x0000000020014000                __SRAM2_segment_start__ = 0x20014000
                0x0000000020015800                __SRAM2_segment_end__ = 0x20015800
                0x0000000000001800                __SRAM2_segment_size__ = 0x1800
                0x0000000040000000                __ABP1_segment_start__ = 0x40000000
                0x0000000040009800                __ABP1_segment_end__ = 0x40009800
                0x0000000000009800                __ABP1_segment_size__ = 0x9800
                0x0000000040010000                __ABP2_segment_start__ = 0x40010000
                0x0000000040016400                __ABP2_segment_end__ = 0x40016400
                0x0000000000006400                __ABP2_segment_size__ = 0x6400
                0x0000000040020000                __AHB1_segment_start__ = 0x40020000
                0x0000000040024400                __AHB1_segment_end__ = 0x40024400
                0x0000000000004400                __AHB1_segment_size__ = 0x4400
                0x0000000048000000                __AHB2_segment_start__ = 0x48000000
                0x0000000050060c00                __AHB2_segment_end__ = 0x50060c00
                0x0000000008060c00                __AHB2_segment_size__ = 0x8060c00
                0x0000000060000000                __NOR_PSRAM1_segment_start__ = 0x60000000
                0x0000000060000000                __NOR_PSRAM1_segment_end__ = 0x60000000
                0x0000000000000000                __NOR_PSRAM1_segment_size__ = 0x0
                0x0000000064000000                __NOR_PSRAM2_segment_start__ = 0x64000000
                0x0000000064000000                __NOR_PSRAM2_segment_end__ = 0x64000000
                0x0000000000000000                __NOR_PSRAM2_segment_size__ = 0x0
                0x0000000068000000                __NOR_PSRAM3_segment_start__ = 0x68000000
                0x0000000068000000                __NOR_PSRAM3_segment_end__ = 0x68000000
                0x0000000000000000                __NOR_PSRAM3_segment_size__ = 0x0
                0x000000006c000000                __NOR_PSRAM4_segment_start__ = 0x6c000000
                0x000000006c000000                __NOR_PSRAM4_segment_end__ = 0x6c000000
                0x0000000000000000                __NOR_PSRAM4_segment_size__ = 0x0
                0x0000000080000000                __NAND_segment_start__ = 0x80000000
                0x0000000080000000                __NAND_segment_end__ = 0x80000000
                0x0000000000000000                __NAND_segment_size__ = 0x0
                0x0000000090000000                __QUADSPI_FLASH_segment_start__ = 0x90000000
                0x0000000090000000                __QUADSPI_FLASH_segment_end__ = 0x90000000
                0x0000000000000000                __QUADSPI_FLASH_segment_size__ = 0x0
                0x00000000a0000000                __FMC_segment_start__ = 0xa0000000
                0x00000000a0001000                __FMC_segment_end__ = 0xa0001000
                0x0000000000001000                __FMC_segment_size__ = 0x1000
                0x00000000a0001000                __QUADSPI_segment_start__ = 0xa0001000
                0x00000000a0001400                __QUADSPI_segment_end__ = 0xa0001400
                0x0000000000000400                __QUADSPI_segment_size__ = 0x400
                0x00000000e0000000                __PPB_segment_start__ = 0xe0000000
                0x00000000e0100000                __PPB_segment_end__ = 0xe0100000
                0x0000000000100000                __PPB_segment_size__ = 0x100000
                0x0000000000000000                __HEAPSIZE__ = 0x0
                0x0000000000000000                __STACKSIZE_ABT__ = 0x0
                0x0000000000000000                __STACKSIZE_FIQ__ = 0x0
                0x0000000000000000                __STACKSIZE_IRQ__ = 0x0
                0x0000000000000800                __STACKSIZE_PROCESS__ = 0x800
                0x0000000000000000                __STACKSIZE_SVC__ = 0x0
                0x0000000000000000                __STACKSIZE_UND__ = 0x0
                0x0000000000000800                __STACKSIZE__ = 0x800
                0x0000000090000000                __qspi_load_start__ = ALIGN (__QUADSPI_FLASH_segment_start__, 0x4)

.qspi           0x0000000090000000        0x0
                0x0000000090000000                __qspi_start__ = .
 *(.qspi .qspi.*)
                0x0000000090000000                __qspi_end__ = (__qspi_start__ + SIZEOF (.qspi))
                0x0000000000000000                __qspi_size__ = SIZEOF (.qspi)
                0x0000000090000000                __qspi_load_end__ = __qspi_end__
                0x0000000090000000                __QUADSPI_FLASH_segment_used_end__ = (ALIGN (__QUADSPI_FLASH_segment_start__, 0x4) + SIZEOF (.qspi))
                0x0000000000000000                __QUADSPI_FLASH_segment_used_size__ = (__QUADSPI_FLASH_segment_used_end__ - __QUADSPI_FLASH_segment_start__)
                0x0000000000000001                . = ASSERT (((__qspi_start__ == __qspi_end__) || ((__qspi_end__ - __QUADSPI_FLASH_segment_start__) <= __QUADSPI_FLASH_segment_size__)), error: .qspi is too large to fit in QUADSPI_FLASH memory segment)
                0x0000000020000000                __vectors_ram_load_start__ = ALIGN (__RAM_segment_start__, 0x100)

.vectors_ram    0x0000000020000000        0x0
                0x0000000020000000                __vectors_ram_start__ = .
 *(.vectors_ram .vectors_ram.*)
                0x0000000020000000                __vectors_ram_end__ = (__vectors_ram_start__ + SIZEOF (.vectors_ram))
                0x0000000000000000                __vectors_ram_size__ = SIZEOF (.vectors_ram)
                0x0000000020000000                __vectors_ram_load_end__ = __vectors_ram_end__
                0x0000000000000001                . = ASSERT (((__vectors_ram_start__ == __vectors_ram_end__) || ((__vectors_ram_end__ - __RAM_segment_start__) <= __RAM_segment_size__)), error: .vectors_ram is too large to fit in RAM memory segment)
                0x0000000008000000                __vectors_load_start__ = ALIGN (__FLASH_segment_start__, 0x100)

.vectors        0x0000000008000000      0x1d8
                0x0000000008000000                __vectors_start__ = .
 *(.vectors .vectors.*)
 .vectors       0x0000000008000000      0x1d8 stm32g431kb THUMB Debug/STM32_Startup.o
                0x0000000008000000                _vectors
                0x00000000080001d8                __vectors_end__ = (__vectors_start__ + SIZEOF (.vectors))
                0x00000000000001d8                __vectors_size__ = SIZEOF (.vectors)
                0x00000000080001d8                __vectors_load_end__ = __vectors_end__
                0x0000000000000001                . = ASSERT (((__vectors_start__ == __vectors_end__) || ((__vectors_end__ - __FLASH_segment_start__) <= __FLASH_segment_size__)), error: .vectors is too large to fit in FLASH memory segment)
                0x00000000080001d8                __init_load_start__ = ALIGN (__vectors_end__, 0x4)

.init           0x00000000080001d8      0x1fc
                0x00000000080001d8                __init_start__ = .
 *(.init .init.*)
 .init          0x00000000080001d8      0x13c stm32g431kb THUMB Debug/thumb_crt0.o
                0x00000000080001d8                _start
                0x0000000008000278                exit
 .init          0x0000000008000314       0xc0 stm32g431kb THUMB Debug/STM32_Startup.o
                0x0000000008000314                NMI_Handler
                0x0000000008000316                HardFault_Handler
                0x0000000008000318                MemManage_Handler
                0x000000000800031a                BusFault_Handler
                0x000000000800031c                UsageFault_Handler
                0x000000000800031e                SVC_Handler
                0x0000000008000320                DebugMon_Handler
                0x0000000008000326                WWDG_IRQHandler
                0x0000000008000328                PVD_PVM_IRQHandler
                0x000000000800032a                RTC_TAMP_LSECSS_IRQHandler
                0x000000000800032c                RTC_WKUP_IRQHandler
                0x000000000800032e                FLASH_IRQHandler
                0x0000000008000330                RCC_IRQHandler
                0x0000000008000332                EXTI0_IRQHandler
                0x0000000008000334                EXTI1_IRQHandler
                0x0000000008000336                EXTI2_IRQHandler
                0x0000000008000338                EXTI3_IRQHandler
                0x000000000800033a                EXTI4_IRQHandler
                0x000000000800033c                DMA1_Channel1_IRQHandler
                0x000000000800033e                DMA1_Channel2_IRQHandler
                0x0000000008000340                DMA1_Channel3_IRQHandler
                0x0000000008000342                DMA1_Channel4_IRQHandler
                0x0000000008000344                DMA1_Channel5_IRQHandler
                0x0000000008000346                DMA1_Channel6_IRQHandler
                0x000000000800034a                USB_HP_IRQHandler
                0x000000000800034c                USB_LP_IRQHandler
                0x0000000008000350                FDCAN1_IT1_IRQHandler
                0x0000000008000352                EXTI9_5_IRQHandler
                0x0000000008000354                TIM1_BRK_TIM15_IRQHandler
                0x0000000008000358                TIM1_TRG_COM_TIM17_IRQHandler
                0x000000000800035e                TIM3_IRQHandler
                0x0000000008000360                TIM4_IRQHandler
                0x0000000008000362                I2C1_EV_IRQHandler
                0x0000000008000364                I2C1_ER_IRQHandler
                0x0000000008000366                I2C2_EV_IRQHandler
                0x0000000008000368                I2C2_ER_IRQHandler
                0x000000000800036a                SPI1_IRQHandler
                0x000000000800036c                SPI2_IRQHandler
                0x000000000800036e                USART1_IRQHandler
                0x0000000008000370                USART2_IRQHandler
                0x0000000008000372                USART3_IRQHandler
                0x0000000008000374                EXTI15_10_IRQHandler
                0x0000000008000376                RTC_Alarm_IRQHandler
                0x0000000008000378                USBWakeUp_IRQHandler
                0x000000000800037a                TIM8_BRK_IRQHandler
                0x000000000800037c                TIM8_UP_IRQHandler
                0x000000000800037e                TIM8_TRG_COM_IRQHandler
                0x0000000008000380                TIM8_CC_IRQHandler
                0x0000000008000382                LPTIM1_IRQHandler
                0x0000000008000384                SPI3_IRQHandler
                0x0000000008000386                UART4_IRQHandler
                0x0000000008000388                TIM6_DAC_IRQHandler
                0x000000000800038a                TIM7_IRQHandler
                0x000000000800038c                DMA2_Channel1_IRQHandler
                0x000000000800038e                DMA2_Channel2_IRQHandler
                0x0000000008000390                DMA2_Channel3_IRQHandler
                0x0000000008000392                DMA2_Channel4_IRQHandler
                0x0000000008000394                DMA2_Channel5_IRQHandler
                0x0000000008000396                UCPD1_IRQHandler
                0x0000000008000398                COMP1_2_3_IRQHandler
                0x000000000800039a                COMP4_IRQHandler
                0x000000000800039c                CRS_IRQHandler
                0x000000000800039e                SAI1_IRQHandler
                0x00000000080003a0                FPU_IRQHandler
                0x00000000080003a2                RNG_IRQHandler
                0x00000000080003a4                LPUART1_IRQHandler
                0x00000000080003a6                I2C3_EV_IRQHandler
                0x00000000080003a8                I2C3_ER_IRQHandler
                0x00000000080003aa                DMAMUX_OVR_IRQHandler
                0x00000000080003ac                DMA2_Channel6_IRQHandler
                0x00000000080003ae                CORDIC_IRQHandler
                0x00000000080003b0                FMAC_IRQHandler
                0x00000000080003b2                reset_handler
                0x00000000080003d4                __init_end__ = (__init_start__ + SIZEOF (.init))
                0x00000000000001fc                __init_size__ = SIZEOF (.init)
                0x00000000080003d4                __init_load_end__ = __init_end__
                0x0000000000000001                . = ASSERT (((__init_start__ == __init_end__) || ((__init_end__ - __FLASH_segment_start__) <= __FLASH_segment_size__)), error: .init is too large to fit in FLASH memory segment)
                0x00000000080003d4                __init_rodata_load_start__ = ALIGN (__init_end__, 0x4)

.init_rodata    0x00000000080003d4        0x0
                0x00000000080003d4                __init_rodata_start__ = .
 *(.init_rodata .init_rodata.*)
                0x00000000080003d4                __init_rodata_end__ = (__init_rodata_start__ + SIZEOF (.init_rodata))
                0x0000000000000000                __init_rodata_size__ = SIZEOF (.init_rodata)
                0x00000000080003d4                __init_rodata_load_end__ = __init_rodata_end__
                0x0000000000000001                . = ASSERT (((__init_rodata_start__ == __init_rodata_end__) || ((__init_rodata_end__ - __FLASH_segment_start__) <= __FLASH_segment_size__)), error: .init_rodata is too large to fit in FLASH memory segment)
                0x00000000080003d4                __text_load_start__ = ALIGN (__init_rodata_end__, 0x4)

.text           0x00000000080003d4     0x32d8
                0x00000000080003d4                __text_start__ = .
 *(.text .text.* .glue_7t .glue_7 .gnu.linkonce.t.* .gcc_except_table .ARM.extab* .gnu.linkonce.armextab.*)
 .glue_7        0x00000000080003d4        0x0 linker stubs
 .glue_7t       0x00000000080003d4        0x0 linker stubs
 .text._Z12trigger_testv
                0x00000000080003d4       0x38 stm32g431kb THUMB Debug/main.o
                0x00000000080003d4                trigger_test()
 .text._Z10isr_timer2v
                0x000000000800040c       0x2c stm32g431kb THUMB Debug/main.o
                0x000000000800040c                isr_timer2()
 .text.main     0x0000000008000438       0x8c stm32g431kb THUMB Debug/main.o
                0x0000000008000438                main
 .text.ADC1_2_IRQHandler
                0x00000000080004c4        0x4 stm32g431kb THUMB Debug/drv_adc_st_type_C.o
                0x00000000080004c4                ADC1_2_IRQHandler
 .text._ZL12getClockFreqv
                0x00000000080004c8       0x14 stm32g431kb THUMB Debug/drv_can_st_type_B.o
 .text._ZL14setCan1ClockEnb
                0x00000000080004dc       0x24 stm32g431kb THUMB Debug/drv_can_st_type_B.o
 .text._ZL12setCan1IntEnb
                0x0000000008000500       0x24 stm32g431kb THUMB Debug/drv_can_st_type_B.o
 .text.FDCAN1_IT0_IRQHandler
                0x0000000008000524       0x74 stm32g431kb THUMB Debug/drv_can_st_type_B.o
                0x0000000008000524                FDCAN1_IT0_IRQHandler
 .text._ZN3drv3CanC2EP19FDCAN_GlobalTypeDefPFvbES4_PFjvE
                0x0000000008000598       0xa2 stm32g431kb THUMB Debug/drv_can_st_type_B.o
                0x0000000008000598                drv::Can::Can(FDCAN_GlobalTypeDef*, void (*)(bool), void (*)(bool), unsigned int (*)())
                0x0000000008000598                drv::Can::Can(FDCAN_GlobalTypeDef*, void (*)(bool), void (*)(bool), unsigned int (*)())
 .text._ZN3drv3Can4pushEPj
                0x000000000800063a       0x8c stm32g431kb THUMB Debug/drv_can_st_type_B.o
                0x000000000800063a                drv::Can::push(unsigned int*)
 *fill*         0x00000000080006c6        0x2 
 .text._Z41__static_initialization_and_destruction_0ii
                0x00000000080006c8       0x44 stm32g431kb THUMB Debug/drv_can_st_type_B.o
 .text._GLOBAL__sub_I_can1
                0x000000000800070c        0xe stm32g431kb THUMB Debug/drv_can_st_type_B.o
 *fill*         0x000000000800071a        0x2 
 .text._ZN3drv11getRccPpre1Ev
                0x000000000800071c       0x18 stm32g431kb THUMB Debug/drv_clock_st_type_D.o
                0x000000000800071c                drv::getRccPpre1()
 .text._ZN3drv11getRccPpre2Ev
                0x0000000008000734       0x18 stm32g431kb THUMB Debug/drv_clock_st_type_D.o
                0x0000000008000734                drv::getRccPpre2()
 .text._ZN3drv10getRccHpreEv
                0x000000000800074c       0x18 stm32g431kb THUMB Debug/drv_clock_st_type_D.o
                0x000000000800074c                drv::getRccHpre()
 .text._ZN3drv14getRccSysclkSwEv
                0x0000000008000764       0x18 stm32g431kb THUMB Debug/drv_clock_st_type_D.o
                0x0000000008000764                drv::getRccSysclkSw()
 .text._ZN3drv5Clock15setVoltageScaleEh
                0x000000000800077c       0xb0 stm32g431kb THUMB Debug/drv_clock_st_type_D.o
                0x000000000800077c                drv::Clock::setVoltageScale(unsigned char)
 .text._ZN3drv5Clock15getVoltageScaleEv
                0x000000000800082c       0x3c stm32g431kb THUMB Debug/drv_clock_st_type_D.o
                0x000000000800082c                drv::Clock::getVoltageScale()
 .text._ZN3drv5Clock9enableHseEh
                0x0000000008000868       0xf0 stm32g431kb THUMB Debug/drv_clock_st_type_D.o
                0x0000000008000868                drv::Clock::enableHse(unsigned char)
 .text._ZN3drv5Clock14getApb1ClkFreqEv
                0x0000000008000958       0x2c stm32g431kb THUMB Debug/drv_clock_st_type_D.o
                0x0000000008000958                drv::Clock::getApb1ClkFreq()
 .text._ZN3drv5Clock19getTimerApb1ClkFreqEv
                0x0000000008000984       0x4c stm32g431kb THUMB Debug/drv_clock_st_type_D.o
                0x0000000008000984                drv::Clock::getTimerApb1ClkFreq()
 .text._ZN3drv5Clock19getTimerApb2ClkFreqEv
                0x00000000080009d0       0x4c stm32g431kb THUMB Debug/drv_clock_st_type_D.o
                0x00000000080009d0                drv::Clock::getTimerApb2ClkFreq()
 .text._ZN3drv5Clock13getSysClkFreqEv
                0x0000000008000a1c       0x64 stm32g431kb THUMB Debug/drv_clock_st_type_D.o
                0x0000000008000a1c                drv::Clock::getSysClkFreq()
 .text._ZN3drv7Mainpll6setPEnEb
                0x0000000008000a80       0x38 stm32g431kb THUMB Debug/drv_clock_st_type_D.o
                0x0000000008000a80                drv::Mainpll::setPEn(bool)
 .text._ZN3drv7Mainpll6setQEnEb
                0x0000000008000ab8       0x38 stm32g431kb THUMB Debug/drv_clock_st_type_D.o
                0x0000000008000ab8                drv::Mainpll::setQEn(bool)
 .text._ZN3drv7Mainpll6setREnEb
                0x0000000008000af0       0x38 stm32g431kb THUMB Debug/drv_clock_st_type_D.o
                0x0000000008000af0                drv::Mainpll::setREn(bool)
 .text._ZN3drv7Mainpll6enableEhjhhh
                0x0000000008000b28      0x508 stm32g431kb THUMB Debug/drv_clock_st_type_D.o
                0x0000000008000b28                drv::Mainpll::enable(unsigned char, unsigned int, unsigned char, unsigned char, unsigned char)
 .text._ZN3drv5Clock9setSysclkEhhhhh
                0x0000000008001030      0x294 stm32g431kb THUMB Debug/drv_clock_st_type_D.o
                0x0000000008001030                drv::Clock::setSysclk(unsigned char, unsigned char, unsigned char, unsigned char, unsigned char)
 .text._ZN3drv10Peripheral13setAdc1ClkSrcEh
                0x00000000080012c4       0x40 stm32g431kb THUMB Debug/drv_clock_st_type_D_peripherals.o
                0x00000000080012c4                drv::Peripheral::setAdc1ClkSrc(unsigned char)
 .text._ZN3drv10Peripheral10setGpioAEnEb
                0x0000000008001304       0x38 stm32g431kb THUMB Debug/drv_clock_st_type_D_peripherals.o
                0x0000000008001304                drv::Peripheral::setGpioAEn(bool)
 .text._ZN3drv10Peripheral10setGpioBEnEb
                0x000000000800133c       0x38 stm32g431kb THUMB Debug/drv_clock_st_type_D_peripherals.o
                0x000000000800133c                drv::Peripheral::setGpioBEn(bool)
 .text._ZN3drv10Peripheral10setGpioCEnEb
                0x0000000008001374       0x38 stm32g431kb THUMB Debug/drv_clock_st_type_D_peripherals.o
                0x0000000008001374                drv::Peripheral::setGpioCEn(bool)
 .text._ZN3drv10Peripheral10setGpioDEnEb
                0x00000000080013ac       0x38 stm32g431kb THUMB Debug/drv_clock_st_type_D_peripherals.o
                0x00000000080013ac                drv::Peripheral::setGpioDEn(bool)
 .text._ZN3drv10Peripheral10setGpioEEnEb
                0x00000000080013e4       0x38 stm32g431kb THUMB Debug/drv_clock_st_type_D_peripherals.o
                0x00000000080013e4                drv::Peripheral::setGpioEEn(bool)
 .text._ZN3drv10Peripheral10setGpioFEnEb
                0x000000000800141c       0x38 stm32g431kb THUMB Debug/drv_clock_st_type_D_peripherals.o
                0x000000000800141c                drv::Peripheral::setGpioFEn(bool)
 .text._ZN3drv10Peripheral10setGpioGEnEb
                0x0000000008001454       0x38 stm32g431kb THUMB Debug/drv_clock_st_type_D_peripherals.o
                0x0000000008001454                drv::Peripheral::setGpioGEn(bool)
 .text._ZN3drv10Peripheral11setTimer2EnEb
                0x000000000800148c       0x38 stm32g431kb THUMB Debug/drv_clock_st_type_D_peripherals.o
                0x000000000800148c                drv::Peripheral::setTimer2En(bool)
 .text._ZN3drv10Peripheral13setI2c1ClkSrcEh
                0x00000000080014c4       0x4c stm32g431kb THUMB Debug/drv_clock_st_type_D_peripherals.o
                0x00000000080014c4                drv::Peripheral::setI2c1ClkSrc(unsigned char)
 .text._ZN3drv10Peripheral13setI2c2ClkSrcEh
                0x0000000008001510       0x4c stm32g431kb THUMB Debug/drv_clock_st_type_D_peripherals.o
                0x0000000008001510                drv::Peripheral::setI2c2ClkSrc(unsigned char)
 .text._ZN3drv10Peripheral9setCan1EnEb
                0x000000000800155c       0x38 stm32g431kb THUMB Debug/drv_clock_st_type_D_peripherals.o
                0x000000000800155c                drv::Peripheral::setCan1En(bool)
 .text._ZN3drv10Peripheral14getCan1ClkFreqEv
                0x0000000008001594       0x6c stm32g431kb THUMB Debug/drv_clock_st_type_D_peripherals.o
                0x0000000008001594                drv::Peripheral::getCan1ClkFreq()
 .text._ZN3drv10Peripheral13setCan1ClkSrcEh
                0x0000000008001600       0x48 stm32g431kb THUMB Debug/drv_clock_st_type_D_peripherals.o
                0x0000000008001600                drv::Peripheral::setCan1ClkSrc(unsigned char)
 .text._ZN3drv10Peripheral13setI2c3ClkSrcEh
                0x0000000008001648       0x4c stm32g431kb THUMB Debug/drv_clock_st_type_D_peripherals.o
                0x0000000008001648                drv::Peripheral::setI2c3ClkSrc(unsigned char)
 .text._ZN3drv10Peripheral11setSyscfgEnEb
                0x0000000008001694       0x38 stm32g431kb THUMB Debug/drv_clock_st_type_D_peripherals.o
                0x0000000008001694                drv::Peripheral::setSyscfgEn(bool)
 .text._ZN3drv10Peripheral11setTimer1EnEb
                0x00000000080016cc       0x38 stm32g431kb THUMB Debug/drv_clock_st_type_D_peripherals.o
                0x00000000080016cc                drv::Peripheral::setTimer1En(bool)
 .text._ZL13setDmaClockEnb
                0x0000000008001704        0xe stm32g431kb THUMB Debug/drv_dma_st_type_C.o
 .text._ZL11setDmaIntEnb
                0x0000000008001712        0xe stm32g431kb THUMB Debug/drv_dma_st_type_C.o
 .text._ZN3drv3DmaC2EPFvbES2_
                0x0000000008001720       0x20 stm32g431kb THUMB Debug/drv_dma_st_type_C.o
                0x0000000008001720                drv::Dma::Dma(void (*)(bool), void (*)(bool))
                0x0000000008001720                drv::Dma::Dma(void (*)(bool), void (*)(bool))
 .text._ZN3drv3Dma4initEv
                0x0000000008001740        0xa stm32g431kb THUMB Debug/drv_dma_st_type_C.o
                0x0000000008001740                drv::Dma::init()
 *fill*         0x000000000800174a        0x2 
 .text._Z41__static_initialization_and_destruction_0ii
                0x000000000800174c       0x38 stm32g431kb THUMB Debug/drv_dma_st_type_C.o
 .text._GLOBAL__sub_I_dma
                0x0000000008001784        0xe stm32g431kb THUMB Debug/drv_dma_st_type_C.o
 .text._ZN3DrvC2EPFvbES1_PFvvE
                0x0000000008001792       0x32 stm32g431kb THUMB Debug/Drv.o
                0x0000000008001792                Drv::Drv(void (*)(bool), void (*)(bool), void (*)())
                0x0000000008001792                Drv::Drv(void (*)(bool), void (*)(bool), void (*)())
 .text._ZN3Drv10setClockEnEb
                0x00000000080017c4       0x28 stm32g431kb THUMB Debug/Drv.o
                0x00000000080017c4                Drv::setClockEn(bool)
 .text._ZN3Drv8setIntEnEb
                0x00000000080017ec       0x28 stm32g431kb THUMB Debug/Drv.o
                0x00000000080017ec                Drv::setIntEn(bool)
 .text._ZN3drv4ExtiC2EPFvbES2_
                0x0000000008001814       0x20 stm32g431kb THUMB Debug/drv_exti_not_support.o
                0x0000000008001814                drv::Exti::Exti(void (*)(bool), void (*)(bool))
                0x0000000008001814                drv::Exti::Exti(void (*)(bool), void (*)(bool))
 .text._Z41__static_initialization_and_destruction_0ii
                0x0000000008001834       0x30 stm32g431kb THUMB Debug/drv_exti_not_support.o
 .text._GLOBAL__sub_I_exti
                0x0000000008001864        0xe stm32g431kb THUMB Debug/drv_exti_not_support.o
 *fill*         0x0000000008001872        0x2 
 .text._ZN3drv5Flash10setLatencyEjh
                0x0000000008001874      0x120 stm32g431kb THUMB Debug/drv_flash_st_type_D.o
                0x0000000008001874                drv::Flash::setLatency(unsigned int, unsigned char)
 .text._ZN3drv5Flash13setPrefetchEnEb
                0x0000000008001994       0x38 stm32g431kb THUMB Debug/drv_flash_st_type_D.o
                0x0000000008001994                drv::Flash::setPrefetchEn(bool)
 .text._ZN3drv5Flash11setDCacheEnEb
                0x00000000080019cc       0x38 stm32g431kb THUMB Debug/drv_flash_st_type_D.o
                0x00000000080019cc                drv::Flash::setDCacheEn(bool)
 .text._ZN3drv5Flash11setICacheEnEb
                0x0000000008001a04       0x38 stm32g431kb THUMB Debug/drv_flash_st_type_D.o
                0x0000000008001a04                drv::Flash::setICacheEn(bool)
 .text._Z11setGpioModeP12GPIO_TypeDefhh
                0x0000000008001a3c       0x5e stm32g431kb THUMB Debug/drv_gpio_st_type_A.o
                0x0000000008001a3c                setGpioMode(GPIO_TypeDef*, unsigned char, unsigned char)
 .text._Z13setGpioOspeedP12GPIO_TypeDefhh
                0x0000000008001a9a       0x62 stm32g431kb THUMB Debug/drv_gpio_st_type_A.o
                0x0000000008001a9a                setGpioOspeed(GPIO_TypeDef*, unsigned char, unsigned char)
 .text._Z12setGpioOtypeP12GPIO_TypeDefhh
                0x0000000008001afc       0x4a stm32g431kb THUMB Debug/drv_gpio_st_type_A.o
                0x0000000008001afc                setGpioOtype(GPIO_TypeDef*, unsigned char, unsigned char)
 *fill*         0x0000000008001b46        0x2 
 .text._ZL15setGpioAClockEnb
                0x0000000008001b48       0x24 stm32g431kb THUMB Debug/drv_gpio_st_type_A.o
 .text._ZL15setGpioBClockEnb
                0x0000000008001b6c       0x24 stm32g431kb THUMB Debug/drv_gpio_st_type_A.o
 .text._ZL15setGpioDClockEnb
                0x0000000008001b90       0x24 stm32g431kb THUMB Debug/drv_gpio_st_type_A.o
 .text._ZL15setGpioEClockEnb
                0x0000000008001bb4       0x24 stm32g431kb THUMB Debug/drv_gpio_st_type_A.o
 .text._ZL15setGpioFClockEnb
                0x0000000008001bd8       0x24 stm32g431kb THUMB Debug/drv_gpio_st_type_A.o
 .text._ZL15setGpioGClockEnb
                0x0000000008001bfc       0x24 stm32g431kb THUMB Debug/drv_gpio_st_type_A.o
 .text._ZN3drv4GpioC2EP12GPIO_TypeDefPFvbES4_h
                0x0000000008001c20       0x30 stm32g431kb THUMB Debug/drv_gpio_st_type_A.o
                0x0000000008001c20                drv::Gpio::Gpio(GPIO_TypeDef*, void (*)(bool), void (*)(bool), unsigned char)
                0x0000000008001c20                drv::Gpio::Gpio(GPIO_TypeDef*, void (*)(bool), void (*)(bool), unsigned char)
 .text._ZN3drv4Gpio11setToOutputEhhb
                0x0000000008001c50       0x5a stm32g431kb THUMB Debug/drv_gpio_st_type_A.o
                0x0000000008001c50                drv::Gpio::setToOutput(unsigned char, unsigned char, bool)
 .text._ZN3drv4Gpio9setOutputEhb
                0x0000000008001caa       0x56 stm32g431kb THUMB Debug/drv_gpio_st_type_A.o
                0x0000000008001caa                drv::Gpio::setOutput(unsigned char, bool)
 .text._Z41__static_initialization_and_destruction_0ii
                0x0000000008001d00       0xe0 stm32g431kb THUMB Debug/drv_gpio_st_type_A.o
 .text._GLOBAL__sub_I_gpioA
                0x0000000008001de0        0xe stm32g431kb THUMB Debug/drv_gpio_st_type_A.o
 *fill*         0x0000000008001dee        0x2 
 .text._ZN3drv12setNvicIntEnEhb
                0x0000000008001df0       0x34 stm32g431kb THUMB Debug/drv_nvic_st_type_C.o
                0x0000000008001df0                drv::setNvicIntEn(unsigned char, bool)
 .text._ZN3drv4NvicC2EPFvbES2_
                0x0000000008001e24       0x20 stm32g431kb THUMB Debug/drv_nvic_st_type_C.o
                0x0000000008001e24                drv::Nvic::Nvic(void (*)(bool), void (*)(bool))
                0x0000000008001e24                drv::Nvic::Nvic(void (*)(bool), void (*)(bool))
 .text._ZN3drv4Nvic11setTimer1EnEb
                0x0000000008001e44       0x20 stm32g431kb THUMB Debug/drv_nvic_st_type_C.o
                0x0000000008001e44                drv::Nvic::setTimer1En(bool)
 .text._ZN3drv4Nvic11setTimer2EnEb
                0x0000000008001e64       0x20 stm32g431kb THUMB Debug/drv_nvic_st_type_C.o
                0x0000000008001e64                drv::Nvic::setTimer2En(bool)
 .text._ZN3drv4Nvic9setCan1EnEb
                0x0000000008001e84       0x2c stm32g431kb THUMB Debug/drv_nvic_st_type_C.o
                0x0000000008001e84                drv::Nvic::setCan1En(bool)
 .text._Z41__static_initialization_and_destruction_0ii
                0x0000000008001eb0       0x30 stm32g431kb THUMB Debug/drv_nvic_st_type_C.o
 .text._GLOBAL__sub_I_nvic
                0x0000000008001ee0        0xe stm32g431kb THUMB Debug/drv_nvic_st_type_C.o
 *fill*         0x0000000008001eee        0x2 
 .text._ZL10setClockEnb
                0x0000000008001ef0       0x24 stm32g431kb THUMB Debug/drv_syscfg_st_type_A.o
 .text._ZN3drv6SyscfgC2EPFvbES2_
                0x0000000008001f14       0x20 stm32g431kb THUMB Debug/drv_syscfg_st_type_A.o
                0x0000000008001f14                drv::Syscfg::Syscfg(void (*)(bool), void (*)(bool))
                0x0000000008001f14                drv::Syscfg::Syscfg(void (*)(bool), void (*)(bool))
 .text._Z41__static_initialization_and_destruction_0ii
                0x0000000008001f34       0x34 stm32g431kb THUMB Debug/drv_syscfg_st_type_A.o
 .text._GLOBAL__sub_I_syscfg
                0x0000000008001f68        0xe stm32g431kb THUMB Debug/drv_syscfg_st_type_A.o
 *fill*         0x0000000008001f76        0x2 
 .text._ZL19getTimerApb2ClkFreqv
                0x0000000008001f78       0x14 stm32g431kb THUMB Debug/drv_timer_st_type_A.o
 .text._ZL19getTimerApb1ClkFreqv
                0x0000000008001f8c       0x14 stm32g431kb THUMB Debug/drv_timer_st_type_A.o
 .text._ZL14setTim1ClockEnb
                0x0000000008001fa0       0x24 stm32g431kb THUMB Debug/drv_timer_st_type_A.o
 .text._ZL12setTim1IntEnb
                0x0000000008001fc4       0x24 stm32g431kb THUMB Debug/drv_timer_st_type_A.o
 .text.TIM1_UP_TIM16_IRQHandler
                0x0000000008001fe8       0x40 stm32g431kb THUMB Debug/drv_timer_st_type_A.o
                0x0000000008001fe8                TIM1_UP_TIM16_IRQHandler
 .text.TIM1_CC_IRQHandler
                0x0000000008002028        0x4 stm32g431kb THUMB Debug/drv_timer_st_type_A.o
                0x0000000008002028                TIM1_CC_IRQHandler
 .text._ZL14setTim2ClockEnb
                0x000000000800202c       0x24 stm32g431kb THUMB Debug/drv_timer_st_type_A.o
 .text._ZL12setTim2IntEnb
                0x0000000008002050       0x24 stm32g431kb THUMB Debug/drv_timer_st_type_A.o
 .text.TIM2_IRQHandler
                0x0000000008002074       0x40 stm32g431kb THUMB Debug/drv_timer_st_type_A.o
                0x0000000008002074                TIM2_IRQHandler
 .text._ZN3drv5TimerC2EP11TIM_TypeDefPFvbES4_PFjvE
                0x00000000080020b4       0x5a stm32g431kb THUMB Debug/drv_timer_st_type_A.o
                0x00000000080020b4                drv::Timer::Timer(TIM_TypeDef*, void (*)(bool), void (*)(bool), unsigned int (*)())
                0x00000000080020b4                drv::Timer::Timer(TIM_TypeDef*, void (*)(bool), void (*)(bool), unsigned int (*)())
 *fill*         0x000000000800210e        0x2 
 .text._ZN3drv5Timer14initSystemTimeEv
                0x0000000008002110       0x50 stm32g431kb THUMB Debug/drv_timer_st_type_A.o
                0x0000000008002110                drv::Timer::initSystemTime()
 .text._ZN3drv5Timer4initEj
                0x0000000008002160       0x44 stm32g431kb THUMB Debug/drv_timer_st_type_A.o
                0x0000000008002160                drv::Timer::init(unsigned int)
 .text._ZN3drv5Timer14setUpdateIntEnEb
                0x00000000080021a4       0x3a stm32g431kb THUMB Debug/drv_timer_st_type_A.o
                0x00000000080021a4                drv::Timer::setUpdateIntEn(bool)
 .text._ZN3drv5Timer5startEv
                0x00000000080021de       0x1a stm32g431kb THUMB Debug/drv_timer_st_type_A.o
                0x00000000080021de                drv::Timer::start()
 .text._ZN3drv5Timer15getCounterValueEv
                0x00000000080021f8       0x10 stm32g431kb THUMB Debug/drv_timer_st_type_A.o
                0x00000000080021f8                drv::Timer::getCounterValue()
 .text._ZN3drv5Timer16getOverFlowCountEv
                0x0000000008002208        0xe stm32g431kb THUMB Debug/drv_timer_st_type_A.o
                0x0000000008002208                drv::Timer::getOverFlowCount()
 .text._ZN3drv5Timer12getClockFreqEv
                0x0000000008002216       0x16 stm32g431kb THUMB Debug/drv_timer_st_type_A.o
                0x0000000008002216                drv::Timer::getClockFreq()
 .text._ZN3drv5Timer12setUpdateIsrEPFvvE
                0x000000000800222c       0x12 stm32g431kb THUMB Debug/drv_timer_st_type_A.o
                0x000000000800222c                drv::Timer::setUpdateIsr(void (*)())
 .text._ZN3drv5Timer9isrUpdateEv
                0x000000000800223e       0x2c stm32g431kb THUMB Debug/drv_timer_st_type_A.o
                0x000000000800223e                drv::Timer::isrUpdate()
 *fill*         0x000000000800226a        0x2 
 .text._Z41__static_initialization_and_destruction_0ii
                0x000000000800226c       0x68 stm32g431kb THUMB Debug/drv_timer_st_type_A.o
 .text._GLOBAL__sub_I_timer1
                0x00000000080022d4        0xe stm32g431kb THUMB Debug/drv_timer_st_type_A.o
 .text.SystemInit
                0x00000000080022e2        0xe stm32g431kb THUMB Debug/msp_default.o
                0x00000000080022e2                SystemInit
 .text._Z10initSystemv
                0x00000000080022f0       0xe4 stm32g431kb THUMB Debug/msp_stm32g4xx.o
                0x00000000080022f0                initSystem()
 .text          0x00000000080023d4       0x6a stm32g431kb THUMB Debug/yss_context_switching.o
                0x00000000080023d4                SysTick_Handler
                0x00000000080023e6                PendSV_Handler
                0x0000000008002428                yield
 *fill*         0x000000000800243e        0x2 
 .text._ZN5Mutex4initEv
                0x0000000008002440       0x14 stm32g431kb THUMB Debug/yss_Mutex.o
                0x0000000008002440                Mutex::init()
 .text._ZN5MutexC2Ev
                0x0000000008002454       0x18 stm32g431kb THUMB Debug/yss_Mutex.o
                0x0000000008002454                Mutex::Mutex()
                0x0000000008002454                Mutex::Mutex()
 .text._ZN5Mutex4lockEv
                0x000000000800246c       0x46 stm32g431kb THUMB Debug/yss_Mutex.o
                0x000000000800246c                Mutex::lock()
 *fill*         0x00000000080024b2        0x2 
 .text._ZN5Mutex6unlockEv
                0x00000000080024b4       0x4c stm32g431kb THUMB Debug/yss_Mutex.o
                0x00000000080024b4                Mutex::unlock()
 .text._Z13initSchedulerv
                0x0000000008002500       0x30 stm32g431kb THUMB Debug/yss_scheduler.o
                0x0000000008002500                initScheduler()
 .text._Z11cleanupTaskv
                0x0000000008002530      0x144 stm32g431kb THUMB Debug/yss_scheduler.o
                0x0000000008002530                cleanupTask()
 .text._ZN6thread3addEPFvPvES0_i
                0x0000000008002674      0x230 stm32g431kb THUMB Debug/yss_scheduler.o
                0x0000000008002674                thread::add(void (*)(void*), void*, int)
 .text._ZN6thread3addEPFvvEi
                0x00000000080028a4       0x1c stm32g431kb THUMB Debug/yss_scheduler.o
                0x00000000080028a4                thread::add(void (*)(), int)
 .text._ZN6thread6removeEi
                0x00000000080028c0       0xf4 stm32g431kb THUMB Debug/yss_scheduler.o
                0x00000000080028c0                thread::remove(int)
 .text._ZN6thread7protectEv
                0x00000000080029b4       0x48 stm32g431kb THUMB Debug/yss_scheduler.o
                0x00000000080029b4                thread::protect()
 .text._ZN6thread9unprotectEv
                0x00000000080029fc       0x48 stm32g431kb THUMB Debug/yss_scheduler.o
                0x00000000080029fc                thread::unprotect()
 .text._ZN6thread15terminateThreadEv
                0x0000000008002a44       0x2c stm32g431kb THUMB Debug/yss_scheduler.o
                0x0000000008002a44                thread::terminateThread()
 .text._ZN6thread7delayUsEj
                0x0000000008002a70       0x42 stm32g431kb THUMB Debug/yss_scheduler.o
                0x0000000008002a70                thread::delayUs(unsigned int)
 *fill*         0x0000000008002ab2        0x2 
 .text._ZN7trigger3addEPFvPvES0_i
                0x0000000008002ab4      0x184 stm32g431kb THUMB Debug/yss_scheduler.o
                0x0000000008002ab4                trigger::add(void (*)(void*), void*, int)
 .text._ZN7trigger3addEPFvvEi
                0x0000000008002c38       0x1c stm32g431kb THUMB Debug/yss_scheduler.o
                0x0000000008002c38                trigger::add(void (*)(), int)
 .text._ZN7trigger3runEi
                0x0000000008002c54       0xc0 stm32g431kb THUMB Debug/yss_scheduler.o
                0x0000000008002c54                trigger::run(int)
 .text._ZN7trigger19activeTriggerThreadEi
                0x0000000008002d14      0x134 stm32g431kb THUMB Debug/yss_scheduler.o
                0x0000000008002d14                trigger::activeTriggerThread(int)
 .text._ZN7trigger7disableEv
                0x0000000008002e48       0x4c stm32g431kb THUMB Debug/yss_scheduler.o
                0x0000000008002e48                trigger::disable()
 .text.getNextContext
                0x0000000008002e94      0x144 stm32g431kb THUMB Debug/yss_scheduler.o
                0x0000000008002e94                getNextContext
 .text._Z41__static_initialization_and_destruction_0ii
                0x0000000008002fd8       0x2c stm32g431kb THUMB Debug/yss_scheduler.o
 .text._GLOBAL__sub_I__Z13initSchedulerv
                0x0000000008003004        0xe stm32g431kb THUMB Debug/yss_scheduler.o
 *fill*         0x0000000008003012        0x2 
 .text._Z7hmallocm
                0x0000000008003014       0x68 stm32g431kb THUMB Debug/yss_hmalloc.o
                0x0000000008003014                hmalloc(unsigned long)
 .text._Z5hfreePv
                0x000000000800307c       0x64 stm32g431kb THUMB Debug/yss_hmalloc.o
                0x000000000800307c                hfree(void*)
 .text.__NVIC_SetPriority
                0x00000000080030e0       0x50 stm32g431kb THUMB Debug/yss_init.o
 .text.SysTick_Config
                0x0000000008003130       0x40 stm32g431kb THUMB Debug/yss_init.o
 .text._ZN3yss9initCheapEv
                0x0000000008003170        0x4 stm32g431kb THUMB Debug/yss_init.o
                0x0000000008003170                yss::initCheap()
 .text._ZN3yss4initEv
                0x0000000008003174       0x7c stm32g431kb THUMB Debug/yss_init.o
                0x0000000008003174                yss::init()
 .text._ZN6Malloc6mallocERNS_9MallocSetEm
                0x00000000080031f0      0x1f2 stm32g431kb THUMB Debug/yss_malloc.o
                0x00000000080031f0                Malloc::malloc(Malloc::MallocSet&, unsigned long)
 .text._ZN6Malloc4freeERNS_9MallocSetEPv
                0x00000000080033e2       0xea stm32g431kb THUMB Debug/yss_malloc.o
                0x00000000080033e2                Malloc::free(Malloc::MallocSet&, void*)
 .text._ZN3KeyD2Ev
                0x00000000080034cc       0x22 stm32g431kb THUMB Debug/yss_key.o
                0x00000000080034cc                Key::~Key()
                0x00000000080034cc                Key::~Key()
 *fill*         0x00000000080034ee        0x2 
 .text.__tcf_0  0x00000000080034f0       0x20 stm32g431kb THUMB Debug/yss_key.o
 .text._Z41__static_initialization_and_destruction_0ii
                0x0000000008003510       0x34 stm32g431kb THUMB Debug/yss_key.o
 .text._GLOBAL__sub_I__ZN3key11gHandlerCntE
                0x0000000008003544        0xe stm32g431kb THUMB Debug/yss_key.o
 *fill*         0x0000000008003552        0x2 
 .text._ZL3isrv
                0x0000000008003554       0x2c stm32g431kb THUMB Debug/yss_time.o
 .text._Z14initSystemTimev
                0x0000000008003580       0x44 stm32g431kb THUMB Debug/yss_time.o
                0x0000000008003580                initSystemTime()
 .text._ZN4time14getRunningUsecEv
                0x00000000080035c4       0x74 stm32g431kb THUMB Debug/yss_time.o
                0x00000000080035c4                time::getRunningUsec()
 .text.libc.atexit
                0x0000000008003638       0x24 /usr/share/crossworks_for_arm_4.7/lib/libc_v7em_t_le_eabi.a(libc2.o)
                0x0000000008003638                atexit
 .text.libc.__aeabi_atexit
                0x000000000800365c        0xa /usr/share/crossworks_for_arm_4.7/lib/libc_v7em_t_le_eabi.a(libc2.o)
                0x000000000800365c                __aeabi_atexit
 .text.libdebugio.__debug_io_lock
                0x0000000008003666        0x2 /usr/share/crossworks_for_arm_4.7/lib/libdebugio_v7em_t_le_eabi.a(libdebugio.o)
                0x0000000008003666                __debug_io_lock
 .text.libdebugio.__debug_io_unlock
                0x0000000008003668        0x2 /usr/share/crossworks_for_arm_4.7/lib/libdebugio_v7em_t_le_eabi.a(libdebugio.o)
                0x0000000008003668                __debug_io_unlock
 .text.libc.debug_printf
                0x000000000800366a       0x12 /usr/share/crossworks_for_arm_4.7/lib/libdebugio_v7em_t_le_eabi.a(libdebugio_asm.o)
                0x000000000800366a                debug_printf
 .text.libdebugio.__do_debug_operation_mempoll
                0x000000000800367c       0x30 /usr/share/crossworks_for_arm_4.7/lib/libdebugio_v7em_t_le_eabi.a(mempoll_debug_operations.o)
                0x000000000800367c                __do_debug_operation_mempoll
                0x00000000080036ac                __text_end__ = (__text_start__ + SIZEOF (.text))
                0x00000000000032d8                __text_size__ = SIZEOF (.text)
                0x00000000080036ac                __text_load_end__ = __text_end__

.vfp11_veneer   0x0000000100000000        0x0
 .vfp11_veneer  0x0000000100000000        0x0 linker stubs

.v4_bx          0x0000000100000000        0x0
 .v4_bx         0x0000000100000000        0x0 linker stubs

.iplt           0x0000000100000000        0x0
 .iplt          0x0000000100000000        0x0 stm32g431kb THUMB Debug/main.o
                0x0000000000000001                . = ASSERT (((__text_start__ == __text_end__) || ((__text_end__ - __FLASH_segment_start__) <= __FLASH_segment_size__)), error: .text is too large to fit in FLASH memory segment)
                0x00000000080036ac                __dtors_load_start__ = ALIGN (__text_end__, 0x4)

.dtors          0x00000000080036ac        0x0
                0x00000000080036ac                __dtors_start__ = .
 *(SORT_BY_NAME(.dtors.*))
 *(.dtors)
 *(.fini_array)
 *(SORT_BY_NAME(.fini_array.*))
                0x00000000080036ac                __dtors_end__ = (__dtors_start__ + SIZEOF (.dtors))
                0x0000000000000000                __dtors_size__ = SIZEOF (.dtors)
                0x00000000080036ac                __dtors_load_end__ = __dtors_end__
                0x0000000000000001                . = ASSERT (((__dtors_start__ == __dtors_end__) || ((__dtors_end__ - __FLASH_segment_start__) <= __FLASH_segment_size__)), error: .dtors is too large to fit in FLASH memory segment)
                0x00000000080036ac                __ctors_load_start__ = ALIGN (__dtors_end__, 0x4)

.ctors          0x00000000080036ac       0x24
                0x00000000080036ac                __ctors_start__ = .
 *(SORT_BY_NAME(.ctors.*))
 *(.ctors)
 *(.init_array)
 .init_array    0x00000000080036ac        0x4 stm32g431kb THUMB Debug/drv_can_st_type_B.o
 .init_array    0x00000000080036b0        0x4 stm32g431kb THUMB Debug/drv_dma_st_type_C.o
 .init_array    0x00000000080036b4        0x4 stm32g431kb THUMB Debug/drv_exti_not_support.o
 .init_array    0x00000000080036b8        0x4 stm32g431kb THUMB Debug/drv_gpio_st_type_A.o
 .init_array    0x00000000080036bc        0x4 stm32g431kb THUMB Debug/drv_nvic_st_type_C.o
 .init_array    0x00000000080036c0        0x4 stm32g431kb THUMB Debug/drv_syscfg_st_type_A.o
 .init_array    0x00000000080036c4        0x4 stm32g431kb THUMB Debug/drv_timer_st_type_A.o
 .init_array    0x00000000080036c8        0x4 stm32g431kb THUMB Debug/yss_scheduler.o
 .init_array    0x00000000080036cc        0x4 stm32g431kb THUMB Debug/yss_key.o
 *(SORT_BY_NAME(.init_array.*))
                0x00000000080036d0                __ctors_end__ = (__ctors_start__ + SIZEOF (.ctors))
                0x0000000000000024                __ctors_size__ = SIZEOF (.ctors)
                0x00000000080036d0                __ctors_load_end__ = __ctors_end__
                0x0000000000000001                . = ASSERT (((__ctors_start__ == __ctors_end__) || ((__ctors_end__ - __FLASH_segment_start__) <= __FLASH_segment_size__)), error: .ctors is too large to fit in FLASH memory segment)
                0x00000000080036d0                __rodata_load_start__ = ALIGN (__ctors_end__, 0x4)

.rodata         0x00000000080036d0      0xa53
                0x00000000080036d0                __rodata_start__ = .
 *(.rodata .rodata.* .gnu.linkonce.r.*)
 .rodata._ZN3drvL8gPpreDivE
                0x00000000080036d0       0x20 stm32g431kb THUMB Debug/drv_clock_st_type_D.o
 .rodata._ZN3drvL8gHpreDivE
                0x00000000080036f0       0x40 stm32g431kb THUMB Debug/drv_clock_st_type_D.o
 .rodata        0x0000000008003730      0x9f3 stm32g431kb THUMB Debug/drv_clock_st_type_D.o
                0x0000000008004123                __rodata_end__ = (__rodata_start__ + SIZEOF (.rodata))
                0x0000000000000a53                __rodata_size__ = SIZEOF (.rodata)
                0x0000000008004123                __rodata_load_end__ = __rodata_end__

.rel.dyn        0x0000000008000000        0x0
 .rel.iplt      0x0000000008000000        0x0 stm32g431kb THUMB Debug/main.o
                0x0000000000000001                . = ASSERT (((__rodata_start__ == __rodata_end__) || ((__rodata_end__ - __FLASH_segment_start__) <= __FLASH_segment_size__)), error: .rodata is too large to fit in FLASH memory segment)
                0x0000000008004124                __ARM.exidx_load_start__ = ALIGN (__rodata_end__, 0x4)

.ARM.exidx      0x0000000008004124        0x0
                0x0000000008004124                __ARM.exidx_start__ = .
                0x0000000008004124                __exidx_start = __ARM.exidx_start__
 *(.ARM.exidx .ARM.exidx.*)
                0x0000000008004124                __ARM.exidx_end__ = (__ARM.exidx_start__ + SIZEOF (.ARM.exidx))
                0x0000000000000000                __ARM.exidx_size__ = SIZEOF (.ARM.exidx)
                0x0000000008004124                __exidx_end = __ARM.exidx_end__
                0x0000000008004124                __ARM.exidx_load_end__ = __ARM.exidx_end__
                0x0000000000000001                . = ASSERT (((__ARM.exidx_start__ == __ARM.exidx_end__) || ((__ARM.exidx_end__ - __FLASH_segment_start__) <= __FLASH_segment_size__)), error: .ARM.exidx is too large to fit in FLASH memory segment)
                0x0000000008004124                __fast_load_start__ = ALIGN (__ARM.exidx_end__, 0x4)

.fast           0x0000000020000000        0x0 load address 0x0000000008004124
                0x0000000020000000                __fast_start__ = .
 *(.fast .fast.*)
                0x0000000020000000                __fast_end__ = (__fast_start__ + SIZEOF (.fast))
                0x0000000000000000                __fast_size__ = SIZEOF (.fast)
                0x0000000008004124                __fast_load_end__ = (__fast_load_start__ + SIZEOF (.fast))
                0x0000000000000001                . = ASSERT (((__fast_load_start__ == __fast_load_end__) || ((__fast_load_end__ - __FLASH_segment_start__) <= __FLASH_segment_size__)), error: .fast is too large to fit in FLASH memory segment)

.fast_run       0x0000000020000000        0x0
                0x0000000020000000                __fast_run_start__ = .
                0x0000000020000000                . = MAX ((__fast_run_start__ + SIZEOF (.fast)), .)
                0x0000000020000000                __fast_run_end__ = (__fast_run_start__ + SIZEOF (.fast_run))
                0x0000000000000000                __fast_run_size__ = SIZEOF (.fast_run)
                0x0000000020000000                __fast_run_load_end__ = __fast_run_end__
                0x0000000000000001                . = ASSERT (((__fast_run_start__ == __fast_run_end__) || ((__fast_run_end__ - __RAM_segment_start__) <= __RAM_segment_size__)), error: .fast_run is too large to fit in RAM memory segment)
                0x0000000008004124                __data_load_start__ = ALIGN ((__fast_load_start__ + SIZEOF (.fast)), 0x4)

.data           0x0000000020000000       0x3c load address 0x0000000008004124
                0x0000000020000000                __data_start__ = .
 *(.data .data.* .gnu.linkonce.d.*)
 .data.gRxFifo0
                0x0000000020000000        0xc stm32g431kb THUMB Debug/drv_can_st_type_B.o
                0x0000000020000000                gRxFifo0
 .data._ZL12gNumOfThread
                0x000000002000000c        0x2 stm32g431kb THUMB Debug/yss_scheduler.o
 *fill*         0x000000002000000e        0x2 
 .data._ZL10gMallocSet
                0x0000000020000010       0x1c stm32g431kb THUMB Debug/yss_hmalloc.o
 *fill*         0x000000002000002c        0x4 
 .data.gYssTimeSum
                0x0000000020000030        0x8 stm32g431kb THUMB Debug/yss_time.o
                0x0000000020000030                gYssTimeSum
 .data.gOverFlowCnt
                0x0000000020000038        0x4 stm32g431kb THUMB Debug/yss_time.o
                0x0000000020000038                gOverFlowCnt
                0x000000002000003c                __data_end__ = (__data_start__ + SIZEOF (.data))
                0x000000000000003c                __data_size__ = SIZEOF (.data)
                0x0000000008004160                __data_load_end__ = (__data_load_start__ + SIZEOF (.data))

.igot.plt       0x0000000100000000        0x0
 .igot.plt      0x0000000100000000        0x0 stm32g431kb THUMB Debug/main.o
                0x0000000000000001                . = ASSERT (((__data_load_start__ == __data_load_end__) || ((__data_load_end__ - __FLASH_segment_start__) <= __FLASH_segment_size__)), error: .data is too large to fit in FLASH memory segment)

.data_run       0x0000000020000000       0x3c load address 0x0000000008004124
                0x0000000020000000                __data_run_start__ = .
                0x000000002000003c                . = MAX ((__data_run_start__ + SIZEOF (.data)), .)
 *fill*         0x0000000020000000       0x3c 
                0x000000002000003c                __data_run_end__ = (__data_run_start__ + SIZEOF (.data_run))
                0x000000000000003c                __data_run_size__ = SIZEOF (.data_run)
                0x000000002000003c                __data_run_load_end__ = __data_run_end__
                0x0000000000000001                . = ASSERT (((__data_run_start__ == __data_run_end__) || ((__data_run_end__ - __RAM_segment_start__) <= __RAM_segment_size__)), error: .data_run is too large to fit in RAM memory segment)
                0x000000002000003c                __bss_load_start__ = ALIGN (__data_run_end__, 0x4)

.bss            0x000000002000003c     0x2d84
                0x000000002000003c                __bss_start__ = .
 *(.bss .bss.* .gnu.linkonce.b.*)
 .bss.gTriggerId
                0x000000002000003c        0x4 stm32g431kb THUMB Debug/main.o
                0x000000002000003c                gTriggerId
 .bss.can1      0x0000000020000040       0x50 stm32g431kb THUMB Debug/drv_can_st_type_B.o
                0x0000000020000040                can1
 .bss.gRxFifoIndex0
                0x0000000020000090        0x1 stm32g431kb THUMB Debug/drv_can_st_type_B.o
                0x0000000020000090                gRxFifoIndex0
 *fill*         0x0000000020000091        0x3 
 .bss.clock     0x0000000020000094        0x2 stm32g431kb THUMB Debug/drv_clock_st_type_D.o
                0x0000000020000094                clock
 *fill*         0x0000000020000096        0x2 
 .bss.dma       0x0000000020000098       0x14 stm32g431kb THUMB Debug/drv_dma_st_type_C.o
                0x0000000020000098                dma
 .bss.exti      0x00000000200000ac       0x14 stm32g431kb THUMB Debug/drv_exti_not_support.o
                0x00000000200000ac                exti
 .bss.flash     0x00000000200000c0        0x1 stm32g431kb THUMB Debug/drv_flash_st_type_D.o
                0x00000000200000c0                flash
 *fill*         0x00000000200000c1        0x3 
 .bss.gpioA     0x00000000200000c4       0x1c stm32g431kb THUMB Debug/drv_gpio_st_type_A.o
                0x00000000200000c4                gpioA
 .bss.gpioB     0x00000000200000e0       0x1c stm32g431kb THUMB Debug/drv_gpio_st_type_A.o
                0x00000000200000e0                gpioB
 .bss.gpioC     0x00000000200000fc       0x1c stm32g431kb THUMB Debug/drv_gpio_st_type_A.o
                0x00000000200000fc                gpioC
 .bss.gpioD     0x0000000020000118       0x1c stm32g431kb THUMB Debug/drv_gpio_st_type_A.o
                0x0000000020000118                gpioD
 .bss.gpioE     0x0000000020000134       0x1c stm32g431kb THUMB Debug/drv_gpio_st_type_A.o
                0x0000000020000134                gpioE
 .bss.gpioF     0x0000000020000150       0x1c stm32g431kb THUMB Debug/drv_gpio_st_type_A.o
                0x0000000020000150                gpioF
 .bss.gpioG     0x000000002000016c       0x1c stm32g431kb THUMB Debug/drv_gpio_st_type_A.o
                0x000000002000016c                gpioG
 .bss.nvic      0x0000000020000188       0x14 stm32g431kb THUMB Debug/drv_nvic_st_type_C.o
                0x0000000020000188                nvic
 .bss.syscfg    0x000000002000019c       0x14 stm32g431kb THUMB Debug/drv_syscfg_st_type_A.o
                0x000000002000019c                syscfg
 .bss.timer1    0x00000000200001b0       0x68 stm32g431kb THUMB Debug/drv_timer_st_type_A.o
                0x00000000200001b0                timer1
 .bss.timer2    0x0000000020000218       0x68 stm32g431kb THUMB Debug/drv_timer_st_type_A.o
                0x0000000020000218                timer2
 .bss._ZN5Mutex5mInitE
                0x0000000020000280        0x1 stm32g431kb THUMB Debug/yss_Mutex.o
                0x0000000020000280                Mutex::mInit
 *fill*         0x0000000020000281        0x3 
 .bss._ZL5gTask
                0x0000000020000284       0xe0 stm32g431kb THUMB Debug/yss_scheduler.o
 .bss._ZL16gStartingTrigger
                0x0000000020000364       0x10 stm32g431kb THUMB Debug/yss_scheduler.o
 .bss._ZL17gCurrentThreadNum
                0x0000000020000374        0x2 stm32g431kb THUMB Debug/yss_scheduler.o
 *fill*         0x0000000020000376        0x2 
 .bss._ZL6gMutex
                0x0000000020000378        0x8 stm32g431kb THUMB Debug/yss_scheduler.o
 .bss._ZL9gInitFlag
                0x0000000020000380        0x1 stm32g431kb THUMB Debug/yss_scheduler.o
 .bss._ZL12gTriggerFlag
                0x0000000020000381        0x1 stm32g431kb THUMB Debug/yss_scheduler.o
 *fill*         0x0000000020000382        0x2 
 .bss._ZL17gLastNormalThread
                0x0000000020000384        0x4 stm32g431kb THUMB Debug/yss_scheduler.o
 .bss._ZL8gCluster
                0x0000000020000388       0x14 stm32g431kb THUMB Debug/yss_hmalloc.o
 .bss._ZL5gHeap
                0x000000002000039c     0x2800 stm32g431kb THUMB Debug/yss_hmalloc.o
 .bss._ZL16gMallocDataTable
                0x0000000020002b9c      0x180 stm32g431kb THUMB Debug/yss_hmalloc.o
 .bss._ZL8gWaitNum
                0x0000000020002d1c        0x4 stm32g431kb THUMB Debug/yss_hmalloc.o
 .bss._ZL11gCurrentNum
                0x0000000020002d20        0x4 stm32g431kb THUMB Debug/yss_hmalloc.o
 .bss._ZL4gKey  0x0000000020002d24        0x0 stm32g431kb THUMB Debug/yss_key.o
 *fill*         0x0000000020002d24        0x4 
 .bss._ZN4time16gLastRequestTimeE
                0x0000000020002d28        0x8 stm32g431kb THUMB Debug/yss_time.o
                0x0000000020002d28                time::gLastRequestTime
 .bss.libc.__atexitfns
                0x0000000020002d30       0x80 /usr/share/crossworks_for_arm_4.7/lib/libc_v7em_t_le_eabi.a(libc2.o)
 .bss.libc.__dso_handle
                0x0000000020002db0        0x4 /usr/share/crossworks_for_arm_4.7/lib/libc_v7em_t_le_eabi.a(libc2.o)
                0x0000000020002db0                __dso_handle
 .bss.libc.atexitfn_count
                0x0000000020002db4        0x4 /usr/share/crossworks_for_arm_4.7/lib/libc_v7em_t_le_eabi.a(libc2.o)
 .bss.libdebugio.dbgCntrlWord_mempoll
                0x0000000020002db8        0x4 /usr/share/crossworks_for_arm_4.7/lib/libdebugio_v7em_t_le_eabi.a(mempoll_debug_operations.o)
                0x0000000020002db8                dbgCntrlWord_mempoll
 .bss.libdebugio.dbgCommWord
                0x0000000020002dbc        0x4 /usr/share/crossworks_for_arm_4.7/lib/libdebugio_v7em_t_le_eabi.a(mempoll_debug_operations.o)
                0x0000000020002dbc                dbgCommWord
 *(COMMON)
                0x0000000020002dc0                __bss_end__ = (__bss_start__ + SIZEOF (.bss))
                0x0000000000002d84                __bss_size__ = SIZEOF (.bss)
                0x0000000020002dc0                __bss_load_end__ = __bss_end__
                0x0000000000000001                . = ASSERT (((__bss_start__ == __bss_end__) || ((__bss_end__ - __RAM_segment_start__) <= __RAM_segment_size__)), error: .bss is too large to fit in RAM memory segment)
                0x0000000020002dc0                __tbss_load_start__ = ALIGN (__bss_end__, 0x4)

.tbss           0x0000000020002dc0        0x0
                0x0000000020002dc0                __tbss_start__ = .
 *(.tbss .tbss.*)
                0x0000000020002dc0                __tbss_end__ = (__tbss_start__ + SIZEOF (.tbss))
                0x0000000000000000                __tbss_size__ = SIZEOF (.tbss)
                0x0000000020002dc0                __tbss_load_end__ = __tbss_end__
                0x0000000000000001                . = ASSERT (((__tbss_start__ == __tbss_end__) || ((__tbss_end__ - __RAM_segment_start__) <= __RAM_segment_size__)), error: .tbss is too large to fit in RAM memory segment)
                0x0000000008004160                __tdata_load_start__ = ALIGN ((__data_load_start__ + SIZEOF (.data)), 0x4)

.tdata          0x0000000020002dc0        0x0 load address 0x0000000008004160
                0x0000000020002dc0                __tdata_start__ = .
 *(.tdata .tdata.*)
                0x0000000020002dc0                __tdata_end__ = (__tdata_start__ + SIZEOF (.tdata))
                0x0000000000000000                __tdata_size__ = SIZEOF (.tdata)
                0x0000000008004160                __tdata_load_end__ = (__tdata_load_start__ + SIZEOF (.tdata))
                0x0000000008004160                __FLASH_segment_used_end__ = (ALIGN ((__data_load_start__ + SIZEOF (.data)), 0x4) + SIZEOF (.tdata))
                0x0000000000004160                __FLASH_segment_used_size__ = (__FLASH_segment_used_end__ - __FLASH_segment_start__)
                0x0000000000000001                . = ASSERT (((__tdata_load_start__ == __tdata_load_end__) || ((__tdata_load_end__ - __FLASH_segment_start__) <= __FLASH_segment_size__)), error: .tdata is too large to fit in FLASH memory segment)

.tdata_run      0x0000000020002dc0        0x0
                0x0000000020002dc0                __tdata_run_start__ = .
                0x0000000020002dc0                . = MAX ((__tdata_run_start__ + SIZEOF (.tdata)), .)
                0x0000000020002dc0                __tdata_run_end__ = (__tdata_run_start__ + SIZEOF (.tdata_run))
                0x0000000000000000                __tdata_run_size__ = SIZEOF (.tdata_run)
                0x0000000020002dc0                __tdata_run_load_end__ = __tdata_run_end__
                0x0000000000000001                . = ASSERT (((__tdata_run_start__ == __tdata_run_end__) || ((__tdata_run_end__ - __RAM_segment_start__) <= __RAM_segment_size__)), error: .tdata_run is too large to fit in RAM memory segment)
                0x0000000020002dc0                __non_init_load_start__ = ALIGN (__tdata_run_end__, 0x4)

.non_init       0x0000000020002dc0       0x18
                0x0000000020002dc0                __non_init_start__ = .
 *(.non_init .non_init.*)
 .non_init      0x0000000020002dc0       0x18 stm32g431kb THUMB Debug/drv_clock_st_type_D.o
                0x0000000020002dc0                drv::gHseFreq
                0x0000000020002dc4                drv::gPllPFreq
                0x0000000020002dc8                drv::gPllQFreq
                0x0000000020002dcc                drv::gPllRFreq
                0x0000000020002dd0                drv::gSaiPllFreq
                0x0000000020002dd4                drv::gLcdPllFreq
                0x0000000020002dd8                __non_init_end__ = (__non_init_start__ + SIZEOF (.non_init))
                0x0000000000000018                __non_init_size__ = SIZEOF (.non_init)
                0x0000000020002dd8                __non_init_load_end__ = __non_init_end__
                0x0000000000000001                . = ASSERT (((__non_init_start__ == __non_init_end__) || ((__non_init_end__ - __RAM_segment_start__) <= __RAM_segment_size__)), error: .non_init is too large to fit in RAM memory segment)
                0x0000000020002dd8                __heap_load_start__ = ALIGN (__non_init_end__, 0x4)

.heap           0x0000000020002dd8        0x0
                0x0000000020002dd8                __heap_start__ = .
 *(.heap .heap.*)
                0x0000000020002dd8                . = ALIGN (MAX ((__heap_start__ + __HEAPSIZE__), .), 0x4)
                0x0000000020002dd8                __heap_end__ = (__heap_start__ + SIZEOF (.heap))
                0x0000000000000000                __heap_size__ = SIZEOF (.heap)
                0x0000000020002dd8                __heap_load_end__ = __heap_end__
                0x0000000000000001                . = ASSERT (((__heap_start__ == __heap_end__) || ((__heap_end__ - __RAM_segment_start__) <= __RAM_segment_size__)), error: .heap is too large to fit in RAM memory segment)
                0x0000000020002dd8                __stack_load_start__ = ALIGN (__heap_end__, 0x8)

.stack          0x0000000020002dd8      0x800
                0x0000000020002dd8                __stack_start__ = .
 *(.stack .stack.*)
                0x00000000200035d8                . = ALIGN (MAX ((__stack_start__ + __STACKSIZE__), .), 0x8)
 *fill*         0x0000000020002dd8      0x800 
                0x00000000200035d8                __stack_end__ = (__stack_start__ + SIZEOF (.stack))
                0x0000000000000800                __stack_size__ = SIZEOF (.stack)
                0x00000000200035d8                __stack_load_end__ = __stack_end__
                0x0000000000000001                . = ASSERT (((__stack_start__ == __stack_end__) || ((__stack_end__ - __RAM_segment_start__) <= __RAM_segment_size__)), error: .stack is too large to fit in RAM memory segment)
                0x00000000200035d8                __stack_process_load_start__ = ALIGN (__stack_end__, 0x8)

.stack_process  0x00000000200035d8      0x800
                0x00000000200035d8                __stack_process_start__ = .
 *(.stack_process .stack_process.*)
                0x0000000020003dd8                . = ALIGN (MAX ((__stack_process_start__ + __STACKSIZE_PROCESS__), .), 0x8)
 *fill*         0x00000000200035d8      0x800 
                0x0000000020003dd8                __stack_process_end__ = (__stack_process_start__ + SIZEOF (.stack_process))
                0x0000000000000800                __stack_process_size__ = SIZEOF (.stack_process)
                0x0000000020003dd8                __stack_process_load_end__ = __stack_process_end__
                0x0000000020003dd8                __RAM_segment_used_end__ = (ALIGN (__stack_end__, 0x8) + SIZEOF (.stack_process))
                0x0000000000003dd8                __RAM_segment_used_size__ = (__RAM_segment_used_end__ - __RAM_segment_start__)
                0x0000000000000001                . = ASSERT (((__stack_process_start__ == __stack_process_end__) || ((__stack_process_end__ - __RAM_segment_start__) <= __RAM_segment_size__)), error: .stack_process is too large to fit in RAM memory segment)
START GROUP
LOAD stm32g431kb THUMB Debug/main.o
LOAD stm32g431kb THUMB Debug/drv_adc_not_support.o
LOAD stm32g431kb THUMB Debug/drv_adc_st_type_A.o
LOAD stm32g431kb THUMB Debug/drv_adc_st_type_B.o
LOAD stm32g431kb THUMB Debug/drv_adc_st_type_C.o
LOAD stm32g431kb THUMB Debug/drv_can_not_support.o
LOAD stm32g431kb THUMB Debug/drv_can_st_type_A.o
LOAD stm32g431kb THUMB Debug/drv_can_st_type_B.o
LOAD stm32g431kb THUMB Debug/drv_clock_maxim_type_A.o
LOAD stm32g431kb THUMB Debug/drv_clock_maxim_type_A_peripherals.o
LOAD stm32g431kb THUMB Debug/drv_clock_microchip_type_A.o
LOAD stm32g431kb THUMB Debug/drv_clock_microchip_type_A_peripherals.o
LOAD stm32g431kb THUMB Debug/drv_clock_st_type_A.o
LOAD stm32g431kb THUMB Debug/drv_clock_st_type_A_peripherals.o
LOAD stm32g431kb THUMB Debug/drv_clock_st_type_B.o
LOAD stm32g431kb THUMB Debug/drv_clock_st_type_B_peripherals.o
LOAD stm32g431kb THUMB Debug/drv_clock_st_type_C.o
LOAD stm32g431kb THUMB Debug/drv_clock_st_type_C_peripherals.o
LOAD stm32g431kb THUMB Debug/drv_clock_st_type_D.o
LOAD stm32g431kb THUMB Debug/drv_clock_st_type_D_peripherals.o
LOAD stm32g431kb THUMB Debug/drv_dac_not_support.o
LOAD stm32g431kb THUMB Debug/drv_dac_st_type_A.o
LOAD stm32g431kb THUMB Debug/drv_dma_not_support.o
LOAD stm32g431kb THUMB Debug/drv_dma_st_type_A.o
LOAD stm32g431kb THUMB Debug/drv_dma_st_type_A_isr.o
LOAD stm32g431kb THUMB Debug/drv_dma_st_type_A_stream.o
LOAD stm32g431kb THUMB Debug/drv_dma_st_type_B.o
LOAD stm32g431kb THUMB Debug/drv_dma_st_type_B_isr.o
LOAD stm32g431kb THUMB Debug/drv_dma_st_type_B_stream.o
LOAD stm32g431kb THUMB Debug/drv_dma_st_type_C.o
LOAD stm32g431kb THUMB Debug/drv_dma_st_type_C_isr.o
LOAD stm32g431kb THUMB Debug/drv_dma_st_type_C_stream.o
LOAD stm32g431kb THUMB Debug/drv_dma2d_st_type_A.o
LOAD stm32g431kb THUMB Debug/drv_dma2d_st_type_A_argb1555.o
LOAD stm32g431kb THUMB Debug/drv_dma2d_st_type_A_mixedDraw.o
LOAD stm32g431kb THUMB Debug/drv_dma2d_st_type_A_rgb565.o
LOAD stm32g431kb THUMB Debug/drv_dma2d_st_type_A_rgb888.o
LOAD stm32g431kb THUMB Debug/Drv.o
LOAD stm32g431kb THUMB Debug/drv_exti_not_support.o
LOAD stm32g431kb THUMB Debug/drv_exti_st_type_A.o
LOAD stm32g431kb THUMB Debug/drv_flash_not_support.o
LOAD stm32g431kb THUMB Debug/drv_flash_st_type_A.o
LOAD stm32g431kb THUMB Debug/drv_flash_st_type_B.o
LOAD stm32g431kb THUMB Debug/drv_flash_st_type_C.o
LOAD stm32g431kb THUMB Debug/drv_flash_st_type_D.o
LOAD stm32g431kb THUMB Debug/drv_gpio_infineon_type_A.o
LOAD stm32g431kb THUMB Debug/drv_gpio_maxim_type_A.o
LOAD stm32g431kb THUMB Debug/drv_gpio_microchip_type_A.o
LOAD stm32g431kb THUMB Debug/drv_gpio_not_support.o
LOAD stm32g431kb THUMB Debug/drv_gpio_st_type_A.o
LOAD stm32g431kb THUMB Debug/drv_gpio_st_type_B.o
LOAD stm32g431kb THUMB Debug/drv_i2c_maxim_type_A.o
LOAD stm32g431kb THUMB Debug/drv_i2c_not_support.o
LOAD stm32g431kb THUMB Debug/drv_i2c_st_type_A.o
LOAD stm32g431kb THUMB Debug/drv_i2c_st_type_B.o
LOAD stm32g431kb THUMB Debug/drv_i2c_st_type_C.o
LOAD stm32g431kb THUMB Debug/drv_ltdc_not_support.o
LOAD stm32g431kb THUMB Debug/drv_ltdc_st_type_A.o
LOAD stm32g431kb THUMB Debug/drv_nvic_maxim_type_A.o
LOAD stm32g431kb THUMB Debug/drv_nvic_not_support.o
LOAD stm32g431kb THUMB Debug/drv_nvic_st_type_A.o
LOAD stm32g431kb THUMB Debug/drv_nvic_st_type_B.o
LOAD stm32g431kb THUMB Debug/drv_nvic_st_type_C.o
LOAD stm32g431kb THUMB Debug/drv_quadspi_st_type_A.o
LOAD stm32g431kb THUMB Debug/drv_rtc_maxim_type_A.o
LOAD stm32g431kb THUMB Debug/drv_rtc_st_type_A.o
LOAD stm32g431kb THUMB Debug/drv_sdmmc_st_type_A.o
LOAD stm32g431kb THUMB Debug/drv_sdram_st_type_A.o
LOAD stm32g431kb THUMB Debug/drv_spi_microchip_type_A.o
LOAD stm32g431kb THUMB Debug/drv_spi_not_support.o
LOAD stm32g431kb THUMB Debug/drv_spi_st_type_A.o
LOAD stm32g431kb THUMB Debug/drv_syscfg_not_support.o
LOAD stm32g431kb THUMB Debug/drv_syscfg_st_type_A.o
LOAD stm32g431kb THUMB Debug/drv_timer_maxim_type_A.o
LOAD stm32g431kb THUMB Debug/drv_timer_st_type_A.o
LOAD stm32g431kb THUMB Debug/drv_uart_maxim_type_A.o
LOAD stm32g431kb THUMB Debug/drv_uart_st_type_A.o
LOAD stm32g431kb THUMB Debug/drv_uart_st_type_B.o
LOAD stm32g431kb THUMB Debug/drv_uart_st_type_C.o
LOAD stm32g431kb THUMB Debug/drv_usbd_st_type_A.o
LOAD stm32g431kb THUMB Debug/drv_usbd_usbdata.o
LOAD stm32g431kb THUMB Debug/yss_usbd_usbdata_copy.o
LOAD stm32g431kb THUMB Debug/event_control.o
LOAD stm32g431kb THUMB Debug/Argb1555.o
LOAD stm32g431kb THUMB Debug/Brush.o
LOAD stm32g431kb THUMB Debug/Button.o
LOAD stm32g431kb THUMB Debug/CheckBox.o
LOAD stm32g431kb THUMB Debug/Container.o
LOAD stm32g431kb THUMB Debug/CpuFrameBuffer.o
LOAD stm32g431kb THUMB Debug/Font.o
LOAD stm32g431kb THUMB Debug/Frame.o
LOAD stm32g431kb THUMB Debug/FrameBuffer.o
LOAD stm32g431kb THUMB Debug/HSlider.o
LOAD stm32g431kb THUMB Debug/Label.o
LOAD stm32g431kb THUMB Debug/Object.o
LOAD stm32g431kb THUMB Debug/Panel.o
LOAD stm32g431kb THUMB Debug/RadioButton.o
LOAD stm32g431kb THUMB Debug/RatioPanel.o
LOAD stm32g431kb THUMB Debug/Rgb565.o
LOAD stm32g431kb THUMB Debug/Rgb888.o
LOAD stm32g431kb THUMB Debug/Segment.o
LOAD stm32g431kb THUMB Debug/SerialFrameBuffer.o
LOAD stm32g431kb THUMB Debug/VSlider.o
LOAD stm32g431kb THUMB Debug/mod_JLX1602A_4.o
LOAD stm32g431kb THUMB Debug/mod_ILI9341.o
LOAD stm32g431kb THUMB Debug/mod_FT5336.o
LOAD stm32g431kb THUMB Debug/mod_CAT24C256.o
LOAD stm32g431kb THUMB Debug/mod_FM24CL04B.o
LOAD stm32g431kb THUMB Debug/mod_SN74LV166A.o
LOAD stm32g431kb THUMB Debug/mod_SN74LV595A.o
LOAD stm32g431kb THUMB Debug/mod_N25Q128A1.o
LOAD stm32g431kb THUMB Debug/mod_HT1382.o
LOAD stm32g431kb THUMB Debug/mod_STMPE811.o
LOAD stm32g431kb THUMB Debug/mod_AS4C16M16SA_7TCN.o
LOAD stm32g431kb THUMB Debug/mod_IS42S16400J_7TL.o
LOAD stm32g431kb THUMB Debug/mod_MT48LC4M32B2B5_6A.o
LOAD stm32g431kb THUMB Debug/mod_MT48LC8M16A2_6A.o
LOAD stm32g431kb THUMB Debug/mod_VirtualMassStorage.o
LOAD stm32g431kb THUMB Debug/mod_RK043FN48H.o
LOAD stm32g431kb THUMB Debug/mod_RX050A_0701.o
LOAD stm32g431kb THUMB Debug/mod_SF_TC240T_9370_T.o
LOAD stm32g431kb THUMB Debug/mod_MassStorage.o
LOAD stm32g431kb THUMB Debug/mod_Printer.o
LOAD stm32g431kb THUMB Debug/msp_max32660.o
LOAD stm32g431kb THUMB Debug/msp_atsaml21.o
LOAD stm32g431kb THUMB Debug/system_saml21.o
LOAD stm32g431kb THUMB Debug/msp_default.o
LOAD stm32g431kb THUMB Debug/msp_stm32f1xx.o
LOAD stm32g431kb THUMB Debug/msp_stm32f4xx.o
LOAD stm32g431kb THUMB Debug/msp_stm32f7xx.o
LOAD stm32g431kb THUMB Debug/msp_stm32g4xx.o
LOAD stm32g431kb THUMB Debug/sac_Brush.o
LOAD stm32g431kb THUMB Debug/sac_Clcd.o
LOAD stm32g431kb THUMB Debug/sac_Comm.o
LOAD stm32g431kb THUMB Debug/sac_CpuTft.o
LOAD stm32g431kb THUMB Debug/sac_MassStorage.o
LOAD stm32g431kb THUMB Debug/sac_QuadspiFlash.o
LOAD stm32g431kb THUMB Debug/sac_Rtc.o
LOAD stm32g431kb THUMB Debug/sac_RtcCalender.o
LOAD stm32g431kb THUMB Debug/sac_Rtouch.o
LOAD stm32g431kb THUMB Debug/sac_SerialMemory.o
LOAD stm32g431kb THUMB Debug/yss_context_switching.o
LOAD stm32g431kb THUMB Debug/yss_Mutex.o
LOAD stm32g431kb THUMB Debug/yss_scheduler.o
LOAD stm32g431kb THUMB Debug/yss_memcpy.o
LOAD stm32g431kb THUMB Debug/yss_memset.o
LOAD stm32g431kb THUMB Debug/yss_memsethw.o
LOAD stm32g431kb THUMB Debug/yss_memsetw.o
LOAD stm32g431kb THUMB Debug/yss_fat32.o
LOAD stm32g431kb THUMB Debug/yss_fs.o
LOAD stm32g431kb THUMB Debug/yss_cmalloc.o
LOAD stm32g431kb THUMB Debug/yss_framebuffer.o
LOAD stm32g431kb THUMB Debug/yss_hmalloc.o
LOAD stm32g431kb THUMB Debug/yss_init.o
LOAD stm32g431kb THUMB Debug/yss_lmalloc.o
LOAD stm32g431kb THUMB Debug/yss_malloc.o
LOAD stm32g431kb THUMB Debug/yss_Fifo.o
LOAD stm32g431kb THUMB Debug/yss_functionQueue.o
LOAD stm32g431kb THUMB Debug/yss_key.o
LOAD stm32g431kb THUMB Debug/yss_Lpf.o
LOAD stm32g431kb THUMB Debug/yss_Period.o
LOAD stm32g431kb THUMB Debug/yss_Pid.o
LOAD stm32g431kb THUMB Debug/yss_time.o
LOAD stm32g431kb THUMB Debug/yss_TimeLapse.o
LOAD stm32g431kb THUMB Debug/thumb_crt0.o
LOAD stm32g431kb THUMB Debug/STM32_Startup.o
LOAD /usr/share/crossworks_for_arm_4.7/lib/libm_v7em_t_le_eabi.a
LOAD /usr/share/crossworks_for_arm_4.7/lib/libc_v7em_t_le_eabi.a
LOAD /usr/share/crossworks_for_arm_4.7/lib/libdebugio_v7em_t_le_eabi.a
LOAD /usr/share/crossworks_for_arm_4.7/lib/libcm_v7em_t_le_eabi.a
LOAD /usr/share/crossworks_for_arm_4.7/lib/libcpp_v7em_t_le_eabi.a
END GROUP
OUTPUT(stm32g431kb THUMB Debug/stm32g431kb.elf elf32-littlearm)
LOAD linker stubs

.debug_frame    0x0000000000000000     0x2bd0
 .debug_frame   0x0000000000000000       0x68 stm32g431kb THUMB Debug/main.o
 .debug_frame   0x0000000000000068       0xd0 stm32g431kb THUMB Debug/drv_adc_st_type_C.o
 .debug_frame   0x0000000000000138      0x2dc stm32g431kb THUMB Debug/drv_can_st_type_B.o
 .debug_frame   0x0000000000000414      0x278 stm32g431kb THUMB Debug/drv_clock_st_type_D.o
 .debug_frame   0x000000000000068c      0x518 stm32g431kb THUMB Debug/drv_clock_st_type_D_peripherals.o
 .debug_frame   0x0000000000000ba4       0xdc stm32g431kb THUMB Debug/drv_dma_st_type_C.o
 .debug_frame   0x0000000000000c80      0x100 stm32g431kb THUMB Debug/Drv.o
 .debug_frame   0x0000000000000d80       0xbc stm32g431kb THUMB Debug/drv_exti_not_support.o
 .debug_frame   0x0000000000000e3c       0x98 stm32g431kb THUMB Debug/drv_flash_st_type_D.o
 .debug_frame   0x0000000000000ed4      0x384 stm32g431kb THUMB Debug/drv_gpio_st_type_A.o
 .debug_frame   0x0000000000001258      0x3b4 stm32g431kb THUMB Debug/drv_nvic_st_type_C.o
 .debug_frame   0x000000000000160c       0xe4 stm32g431kb THUMB Debug/drv_syscfg_st_type_A.o
 .debug_frame   0x00000000000016f0      0x768 stm32g431kb THUMB Debug/drv_timer_st_type_A.o
 .debug_frame   0x0000000000001e58       0x3c stm32g431kb THUMB Debug/msp_default.o
 .debug_frame   0x0000000000001e94       0x38 stm32g431kb THUMB Debug/msp_stm32g4xx.o
 .debug_frame   0x0000000000001ecc      0x108 stm32g431kb THUMB Debug/yss_Mutex.o
 .debug_frame   0x0000000000001fd4      0x3a4 stm32g431kb THUMB Debug/yss_scheduler.o
 .debug_frame   0x0000000000002378       0xd8 stm32g431kb THUMB Debug/yss_hmalloc.o
 .debug_frame   0x0000000000002450       0xa0 stm32g431kb THUMB Debug/yss_init.o
 .debug_frame   0x00000000000024f0       0x50 stm32g431kb THUMB Debug/yss_malloc.o
 .debug_frame   0x0000000000002540      0x5b0 stm32g431kb THUMB Debug/yss_key.o
 .debug_frame   0x0000000000002af0       0xe0 stm32g431kb THUMB Debug/yss_time.o

.debug_info     0x0000000000000000    0x37337
 .debug_info    0x0000000000000000     0x306b stm32g431kb THUMB Debug/main.o
 .debug_info    0x000000000000306b     0x337a stm32g431kb THUMB Debug/drv_adc_st_type_C.o
 .debug_info    0x00000000000063e5     0x35bc stm32g431kb THUMB Debug/drv_can_st_type_B.o
 .debug_info    0x00000000000099a1     0x3d6c stm32g431kb THUMB Debug/drv_clock_st_type_D.o
 .debug_info    0x000000000000d70d     0x398c stm32g431kb THUMB Debug/drv_clock_st_type_D_peripherals.o
 .debug_info    0x0000000000011099     0x3095 stm32g431kb THUMB Debug/drv_dma_st_type_C.o
 .debug_info    0x000000000001412e      0x3c2 stm32g431kb THUMB Debug/Drv.o
 .debug_info    0x00000000000144f0     0x2b9e stm32g431kb THUMB Debug/drv_exti_not_support.o
 .debug_info    0x000000000001708e     0x2c9a stm32g431kb THUMB Debug/drv_flash_st_type_D.o
 .debug_info    0x0000000000019d28     0x379b stm32g431kb THUMB Debug/drv_gpio_st_type_A.o
 .debug_info    0x000000000001d4c3     0x37ec stm32g431kb THUMB Debug/drv_nvic_st_type_C.o
 .debug_info    0x0000000000020caf     0x2fcb stm32g431kb THUMB Debug/drv_syscfg_st_type_A.o
 .debug_info    0x0000000000023c7a     0x3d4e stm32g431kb THUMB Debug/drv_timer_st_type_A.o
 .debug_info    0x00000000000279c8     0x2916 stm32g431kb THUMB Debug/msp_default.o
 .debug_info    0x000000000002a2de     0x308f stm32g431kb THUMB Debug/msp_stm32g4xx.o
 .debug_info    0x000000000002d36d       0x26 stm32g431kb THUMB Debug/yss_context_switching.o
 .debug_info    0x000000000002d393      0x467 stm32g431kb THUMB Debug/yss_Mutex.o
 .debug_info    0x000000000002d7fa     0x11f0 stm32g431kb THUMB Debug/yss_scheduler.o
 .debug_info    0x000000000002e9ea      0x9ce stm32g431kb THUMB Debug/yss_hmalloc.o
 .debug_info    0x000000000002f3b8     0x34ec stm32g431kb THUMB Debug/yss_init.o
 .debug_info    0x00000000000328a4      0x919 stm32g431kb THUMB Debug/yss_malloc.o
 .debug_info    0x00000000000331bd     0x10b8 stm32g431kb THUMB Debug/yss_key.o
 .debug_info    0x0000000000034275     0x307a stm32g431kb THUMB Debug/yss_time.o
 .debug_info    0x00000000000372ef       0x22 stm32g431kb THUMB Debug/thumb_crt0.o
 .debug_info    0x0000000000037311       0x26 stm32g431kb THUMB Debug/STM32_Startup.o

.debug_abbrev   0x0000000000000000     0x5f8d
 .debug_abbrev  0x0000000000000000      0x48e stm32g431kb THUMB Debug/main.o
 .debug_abbrev  0x000000000000048e      0x4fd stm32g431kb THUMB Debug/drv_adc_st_type_C.o
 .debug_abbrev  0x000000000000098b      0x634 stm32g431kb THUMB Debug/drv_can_st_type_B.o
 .debug_abbrev  0x0000000000000fbf      0x5b4 stm32g431kb THUMB Debug/drv_clock_st_type_D.o
 .debug_abbrev  0x0000000000001573      0x4e7 stm32g431kb THUMB Debug/drv_clock_st_type_D_peripherals.o
 .debug_abbrev  0x0000000000001a5a      0x517 stm32g431kb THUMB Debug/drv_dma_st_type_C.o
 .debug_abbrev  0x0000000000001f71      0x1b7 stm32g431kb THUMB Debug/Drv.o
 .debug_abbrev  0x0000000000002128      0x4bf stm32g431kb THUMB Debug/drv_exti_not_support.o
 .debug_abbrev  0x00000000000025e7      0x487 stm32g431kb THUMB Debug/drv_flash_st_type_D.o
 .debug_abbrev  0x0000000000002a6e      0x5d8 stm32g431kb THUMB Debug/drv_gpio_st_type_A.o
 .debug_abbrev  0x0000000000003046      0x592 stm32g431kb THUMB Debug/drv_nvic_st_type_C.o
 .debug_abbrev  0x00000000000035d8      0x52b stm32g431kb THUMB Debug/drv_syscfg_st_type_A.o
 .debug_abbrev  0x0000000000003b03      0x5f2 stm32g431kb THUMB Debug/drv_timer_st_type_A.o
 .debug_abbrev  0x00000000000040f5      0x3e8 stm32g431kb THUMB Debug/msp_default.o
 .debug_abbrev  0x00000000000044dd      0x428 stm32g431kb THUMB Debug/msp_stm32g4xx.o
 .debug_abbrev  0x0000000000004905       0x14 stm32g431kb THUMB Debug/yss_context_switching.o
 .debug_abbrev  0x0000000000004919      0x218 stm32g431kb THUMB Debug/yss_Mutex.o
 .debug_abbrev  0x0000000000004b31      0x3e5 stm32g431kb THUMB Debug/yss_scheduler.o
 .debug_abbrev  0x0000000000004f16      0x1f2 stm32g431kb THUMB Debug/yss_hmalloc.o
 .debug_abbrev  0x0000000000005108      0x495 stm32g431kb THUMB Debug/yss_init.o
 .debug_abbrev  0x000000000000559d      0x1f1 stm32g431kb THUMB Debug/yss_malloc.o
 .debug_abbrev  0x000000000000578e      0x321 stm32g431kb THUMB Debug/yss_key.o
 .debug_abbrev  0x0000000000005aaf      0x4b8 stm32g431kb THUMB Debug/yss_time.o
 .debug_abbrev  0x0000000000005f67       0x12 stm32g431kb THUMB Debug/thumb_crt0.o
 .debug_abbrev  0x0000000000005f79       0x14 stm32g431kb THUMB Debug/STM32_Startup.o

.debug_pubnames
                0x0000000000000000     0xed7b
 .debug_pubnames
                0x0000000000000000      0xca7 stm32g431kb THUMB Debug/main.o
 .debug_pubnames
                0x0000000000000ca7      0x882 stm32g431kb THUMB Debug/drv_adc_st_type_C.o
 .debug_pubnames
                0x0000000000001529      0xe85 stm32g431kb THUMB Debug/drv_can_st_type_B.o
 .debug_pubnames
                0x00000000000023ae     0x17dd stm32g431kb THUMB Debug/drv_clock_st_type_D.o
 .debug_pubnames
                0x0000000000003b8b      0xe01 stm32g431kb THUMB Debug/drv_clock_st_type_D_peripherals.o
 .debug_pubnames
                0x000000000000498c      0xd03 stm32g431kb THUMB Debug/drv_dma_st_type_C.o
 .debug_pubnames
                0x000000000000568f       0x72 stm32g431kb THUMB Debug/Drv.o
 .debug_pubnames
                0x0000000000005701      0xcf8 stm32g431kb THUMB Debug/drv_exti_not_support.o
 .debug_pubnames
                0x00000000000063f9      0xd6f stm32g431kb THUMB Debug/drv_flash_st_type_D.o
 .debug_pubnames
                0x0000000000007168     0x10e8 stm32g431kb THUMB Debug/drv_gpio_st_type_A.o
 .debug_pubnames
                0x0000000000008250      0xf09 stm32g431kb THUMB Debug/drv_nvic_st_type_C.o
 .debug_pubnames
                0x0000000000009159      0xd46 stm32g431kb THUMB Debug/drv_syscfg_st_type_A.o
 .debug_pubnames
                0x0000000000009e9f     0x126a stm32g431kb THUMB Debug/drv_timer_st_type_A.o
 .debug_pubnames
                0x000000000000b109      0x82e stm32g431kb THUMB Debug/msp_default.o
 .debug_pubnames
                0x000000000000b937     0x1211 stm32g431kb THUMB Debug/msp_stm32g4xx.o
 .debug_pubnames
                0x000000000000cb48       0xc4 stm32g431kb THUMB Debug/yss_Mutex.o
 .debug_pubnames
                0x000000000000cc0c      0x517 stm32g431kb THUMB Debug/yss_scheduler.o
 .debug_pubnames
                0x000000000000d123       0xe7 stm32g431kb THUMB Debug/yss_hmalloc.o
 .debug_pubnames
                0x000000000000d20a      0x8c0 stm32g431kb THUMB Debug/yss_init.o
 .debug_pubnames
                0x000000000000daca       0x65 stm32g431kb THUMB Debug/yss_malloc.o
 .debug_pubnames
                0x000000000000db2f      0x4e9 stm32g431kb THUMB Debug/yss_key.o
 .debug_pubnames
                0x000000000000e018      0xd63 stm32g431kb THUMB Debug/yss_time.o

.debug_pubtypes
                0x0000000000000000     0x45f8
 .debug_pubtypes
                0x0000000000000000      0x42d stm32g431kb THUMB Debug/main.o
 .debug_pubtypes
                0x000000000000042d      0x424 stm32g431kb THUMB Debug/drv_adc_st_type_C.o
 .debug_pubtypes
                0x0000000000000851      0x3fa stm32g431kb THUMB Debug/drv_can_st_type_B.o
 .debug_pubtypes
                0x0000000000000c4b      0x41a stm32g431kb THUMB Debug/drv_clock_st_type_D.o
 .debug_pubtypes
                0x0000000000001065      0x40a stm32g431kb THUMB Debug/drv_clock_st_type_D_peripherals.o
 .debug_pubtypes
                0x000000000000146f      0x3fa stm32g431kb THUMB Debug/drv_dma_st_type_C.o
 .debug_pubtypes
                0x0000000000001869       0x5a stm32g431kb THUMB Debug/Drv.o
 .debug_pubtypes
                0x00000000000018c3      0x344 stm32g431kb THUMB Debug/drv_exti_not_support.o
 .debug_pubtypes
                0x0000000000001c07      0x356 stm32g431kb THUMB Debug/drv_flash_st_type_D.o
 .debug_pubtypes
                0x0000000000001f5d      0x3fa stm32g431kb THUMB Debug/drv_gpio_st_type_A.o
 .debug_pubtypes
                0x0000000000002357      0x416 stm32g431kb THUMB Debug/drv_nvic_st_type_C.o
 .debug_pubtypes
                0x000000000000276d      0x357 stm32g431kb THUMB Debug/drv_syscfg_st_type_A.o
 .debug_pubtypes
                0x0000000000002ac4      0x3fa stm32g431kb THUMB Debug/drv_timer_st_type_A.o
 .debug_pubtypes
                0x0000000000002ebe      0x344 stm32g431kb THUMB Debug/msp_default.o
 .debug_pubtypes
                0x0000000000003202      0x3fa stm32g431kb THUMB Debug/msp_stm32g4xx.o
 .debug_pubtypes
                0x00000000000035fc      0x120 stm32g431kb THUMB Debug/yss_Mutex.o
 .debug_pubtypes
                0x000000000000371c      0x1c2 stm32g431kb THUMB Debug/yss_scheduler.o
 .debug_pubtypes
                0x00000000000038de      0x23e stm32g431kb THUMB Debug/yss_hmalloc.o
 .debug_pubtypes
                0x0000000000003b1c      0x441 stm32g431kb THUMB Debug/yss_init.o
 .debug_pubtypes
                0x0000000000003f5d      0x20b stm32g431kb THUMB Debug/yss_malloc.o
 .debug_pubtypes
                0x0000000000004168       0x96 stm32g431kb THUMB Debug/yss_key.o
 .debug_pubtypes
                0x00000000000041fe      0x3fa stm32g431kb THUMB Debug/yss_time.o

.debug_aranges  0x0000000000000000      0xc88
 .debug_aranges
                0x0000000000000000       0x30 stm32g431kb THUMB Debug/main.o
 .debug_aranges
                0x0000000000000030       0x48 stm32g431kb THUMB Debug/drv_adc_st_type_C.o
 .debug_aranges
                0x0000000000000078       0xc0 stm32g431kb THUMB Debug/drv_can_st_type_B.o
 .debug_aranges
                0x0000000000000138       0xb0 stm32g431kb THUMB Debug/drv_clock_st_type_D.o
 .debug_aranges
                0x00000000000001e8      0x158 stm32g431kb THUMB Debug/drv_clock_st_type_D_peripherals.o
 .debug_aranges
                0x0000000000000340       0x48 stm32g431kb THUMB Debug/drv_dma_st_type_C.o
 .debug_aranges
                0x0000000000000388       0x48 stm32g431kb THUMB Debug/Drv.o
 .debug_aranges
                0x00000000000003d0       0x40 stm32g431kb THUMB Debug/drv_exti_not_support.o
 .debug_aranges
                0x0000000000000410       0x38 stm32g431kb THUMB Debug/drv_flash_st_type_D.o
 .debug_aranges
                0x0000000000000448       0xd8 stm32g431kb THUMB Debug/drv_gpio_st_type_A.o
 .debug_aranges
                0x0000000000000520       0xd8 stm32g431kb THUMB Debug/drv_nvic_st_type_C.o
 .debug_aranges
                0x00000000000005f8       0x48 stm32g431kb THUMB Debug/drv_syscfg_st_type_A.o
 .debug_aranges
                0x0000000000000640      0x1b8 stm32g431kb THUMB Debug/drv_timer_st_type_A.o
 .debug_aranges
                0x00000000000007f8       0x28 stm32g431kb THUMB Debug/msp_default.o
 .debug_aranges
                0x0000000000000820       0x20 stm32g431kb THUMB Debug/msp_stm32g4xx.o
 .debug_aranges
                0x0000000000000840       0x20 stm32g431kb THUMB Debug/yss_context_switching.o
 .debug_aranges
                0x0000000000000860       0x50 stm32g431kb THUMB Debug/yss_Mutex.o
 .debug_aranges
                0x00000000000008b0       0xf8 stm32g431kb THUMB Debug/yss_scheduler.o
 .debug_aranges
                0x00000000000009a8       0x40 stm32g431kb THUMB Debug/yss_hmalloc.o
 .debug_aranges
                0x00000000000009e8       0x40 stm32g431kb THUMB Debug/yss_init.o
 .debug_aranges
                0x0000000000000a28       0x28 stm32g431kb THUMB Debug/yss_malloc.o
 .debug_aranges
                0x0000000000000a50      0x150 stm32g431kb THUMB Debug/yss_key.o
 .debug_aranges
                0x0000000000000ba0       0x40 stm32g431kb THUMB Debug/yss_time.o
 .debug_aranges
                0x0000000000000be0       0x88 stm32g431kb THUMB Debug/thumb_crt0.o
 .debug_aranges
                0x0000000000000c68       0x20 stm32g431kb THUMB Debug/STM32_Startup.o

.debug_ranges   0x0000000000000000      0xb28
 .debug_ranges  0x0000000000000000       0x20 stm32g431kb THUMB Debug/main.o
 .debug_ranges  0x0000000000000020       0x38 stm32g431kb THUMB Debug/drv_adc_st_type_C.o
 .debug_ranges  0x0000000000000058       0xb0 stm32g431kb THUMB Debug/drv_can_st_type_B.o
 .debug_ranges  0x0000000000000108       0xa0 stm32g431kb THUMB Debug/drv_clock_st_type_D.o
 .debug_ranges  0x00000000000001a8      0x148 stm32g431kb THUMB Debug/drv_clock_st_type_D_peripherals.o
 .debug_ranges  0x00000000000002f0       0x38 stm32g431kb THUMB Debug/drv_dma_st_type_C.o
 .debug_ranges  0x0000000000000328       0x38 stm32g431kb THUMB Debug/Drv.o
 .debug_ranges  0x0000000000000360       0x30 stm32g431kb THUMB Debug/drv_exti_not_support.o
 .debug_ranges  0x0000000000000390       0x28 stm32g431kb THUMB Debug/drv_flash_st_type_D.o
 .debug_ranges  0x00000000000003b8       0xc8 stm32g431kb THUMB Debug/drv_gpio_st_type_A.o
 .debug_ranges  0x0000000000000480       0xc8 stm32g431kb THUMB Debug/drv_nvic_st_type_C.o
 .debug_ranges  0x0000000000000548       0x38 stm32g431kb THUMB Debug/drv_syscfg_st_type_A.o
 .debug_ranges  0x0000000000000580      0x1a8 stm32g431kb THUMB Debug/drv_timer_st_type_A.o
 .debug_ranges  0x0000000000000728       0x18 stm32g431kb THUMB Debug/msp_default.o
 .debug_ranges  0x0000000000000740       0x10 stm32g431kb THUMB Debug/msp_stm32g4xx.o
 .debug_ranges  0x0000000000000750       0x40 stm32g431kb THUMB Debug/yss_Mutex.o
 .debug_ranges  0x0000000000000790       0xe8 stm32g431kb THUMB Debug/yss_scheduler.o
 .debug_ranges  0x0000000000000878       0x30 stm32g431kb THUMB Debug/yss_hmalloc.o
 .debug_ranges  0x00000000000008a8       0x30 stm32g431kb THUMB Debug/yss_init.o
 .debug_ranges  0x00000000000008d8       0x60 stm32g431kb THUMB Debug/yss_malloc.o
 .debug_ranges  0x0000000000000938      0x140 stm32g431kb THUMB Debug/yss_key.o
 .debug_ranges  0x0000000000000a78       0x30 stm32g431kb THUMB Debug/yss_time.o