Archive member included to satisfy reference by file (symbol)

/usr/share/crossworks_for_arm_4.7/lib/libc_v7em_fpv4_sp_d16_hard_t_le_eabi.a(libc_asm.o)
                              MAX32660 THUMB Debug/yss_time.o (__aeabi_uldivmod)
/usr/share/crossworks_for_arm_4.7/lib/libc_v7em_fpv4_sp_d16_hard_t_le_eabi.a(libc2.o)
                              MAX32660 THUMB Debug/yss_key.o (__aeabi_atexit)
/usr/share/crossworks_for_arm_4.7/lib/libc_v7em_fpv4_sp_d16_hard_t_le_eabi.a(libc2_asm.o)
                              MAX32660 THUMB Debug/CpuFrameBuffer.o (memcpy)
/usr/share/crossworks_for_arm_4.7/lib/libc_v7em_fpv4_sp_d16_hard_t_le_eabi.a(libvfprintf.o)
                              (__vfprintf_float_long_long)
/usr/share/crossworks_for_arm_4.7/lib/libc_v7em_fpv4_sp_d16_hard_t_le_eabi.a(libvfscanf.o)
                              (__vfscanf_float_long_long_cc)
/usr/share/crossworks_for_arm_4.7/lib/libc_v7em_fpv4_sp_d16_hard_t_le_eabi.a(libc.o)
                              /usr/share/crossworks_for_arm_4.7/lib/libc_v7em_fpv4_sp_d16_hard_t_le_eabi.a(libc2.o) (__heap_lock)
/usr/share/crossworks_for_arm_4.7/lib/libdebugio_v7em_fpv4_sp_d16_hard_t_le_eabi.a(libdebugio.o)
                              MAX32660 THUMB Debug/thumb_crt0.o (debug_fopen)
/usr/share/crossworks_for_arm_4.7/lib/libdebugio_v7em_fpv4_sp_d16_hard_t_le_eabi.a(libdebugio_asm.o)
                              MAX32660 THUMB Debug/main.o (debug_printf)
/usr/share/crossworks_for_arm_4.7/lib/libdebugio_v7em_fpv4_sp_d16_hard_t_le_eabi.a(do_nv_debug_operation.o)
                              /usr/share/crossworks_for_arm_4.7/lib/libdebugio_v7em_fpv4_sp_d16_hard_t_le_eabi.a(libdebugio.o) (__do_nvdebug_operation)
/usr/share/crossworks_for_arm_4.7/lib/libdebugio_v7em_fpv4_sp_d16_hard_t_le_eabi.a(mempoll_debug_operations.o)
                              (__do_debug_operation_mempoll)
/usr/share/crossworks_for_arm_4.7/lib/libcpp_v7em_fpv4_sp_d16_hard_t_le_eabi.a(new.o)
                              MAX32660 THUMB Debug/mod_JLX1602A_4.o (__cxa_pure_virtual)
/usr/share/crossworks_for_arm_4.7/lib/libm_v7em_fpv4_sp_d16_hard_t_le_eabi.a(libm_asm.o)
                              /usr/share/crossworks_for_arm_4.7/lib/libc_v7em_fpv4_sp_d16_hard_t_le_eabi.a(libc2.o) (__aeabi_i2d)
/usr/share/crossworks_for_arm_4.7/lib/libm_v7em_fpv4_sp_d16_hard_t_le_eabi.a(libm2.o)
                              /usr/share/crossworks_for_arm_4.7/lib/libc_v7em_fpv4_sp_d16_hard_t_le_eabi.a(libvfprintf.o) (frexp)
/usr/share/crossworks_for_arm_4.7/lib/libm_v7em_fpv4_sp_d16_hard_t_le_eabi.a(libm2_asm.o)
                              /usr/share/crossworks_for_arm_4.7/lib/libm_v7em_fpv4_sp_d16_hard_t_le_eabi.a(libm2.o) (fabs)

Discarded input sections

 .group         0x0000000000000000        0xc MAX32660 THUMB Debug/system_max32660.o
 .group         0x0000000000000000        0xc MAX32660 THUMB Debug/system_max32660.o
 .group         0x0000000000000000        0xc MAX32660 THUMB Debug/system_max32660.o
 .group         0x0000000000000000        0xc MAX32660 THUMB Debug/system_max32660.o
 .group         0x0000000000000000        0xc MAX32660 THUMB Debug/system_max32660.o
 .group         0x0000000000000000        0xc MAX32660 THUMB Debug/system_max32660.o
 .group         0x0000000000000000        0xc MAX32660 THUMB Debug/system_max32660.o
 .group         0x0000000000000000        0xc MAX32660 THUMB Debug/system_max32660.o
 .group         0x0000000000000000        0xc MAX32660 THUMB Debug/system_max32660.o
 .group         0x0000000000000000        0xc MAX32660 THUMB Debug/system_max32660.o
 .group         0x0000000000000000        0xc MAX32660 THUMB Debug/system_max32660.o
 .group         0x0000000000000000        0xc MAX32660 THUMB Debug/system_max32660.o
 .group         0x0000000000000000        0xc MAX32660 THUMB Debug/system_max32660.o
 .group         0x0000000000000000        0xc MAX32660 THUMB Debug/system_max32660.o
 .group         0x0000000000000000        0xc MAX32660 THUMB Debug/system_max32660.o
 .group         0x0000000000000000        0xc MAX32660 THUMB Debug/system_max32660.o
 .group         0x0000000000000000        0xc MAX32660 THUMB Debug/system_max32660.o
 .text          0x0000000000000000        0x0 MAX32660 THUMB Debug/system_max32660.o
 .data          0x0000000000000000        0x0 MAX32660 THUMB Debug/system_max32660.o
 .bss           0x0000000000000000        0x0 MAX32660 THUMB Debug/system_max32660.o
 .init          0x0000000000000000        0x0 MAX32660 THUMB Debug/system_max32660.o
 .init.PreInit  0x0000000000000000        0x6 MAX32660 THUMB Debug/system_max32660.o
 .init.Board_Init
                0x0000000000000000        0x6 MAX32660 THUMB Debug/system_max32660.o
 .init.SystemInit
                0x0000000000000000       0x40 MAX32660 THUMB Debug/system_max32660.o
 .group         0x0000000000000000        0xc MAX32660 THUMB Debug/drv_adc_not_support.o
 .group         0x0000000000000000        0xc MAX32660 THUMB Debug/drv_adc_not_support.o
[...]
Memory Configuration

Name             Origin             Length             Attributes
UNPLACED_SECTIONS 0x0000000100000000 0x0000000000000000 xw
RAM              0x0000000020000000 0x0000000000018000 xw
FLASH            0x0000000000000000 0x0000000000040000 xr
*default*        0x0000000000000000 0xffffffffffffffff

Linker script and memory map

                0x00000000000026f0                __do_debug_operation = __do_debug_operation_mempoll
                0x0000000000000000                __vfprintf = __vfprintf_float_long_long
                0x0000000000000000                __vfscanf = __vfscanf_float_long_long_cc
                0x0000000020000000                __RAM_segment_start__ = 0x20000000
                0x0000000020018000                __RAM_segment_end__ = 0x20018000
                0x0000000000018000                __RAM_segment_size__ = 0x18000
                0x0000000000000000                __FLASH_segment_start__ = 0x0
                0x0000000000040000                __FLASH_segment_end__ = 0x40000
                0x0000000000040000                __FLASH_segment_size__ = 0x40000
                0x0000000000000000                __HEAPSIZE__ = 0x0
                0x0000000000000000                __STACKSIZE_ABT__ = 0x0
                0x0000000000000000                __STACKSIZE_FIQ__ = 0x0
                0x0000000000000000                __STACKSIZE_IRQ__ = 0x0
                0x0000000000000800                __STACKSIZE_PROCESS__ = 0x800
                0x0000000000000000                __STACKSIZE_SVC__ = 0x0
                0x0000000000000000                __STACKSIZE_UND__ = 0x0
                0x0000000000000800                __STACKSIZE__ = 0x800
                0x0000000020000000                __vectors_ram_load_start__ = ALIGN (__RAM_segment_start__, 0x100)

.vectors_ram    0x0000000020000000        0x0
                0x0000000020000000                __vectors_ram_start__ = .
 *(.vectors_ram .vectors_ram.*)
                0x0000000020000000                __vectors_ram_end__ = (__vectors_ram_start__ + SIZEOF (.vectors_ram))
                0x0000000000000000                __vectors_ram_size__ = SIZEOF (.vectors_ram)
                0x0000000020000000                __vectors_ram_load_end__ = __vectors_ram_end__
                0x0000000000000001                . = ASSERT (((__vectors_ram_start__ == __vectors_ram_end__) || ((__vectors_ram_end__ - __RAM_segment_start__) <= __RAM_segment_size__)), error: .vectors_ram is too large to fit in RAM memory segment)
                0x0000000000000000                __vectors_load_start__ = ALIGN (__FLASH_segment_start__, 0x100)

.vectors        0x0000000000000000      0x11c
                0x0000000000000000                __vectors_start__ = .
 *(.vectors .vectors.*)
 .vectors       0x0000000000000000      0x11c MAX32660 THUMB Debug/max32660_Vectors.o
                0x0000000000000000                _vectors
                0x000000000000011c                __vectors_end__ = (__vectors_start__ + SIZEOF (.vectors))
                0x000000000000011c                __vectors_size__ = SIZEOF (.vectors)
                0x000000000000011c                __vectors_load_end__ = __vectors_end__
                0x0000000000000001                . = ASSERT (((__vectors_start__ == __vectors_end__) || ((__vectors_end__ - __FLASH_segment_start__) <= __FLASH_segment_size__)), error: .vectors is too large to fit in FLASH memory segment)
                0x000000000000011c                __init_load_start__ = ALIGN (__vectors_end__, 0x4)

.init           0x000000000000011c      0x250
                0x000000000000011c                __init_start__ = .
 *(.init .init.*)
 .init.SystemCoreClockUpdate
                0x000000000000011c       0x5c MAX32660 THUMB Debug/system_max32660.o
                0x000000000000011c                SystemCoreClockUpdate
 .init          0x0000000000000178      0x13c MAX32660 THUMB Debug/thumb_crt0.o
                0x0000000000000178                _start
                0x0000000000000218                exit
 .init          0x00000000000002b4       0x3c MAX32660 THUMB Debug/MAX32660_Startup.o
                0x00000000000002b4                Reset_Handler
 .init          0x00000000000002f0       0x7c MAX32660 THUMB Debug/max32660_Vectors.o
                0x00000000000002f0                Reset_Wait
                0x00000000000002f2                NMI_Handler
                0x00000000000002f4                HardFault_Handler
                0x00000000000002f6                SVC_Handler
                0x00000000000002fe                PF_IRQHandler
                0x0000000000000300                WDT0_IRQHandler
                0x0000000000000302                RSV00_IRQHandler
                0x0000000000000304                RTC_IRQHandler
                0x0000000000000306                RSV01_IRQHandler
                0x000000000000030e                RSV02_IRQHandler
                0x0000000000000310                RSV03_IRQHandler
                0x0000000000000312                RSV04_IRQHandler
                0x0000000000000314                RSV05_IRQHandler
                0x0000000000000316                RSV06_IRQHandler
                0x0000000000000318                I2C0_IRQHandler
                0x000000000000031e                SPI0_IRQHandler
                0x0000000000000320                SPI1_IRQHandler
                0x0000000000000322                RSV07_IRQHandler
                0x0000000000000324                RSV08_IRQHandler
                0x0000000000000326                RSV09_IRQHandler
                0x0000000000000328                RSV10_IRQHandler
                0x000000000000032a                RSV11_IRQHandler
                0x000000000000032c                FLC_IRQHandler
                0x000000000000032e                GPIO0_IRQHandler
                0x0000000000000330                RSV12_IRQHandler
                0x0000000000000332                RSV13_IRQHandler
                0x0000000000000334                RSV14_IRQHandler
                0x0000000000000336                DMA0_IRQHandler
                0x0000000000000338                DMA1_IRQHandler
                0x000000000000033a                DMA2_IRQHandler
                0x000000000000033c                DMA3_IRQHandler
                0x000000000000033e                RSV15_IRQHandler
                0x0000000000000340                RSV16_IRQHandler
                0x0000000000000342                RSV17_IRQHandler
                0x0000000000000344                RSV18_IRQHandler
                0x0000000000000346                I2C1_IRQHandler
                0x0000000000000348                RSV19_IRQHandler
                0x000000000000034a                RSV20_IRQHandler
                0x000000000000034c                RSV21_IRQHandler
                0x000000000000034e                RSV22_IRQHandler
                0x0000000000000350                RSV23_IRQHandler
                0x0000000000000352                RSV24_IRQHandler
                0x0000000000000354                RSV25_IRQHandler
                0x0000000000000356                RSV26_IRQHandler
                0x0000000000000358                RSV27_IRQHandler
                0x000000000000035a                RSV28_IRQHandler
                0x000000000000035c                RSV29_IRQHandler
                0x000000000000035e                RSV30_IRQHandler
                0x0000000000000360                RSV31_IRQHandler
                0x0000000000000362                RSV32_IRQHandler
                0x0000000000000364                RSV33_IRQHandler
                0x0000000000000366                RSV34_IRQHandler
                0x0000000000000368                RSV35_IRQHandler
                0x000000000000036a                GPIOWAKE_IRQHandler
                0x000000000000036c                __init_end__ = (__init_start__ + SIZEOF (.init))
                0x0000000000000250                __init_size__ = SIZEOF (.init)
                0x000000000000036c                __init_load_end__ = __init_end__
                0x0000000000000001                . = ASSERT (((__init_start__ == __init_end__) || ((__init_end__ - __FLASH_segment_start__) <= __FLASH_segment_size__)), error: .init is too large to fit in FLASH memory segment)
                0x000000000000036c                __init_rodata_load_start__ = ALIGN (__init_end__, 0x4)

.init_rodata    0x000000000000036c        0x0
                0x000000000000036c                __init_rodata_start__ = .
 *(.init_rodata .init_rodata.*)
                0x000000000000036c                __init_rodata_end__ = (__init_rodata_start__ + SIZEOF (.init_rodata))
                0x0000000000000000                __init_rodata_size__ = SIZEOF (.init_rodata)
                0x000000000000036c                __init_rodata_load_end__ = __init_rodata_end__
                0x0000000000000001                . = ASSERT (((__init_rodata_start__ == __init_rodata_end__) || ((__init_rodata_end__ - __FLASH_segment_start__) <= __FLASH_segment_size__)), error: .init_rodata is too large to fit in FLASH memory segment)
                0x000000000000036c                __text_load_start__ = ALIGN (__init_rodata_end__, 0x4)

.text           0x000000000000036c     0x23b4
                0x000000000000036c                __text_start__ = .
 *(.text .text.* .glue_7t .glue_7 .gnu.linkonce.t.* .gcc_except_table .ARM.extab* .gnu.linkonce.armextab.*)
 .glue_7        0x000000000000036c        0x0 linker stubs
 .glue_7t       0x000000000000036c        0x0 linker stubs
 .text._ZN3drv5Clock14setSystemClockEhhh
                0x000000000000036c      0x210 MAX32660 THUMB Debug/drv_clock_maxim_type_A.o
                0x000000000000036c                drv::Clock::setSystemClock(unsigned char, unsigned char, unsigned char)
 .text._ZN3drv5Clock13getApbClkFreqEv
                0x000000000000057c       0x14 MAX32660 THUMB Debug/drv_clock_maxim_type_A.o
                0x000000000000057c                drv::Clock::getApbClkFreq()
 .text._ZN3drv10Peripheral11setTimer0EnEb
                0x0000000000000590       0x3a MAX32660 THUMB Debug/drv_clock_maxim_type_A_peripherals.o
                0x0000000000000590                drv::Peripheral::setTimer0En(bool)
 .text._ZN3drv10Peripheral11setTimer1EnEb
                0x00000000000005ca       0x3a MAX32660 THUMB Debug/drv_clock_maxim_type_A_peripherals.o
                0x00000000000005ca                drv::Peripheral::setTimer1En(bool)
 .text._ZN3drv10Peripheral11setTimer2EnEb
                0x0000000000000604       0x3a MAX32660 THUMB Debug/drv_clock_maxim_type_A_peripherals.o
                0x0000000000000604                drv::Peripheral::setTimer2En(bool)
 .text._ZN3drv10Peripheral10setUart0EnEb
                0x000000000000063e       0x3a MAX32660 THUMB Debug/drv_clock_maxim_type_A_peripherals.o
                0x000000000000063e                drv::Peripheral::setUart0En(bool)
 .text._ZN3drv10Peripheral10setUart1EnEb
                0x0000000000000678       0x3a MAX32660 THUMB Debug/drv_clock_maxim_type_A_peripherals.o
                0x0000000000000678                drv::Peripheral::setUart1En(bool)
 .text._ZN3drv10Peripheral9setI2c0EnEb
                0x00000000000006b2       0x3a MAX32660 THUMB Debug/drv_clock_maxim_type_A_peripherals.o
                0x00000000000006b2                drv::Peripheral::setI2c0En(bool)
 .text._ZN3DrvC2EPFvbES1_PFvvE
                0x00000000000006ec       0x32 MAX32660 THUMB Debug/Drv.o
                0x00000000000006ec                Drv::Drv(void (*)(bool), void (*)(bool), void (*)())
                0x00000000000006ec                Drv::Drv(void (*)(bool), void (*)(bool), void (*)())
 .text._ZN3Drv10setClockEnEb
                0x000000000000071e       0x28 MAX32660 THUMB Debug/Drv.o
                0x000000000000071e                Drv::setClockEn(bool)
 .text._ZN3Drv8setIntEnEb
                0x0000000000000746       0x28 MAX32660 THUMB Debug/Drv.o
                0x0000000000000746                Drv::setIntEn(bool)
 .text._ZN3drv4GpioC2EP15mxc_gpio_regs_tPFvbES4_h
                0x000000000000076e       0x28 MAX32660 THUMB Debug/drv_gpio_maxim_type_A.o
                0x000000000000076e                drv::Gpio::Gpio(mxc_gpio_regs_t*, void (*)(bool), void (*)(bool), unsigned char)
                0x000000000000076e                drv::Gpio::Gpio(mxc_gpio_regs_t*, void (*)(bool), void (*)(bool), unsigned char)
 *fill*         0x0000000000000796        0x2 
 .text._ZN3drv4Gpio11setToOutputEhhh
                0x0000000000000798      0x19c MAX32660 THUMB Debug/drv_gpio_maxim_type_A.o
                0x0000000000000798                drv::Gpio::setToOutput(unsigned char, unsigned char, unsigned char)
 .text._ZN3drv4Gpio9setOutputEhb
                0x0000000000000934       0x3c MAX32660 THUMB Debug/drv_gpio_maxim_type_A.o
                0x0000000000000934                drv::Gpio::setOutput(unsigned char, bool)
 .text._ZN3drv4Gpio12setToAltFuncEhhhh
                0x0000000000000970      0x224 MAX32660 THUMB Debug/drv_gpio_maxim_type_A.o
                0x0000000000000970                drv::Gpio::setToAltFunc(unsigned char, unsigned char, unsigned char, unsigned char)
 .text._Z41__static_initialization_and_destruction_0ii
                0x0000000000000b94       0x38 MAX32660 THUMB Debug/drv_gpio_maxim_type_A.o
 .text._GLOBAL__sub_I_gpio0
                0x0000000000000bcc        0xe MAX32660 THUMB Debug/drv_gpio_maxim_type_A.o
 *fill*         0x0000000000000bda        0x2 
 .text._ZL14setI2c0ClockEnb
                0x0000000000000bdc       0x24 MAX32660 THUMB Debug/drv_i2c_maxim_type_A.o
 .text._ZN3drv3I2cC2EP14mxc_i2c_regs_tPFvbES4_
                0x0000000000000c00       0x28 MAX32660 THUMB Debug/drv_i2c_maxim_type_A.o
                0x0000000000000c00                drv::I2c::I2c(mxc_i2c_regs_t*, void (*)(bool), void (*)(bool))
                0x0000000000000c00                drv::I2c::I2c(mxc_i2c_regs_t*, void (*)(bool), void (*)(bool))
 .text._ZN3drv3I2c4initEh
                0x0000000000000c28       0x20 MAX32660 THUMB Debug/drv_i2c_maxim_type_A.o
                0x0000000000000c28                drv::I2c::init(unsigned char)
 .text._Z41__static_initialization_and_destruction_0ii
                0x0000000000000c48       0x38 MAX32660 THUMB Debug/drv_i2c_maxim_type_A.o
 .text._GLOBAL__sub_I_i2c0
                0x0000000000000c80        0xe MAX32660 THUMB Debug/drv_i2c_maxim_type_A.o
 *fill*         0x0000000000000c8e        0x2 
 .text._Z12setNvicIntEnhb
                0x0000000000000c90       0x34 MAX32660 THUMB Debug/drv_nvic_maxim_type_A.o
                0x0000000000000c90                setNvicIntEn(unsigned char, bool)
 .text._ZN3drv4NvicC2Ev
                0x0000000000000cc4        0xc MAX32660 THUMB Debug/drv_nvic_maxim_type_A.o
                0x0000000000000cc4                drv::Nvic::Nvic()
                0x0000000000000cc4                drv::Nvic::Nvic()
 .text._ZN3drv4Nvic11setTimer0EnEb
                0x0000000000000cd0       0x20 MAX32660 THUMB Debug/drv_nvic_maxim_type_A.o
                0x0000000000000cd0                drv::Nvic::setTimer0En(bool)
 .text._ZN3drv4Nvic11setTimer1EnEb
                0x0000000000000cf0       0x20 MAX32660 THUMB Debug/drv_nvic_maxim_type_A.o
                0x0000000000000cf0                drv::Nvic::setTimer1En(bool)
 .text._ZN3drv4Nvic11setTimer2EnEb
                0x0000000000000d10       0x20 MAX32660 THUMB Debug/drv_nvic_maxim_type_A.o
                0x0000000000000d10                drv::Nvic::setTimer2En(bool)
 .text._ZN3drv4Nvic10setUart0EnEb
                0x0000000000000d30       0x20 MAX32660 THUMB Debug/drv_nvic_maxim_type_A.o
                0x0000000000000d30                drv::Nvic::setUart0En(bool)
 .text._ZN3drv4Nvic10setUart1EnEb
                0x0000000000000d50       0x20 MAX32660 THUMB Debug/drv_nvic_maxim_type_A.o
                0x0000000000000d50                drv::Nvic::setUart1En(bool)
 .text._Z41__static_initialization_and_destruction_0ii
                0x0000000000000d70       0x2c MAX32660 THUMB Debug/drv_nvic_maxim_type_A.o
 .text._GLOBAL__sub_I_nvic
                0x0000000000000d9c        0xe MAX32660 THUMB Debug/drv_nvic_maxim_type_A.o
 *fill*         0x0000000000000daa        0x2 
 .text._ZL15getTimerClkFreqv
                0x0000000000000dac       0x14 MAX32660 THUMB Debug/drv_timer_maxim_type_A.o
 .text._ZL14setTim0ClockEnb
                0x0000000000000dc0       0x24 MAX32660 THUMB Debug/drv_timer_maxim_type_A.o
 .text._ZL12setTim0IntEnb
                0x0000000000000de4       0x24 MAX32660 THUMB Debug/drv_timer_maxim_type_A.o
 .text.TMR0_IRQHandler
                0x0000000000000e08       0x1c MAX32660 THUMB Debug/drv_timer_maxim_type_A.o
                0x0000000000000e08                TMR0_IRQHandler
 .text._ZL14setTim1ClockEnb
                0x0000000000000e24       0x24 MAX32660 THUMB Debug/drv_timer_maxim_type_A.o
 .text._ZL12setTim1IntEnb
                0x0000000000000e48       0x24 MAX32660 THUMB Debug/drv_timer_maxim_type_A.o
 .text.TMR1_IRQHandler
                0x0000000000000e6c       0x1c MAX32660 THUMB Debug/drv_timer_maxim_type_A.o
                0x0000000000000e6c                TMR1_IRQHandler
 .text._ZL14setTim2ClockEnb
                0x0000000000000e88       0x24 MAX32660 THUMB Debug/drv_timer_maxim_type_A.o
 .text._ZL12setTim2IntEnb
                0x0000000000000eac       0x24 MAX32660 THUMB Debug/drv_timer_maxim_type_A.o
 .text.TMR2_IRQHandler
                0x0000000000000ed0       0x1c MAX32660 THUMB Debug/drv_timer_maxim_type_A.o
                0x0000000000000ed0                TMR2_IRQHandler
 .text._ZN3drv5TimerC2EP14mxc_tmr_regs_tPFvbES4_PFjvE
                0x0000000000000eec       0x2e MAX32660 THUMB Debug/drv_timer_maxim_type_A.o
                0x0000000000000eec                drv::Timer::Timer(mxc_tmr_regs_t*, void (*)(bool), void (*)(bool), unsigned int (*)())
                0x0000000000000eec                drv::Timer::Timer(mxc_tmr_regs_t*, void (*)(bool), void (*)(bool), unsigned int (*)())
 *fill*         0x0000000000000f1a        0x2 
 .text._ZN3drv5Timer16getOverFlowCountEv
                0x0000000000000f1c       0x10 MAX32660 THUMB Debug/drv_timer_maxim_type_A.o
                0x0000000000000f1c                drv::Timer::getOverFlowCount()
 .text._ZN3drv5Timer14initSystemTimeEv
                0x0000000000000f2c       0x50 MAX32660 THUMB Debug/drv_timer_maxim_type_A.o
                0x0000000000000f2c                drv::Timer::initSystemTime()
 .text._ZN3drv5Timer5startEv
                0x0000000000000f7c       0x1a MAX32660 THUMB Debug/drv_timer_maxim_type_A.o
                0x0000000000000f7c                drv::Timer::start()
 .text._ZN3drv5Timer12setUpdateIsrEPFvvE
                0x0000000000000f96       0x12 MAX32660 THUMB Debug/drv_timer_maxim_type_A.o
                0x0000000000000f96                drv::Timer::setUpdateIsr(void (*)())
 .text._ZN3drv5Timer9isrUpdateEv
                0x0000000000000fa8       0x1c MAX32660 THUMB Debug/drv_timer_maxim_type_A.o
                0x0000000000000fa8                drv::Timer::isrUpdate()
 .text._ZN3drv5Timer15getCounterValueEv
                0x0000000000000fc4       0x18 MAX32660 THUMB Debug/drv_timer_maxim_type_A.o
                0x0000000000000fc4                drv::Timer::getCounterValue()
 .text._Z41__static_initialization_and_destruction_0ii
                0x0000000000000fdc       0x80 MAX32660 THUMB Debug/drv_timer_maxim_type_A.o
 .text._GLOBAL__sub_I_timer0
                0x000000000000105c        0xe MAX32660 THUMB Debug/drv_timer_maxim_type_A.o
 *fill*         0x000000000000106a        0x2 
 .text._ZL10getClkFreqv
                0x000000000000106c       0x14 MAX32660 THUMB Debug/drv_uart_maxim_type_A.o
 .text._ZL15setUart0ClockEnb
                0x0000000000001080       0x24 MAX32660 THUMB Debug/drv_uart_maxim_type_A.o
 .text._ZL13setUart0IntEnb
                0x00000000000010a4       0x24 MAX32660 THUMB Debug/drv_uart_maxim_type_A.o
 .text.UART0_IRQHandler
                0x00000000000010c8       0x10 MAX32660 THUMB Debug/drv_uart_maxim_type_A.o
                0x00000000000010c8                UART0_IRQHandler
 .text._ZL15setUart1ClockEnb
                0x00000000000010d8       0x24 MAX32660 THUMB Debug/drv_uart_maxim_type_A.o
 .text._ZL13setUart1IntEnb
                0x00000000000010fc       0x24 MAX32660 THUMB Debug/drv_uart_maxim_type_A.o
 .text.UART1_IRQHandler
                0x0000000000001120       0x10 MAX32660 THUMB Debug/drv_uart_maxim_type_A.o
                0x0000000000001120                UART1_IRQHandler
 .text._ZN3drv4UartC2EP15mxc_uart_regs_tPFvbES4_PFjvE
                0x0000000000001130       0x40 MAX32660 THUMB Debug/drv_uart_maxim_type_A.o
                0x0000000000001130                drv::Uart::Uart(mxc_uart_regs_t*, void (*)(bool), void (*)(bool), unsigned int (*)())
                0x0000000000001130                drv::Uart::Uart(mxc_uart_regs_t*, void (*)(bool), void (*)(bool), unsigned int (*)())
 .text._ZN3drv4Uart4initEjj
                0x0000000000001170       0xc6 MAX32660 THUMB Debug/drv_uart_maxim_type_A.o
                0x0000000000001170                drv::Uart::init(unsigned int, unsigned int)
 .text._ZN3drv4Uart4sendEPKvjj
                0x0000000000001236       0x78 MAX32660 THUMB Debug/drv_uart_maxim_type_A.o
                0x0000000000001236                drv::Uart::send(void const*, unsigned int, unsigned int)
 .text._ZN3drv4Uart4pushEc
                0x00000000000012ae       0x40 MAX32660 THUMB Debug/drv_uart_maxim_type_A.o
                0x00000000000012ae                drv::Uart::push(char)
 .text._ZN3drv4Uart3isrEv
                0x00000000000012ee       0x26 MAX32660 THUMB Debug/drv_uart_maxim_type_A.o
                0x00000000000012ee                drv::Uart::isr()
 .text._ZN3drv4Uart3getEv
                0x0000000000001314       0x4a MAX32660 THUMB Debug/drv_uart_maxim_type_A.o
                0x0000000000001314                drv::Uart::get()
 .text._ZN3drv4Uart19getWaitUntilReceiveEv
                0x000000000000135e       0x30 MAX32660 THUMB Debug/drv_uart_maxim_type_A.o
                0x000000000000135e                drv::Uart::getWaitUntilReceive()
 *fill*         0x000000000000138e        0x2 
 .text._Z41__static_initialization_and_destruction_0ii
                0x0000000000001390       0x64 MAX32660 THUMB Debug/drv_uart_maxim_type_A.o
 .text._GLOBAL__sub_I_uart0
                0x00000000000013f4        0xe MAX32660 THUMB Debug/drv_uart_maxim_type_A.o
 *fill*         0x0000000000001402        0x2 
 .text._Z10initSystemv
                0x0000000000001404       0x18 MAX32660 THUMB Debug/msp_max32660.o
                0x0000000000001404                initSystem()
 .text.SystemInit
                0x000000000000141c        0xa MAX32660 THUMB Debug/msp_default.o
                0x000000000000141c                SystemInit
 .text          0x0000000000001426       0x7a MAX32660 THUMB Debug/yss_context_switching.o
                0x0000000000001426                SysTick_Handler
                0x0000000000001438                PendSV_Handler
                0x000000000000148a                yield
 .text._ZN5Mutex4initEv
                0x00000000000014a0       0x14 MAX32660 THUMB Debug/yss_Mutex.o
                0x00000000000014a0                Mutex::init()
 .text._ZN5MutexC2Ev
                0x00000000000014b4       0x18 MAX32660 THUMB Debug/yss_Mutex.o
                0x00000000000014b4                Mutex::Mutex()
                0x00000000000014b4                Mutex::Mutex()
 .text._ZN5Mutex4lockEv
                0x00000000000014cc       0x46 MAX32660 THUMB Debug/yss_Mutex.o
                0x00000000000014cc                Mutex::lock()
 *fill*         0x0000000000001512        0x2 
 .text._ZN5Mutex6unlockEv
                0x0000000000001514       0x4c MAX32660 THUMB Debug/yss_Mutex.o
                0x0000000000001514                Mutex::unlock()
 .text._Z13initSchedulerv
                0x0000000000001560       0x30 MAX32660 THUMB Debug/yss_scheduler.o
                0x0000000000001560                initScheduler()
 .text._Z11cleanupTaskv
                0x0000000000001590      0x144 MAX32660 THUMB Debug/yss_scheduler.o
                0x0000000000001590                cleanupTask()
 .text._ZN6thread3addEPFvPvES0_i
                0x00000000000016d4      0x274 MAX32660 THUMB Debug/yss_scheduler.o
                0x00000000000016d4                thread::add(void (*)(void*), void*, int)
 .text._ZN6thread3addEPFvvEi
                0x0000000000001948       0x1c MAX32660 THUMB Debug/yss_scheduler.o
                0x0000000000001948                thread::add(void (*)(), int)
 .text._ZN6thread6removeEi
                0x0000000000001964       0xf4 MAX32660 THUMB Debug/yss_scheduler.o
                0x0000000000001964                thread::remove(int)
 .text._ZN6thread7protectEv
                0x0000000000001a58       0x48 MAX32660 THUMB Debug/yss_scheduler.o
                0x0000000000001a58                thread::protect()
 .text._ZN6thread9unprotectEv
                0x0000000000001aa0       0x48 MAX32660 THUMB Debug/yss_scheduler.o
                0x0000000000001aa0                thread::unprotect()
 .text._ZN6thread15terminateThreadEv
                0x0000000000001ae8       0x2c MAX32660 THUMB Debug/yss_scheduler.o
                0x0000000000001ae8                thread::terminateThread()
 .text._ZN6thread5delayEj
                0x0000000000001b14       0x4a MAX32660 THUMB Debug/yss_scheduler.o
                0x0000000000001b14                thread::delay(unsigned int)
 *fill*         0x0000000000001b5e        0x2 
 .text._ZN7trigger3runEi
                0x0000000000001b60       0xc0 MAX32660 THUMB Debug/yss_scheduler.o
                0x0000000000001b60                trigger::run(int)
 .text._ZN7trigger19activeTriggerThreadEi
                0x0000000000001c20      0x174 MAX32660 THUMB Debug/yss_scheduler.o
                0x0000000000001c20                trigger::activeTriggerThread(int)
 .text._ZN7trigger7disableEv
                0x0000000000001d94       0x4c MAX32660 THUMB Debug/yss_scheduler.o
                0x0000000000001d94                trigger::disable()
 .text.getNextContext
                0x0000000000001de0      0x144 MAX32660 THUMB Debug/yss_scheduler.o
                0x0000000000001de0                getNextContext
 .text._Z41__static_initialization_and_destruction_0ii
                0x0000000000001f24       0x2c MAX32660 THUMB Debug/yss_scheduler.o
 .text._GLOBAL__sub_I__Z13initSchedulerv
                0x0000000000001f50        0xe MAX32660 THUMB Debug/yss_scheduler.o
 *fill*         0x0000000000001f5e        0x2 
 .text._Z7hmallocm
                0x0000000000001f60       0x68 MAX32660 THUMB Debug/yss_hmalloc.o
                0x0000000000001f60                hmalloc(unsigned long)
 .text._Z5hfreePv
                0x0000000000001fc8       0x64 MAX32660 THUMB Debug/yss_hmalloc.o
                0x0000000000001fc8                hfree(void*)
 .text._ZdlPv   0x000000000000202c       0x14 MAX32660 THUMB Debug/yss_hmalloc.o
                0x000000000000202c                operator delete(void*)
 .text.__NVIC_SetPriority
                0x0000000000002040       0x50 MAX32660 THUMB Debug/yss_init.o
 .text.SysTick_Config
                0x0000000000002090       0x40 MAX32660 THUMB Debug/yss_init.o
 .text._ZN3yss4initEv
                0x00000000000020d0       0x40 MAX32660 THUMB Debug/yss_init.o
                0x00000000000020d0                yss::init()
 .text._ZN6Malloc6mallocERNS_9MallocSetEm
                0x0000000000002110      0x1f2 MAX32660 THUMB Debug/yss_malloc.o
                0x0000000000002110                Malloc::malloc(Malloc::MallocSet&, unsigned long)
 .text._ZN6Malloc4freeERNS_9MallocSetEPv
                0x0000000000002302       0xea MAX32660 THUMB Debug/yss_malloc.o
                0x0000000000002302                Malloc::free(Malloc::MallocSet&, void*)
 .text._ZN3KeyD2Ev
                0x00000000000023ec       0x22 MAX32660 THUMB Debug/yss_key.o
                0x00000000000023ec                Key::~Key()
                0x00000000000023ec                Key::~Key()
 *fill*         0x000000000000240e        0x2 
 .text.__tcf_0  0x0000000000002410       0x20 MAX32660 THUMB Debug/yss_key.o
 .text._Z41__static_initialization_and_destruction_0ii
                0x0000000000002430       0x34 MAX32660 THUMB Debug/yss_key.o
 .text._GLOBAL__sub_I__ZN3key11gHandlerCntE
                0x0000000000002464        0xe MAX32660 THUMB Debug/yss_key.o
 *fill*         0x0000000000002472        0x2 
 .text._ZL3isrv
                0x0000000000002474       0x2c MAX32660 THUMB Debug/yss_time.o
 .text._Z14initSystemTimev
                0x00000000000024a0       0x44 MAX32660 THUMB Debug/yss_time.o
                0x00000000000024a0                initSystemTime()
 .text._ZN4time14getRunningUsecEv
                0x00000000000024e4       0x74 MAX32660 THUMB Debug/yss_time.o
                0x00000000000024e4                time::getRunningUsec()
 .text._Z14thread_uart1Rxv
                0x0000000000002558       0x38 MAX32660 THUMB Debug/main.o
                0x0000000000002558                thread_uart1Rx()
 .text.main     0x0000000000002590       0xe0 MAX32660 THUMB Debug/main.o
                0x0000000000002590                main
 .text._Z41__static_initialization_and_destruction_0ii
                0x0000000000002670       0x2c MAX32660 THUMB Debug/main.o
 .text._GLOBAL__sub_I_gMutex
                0x000000000000269c        0xe MAX32660 THUMB Debug/main.o
 *fill*         0x00000000000026aa        0x2 
 .text.libc.atexit
                0x00000000000026ac       0x24 /usr/share/crossworks_for_arm_4.7/lib/libc_v7em_fpv4_sp_d16_hard_t_le_eabi.a(libc2.o)
                0x00000000000026ac                atexit
 .text.libc.__aeabi_atexit
                0x00000000000026d0        0xa /usr/share/crossworks_for_arm_4.7/lib/libc_v7em_fpv4_sp_d16_hard_t_le_eabi.a(libc2.o)
                0x00000000000026d0                __aeabi_atexit
 .text.libdebugio.__debug_io_lock
                0x00000000000026da        0x2 /usr/share/crossworks_for_arm_4.7/lib/libdebugio_v7em_fpv4_sp_d16_hard_t_le_eabi.a(libdebugio.o)
                0x00000000000026da                __debug_io_lock
 .text.libdebugio.__debug_io_unlock
                0x00000000000026dc        0x2 /usr/share/crossworks_for_arm_4.7/lib/libdebugio_v7em_fpv4_sp_d16_hard_t_le_eabi.a(libdebugio.o)
                0x00000000000026dc                __debug_io_unlock
 .text.libc.debug_printf
                0x00000000000026de       0x12 /usr/share/crossworks_for_arm_4.7/lib/libdebugio_v7em_fpv4_sp_d16_hard_t_le_eabi.a(libdebugio_asm.o)
                0x00000000000026de                debug_printf
 .text.libdebugio.__do_debug_operation_mempoll
                0x00000000000026f0       0x30 /usr/share/crossworks_for_arm_4.7/lib/libdebugio_v7em_fpv4_sp_d16_hard_t_le_eabi.a(mempoll_debug_operations.o)
                0x00000000000026f0                __do_debug_operation_mempoll
                0x0000000000002720                __text_end__ = (__text_start__ + SIZEOF (.text))
                0x00000000000023b4                __text_size__ = SIZEOF (.text)
                0x0000000000002720                __text_load_end__ = __text_end__

.vfp11_veneer   0x0000000100000000        0x0
 .vfp11_veneer  0x0000000100000000        0x0 linker stubs

.v4_bx          0x0000000100000000        0x0
 .v4_bx         0x0000000100000000        0x0 linker stubs

.iplt           0x0000000100000000        0x0
 .iplt          0x0000000100000000        0x0 MAX32660 THUMB Debug/system_max32660.o
                0x0000000000000001                . = ASSERT (((__text_start__ == __text_end__) || ((__text_end__ - __FLASH_segment_start__) <= __FLASH_segment_size__)), error: .text is too large to fit in FLASH memory segment)
                0x0000000000002720                __dtors_load_start__ = ALIGN (__text_end__, 0x4)

.dtors          0x0000000000002720        0x0
                0x0000000000002720                __dtors_start__ = .
 *(SORT_BY_NAME(.dtors.*))
 *(.dtors)
 *(.fini_array)
 *(SORT_BY_NAME(.fini_array.*))
                0x0000000000002720                __dtors_end__ = (__dtors_start__ + SIZEOF (.dtors))
                0x0000000000000000                __dtors_size__ = SIZEOF (.dtors)
                0x0000000000002720                __dtors_load_end__ = __dtors_end__
                0x0000000000000001                . = ASSERT (((__dtors_start__ == __dtors_end__) || ((__dtors_end__ - __FLASH_segment_start__) <= __FLASH_segment_size__)), error: .dtors is too large to fit in FLASH memory segment)
                0x0000000000002720                __ctors_load_start__ = ALIGN (__dtors_end__, 0x4)

.ctors          0x0000000000002720       0x24
                0x0000000000002720                __ctors_start__ = .
 *(SORT_BY_NAME(.ctors.*))
 *(.ctors)
 *(.init_array)
 .init_array    0x0000000000002720        0x4 MAX32660 THUMB Debug/drv_gpio_maxim_type_A.o
 .init_array    0x0000000000002724        0x4 MAX32660 THUMB Debug/drv_i2c_maxim_type_A.o
 .init_array    0x0000000000002728        0x4 MAX32660 THUMB Debug/drv_nvic_maxim_type_A.o
 .init_array    0x000000000000272c        0x4 MAX32660 THUMB Debug/drv_timer_maxim_type_A.o
 .init_array    0x0000000000002730        0x4 MAX32660 THUMB Debug/drv_uart_maxim_type_A.o
 .init_array    0x0000000000002734        0x4 MAX32660 THUMB Debug/yss_scheduler.o
 .init_array    0x0000000000002738        0x4 MAX32660 THUMB Debug/yss_key.o
 .init_array    0x000000000000273c        0x4 MAX32660 THUMB Debug/main.o
 .init_array    0x0000000000002740        0x4 MAX32660 THUMB Debug/MAX32660_Startup.o
 *(SORT_BY_NAME(.init_array.*))
                0x0000000000002744                __ctors_end__ = (__ctors_start__ + SIZEOF (.ctors))
                0x0000000000000024                __ctors_size__ = SIZEOF (.ctors)
                0x0000000000002744                __ctors_load_end__ = __ctors_end__
                0x0000000000000001                . = ASSERT (((__ctors_start__ == __ctors_end__) || ((__ctors_end__ - __FLASH_segment_start__) <= __FLASH_segment_size__)), error: .ctors is too large to fit in FLASH memory segment)
                0x0000000000002744                __rodata_load_start__ = ALIGN (__ctors_end__, 0x4)

.rodata         0x0000000000002744       0x30
                0x0000000000002744                __rodata_start__ = .
 *(.rodata .rodata.* .gnu.linkonce.r.*)
 .rodata        0x0000000000002744       0x30 MAX32660 THUMB Debug/main.o
                0x0000000000002774                __rodata_end__ = (__rodata_start__ + SIZEOF (.rodata))
                0x0000000000000030                __rodata_size__ = SIZEOF (.rodata)
                0x0000000000002774                __rodata_load_end__ = __rodata_end__

.rel.dyn        0x0000000000000000        0x0
 .rel.iplt      0x0000000000000000        0x0 MAX32660 THUMB Debug/system_max32660.o
                0x0000000000000001                . = ASSERT (((__rodata_start__ == __rodata_end__) || ((__rodata_end__ - __FLASH_segment_start__) <= __FLASH_segment_size__)), error: .rodata is too large to fit in FLASH memory segment)
                0x0000000000002774                __ARM.exidx_load_start__ = ALIGN (__rodata_end__, 0x4)

.ARM.exidx      0x0000000000002774        0x0
                0x0000000000002774                __ARM.exidx_start__ = .
                0x0000000000002774                __exidx_start = __ARM.exidx_start__
 *(.ARM.exidx .ARM.exidx.*)
                0x0000000000002774                __ARM.exidx_end__ = (__ARM.exidx_start__ + SIZEOF (.ARM.exidx))
                0x0000000000000000                __ARM.exidx_size__ = SIZEOF (.ARM.exidx)
                0x0000000000002774                __exidx_end = __ARM.exidx_end__
                0x0000000000002774                __ARM.exidx_load_end__ = __ARM.exidx_end__
                0x0000000000000001                . = ASSERT (((__ARM.exidx_start__ == __ARM.exidx_end__) || ((__ARM.exidx_end__ - __FLASH_segment_start__) <= __FLASH_segment_size__)), error: .ARM.exidx is too large to fit in FLASH memory segment)
                0x0000000000002774                __fast_load_start__ = ALIGN (__ARM.exidx_end__, 0x4)

.fast           0x0000000020000000        0x0 load address 0x0000000000002774
                0x0000000020000000                __fast_start__ = .
 *(.fast .fast.*)
                0x0000000020000000                __fast_end__ = (__fast_start__ + SIZEOF (.fast))
                0x0000000000000000                __fast_size__ = SIZEOF (.fast)
                0x0000000000002774                __fast_load_end__ = (__fast_load_start__ + SIZEOF (.fast))
                0x0000000000000001                . = ASSERT (((__fast_load_start__ == __fast_load_end__) || ((__fast_load_end__ - __FLASH_segment_start__) <= __FLASH_segment_size__)), error: .fast is too large to fit in FLASH memory segment)

.fast_run       0x0000000020000000        0x0
                0x0000000020000000                __fast_run_start__ = .
                0x0000000020000000                . = MAX ((__fast_run_start__ + SIZEOF (.fast)), .)
                0x0000000020000000                __fast_run_end__ = (__fast_run_start__ + SIZEOF (.fast_run))
                0x0000000000000000                __fast_run_size__ = SIZEOF (.fast_run)
                0x0000000020000000                __fast_run_load_end__ = __fast_run_end__
                0x0000000000000001                . = ASSERT (((__fast_run_start__ == __fast_run_end__) || ((__fast_run_end__ - __RAM_segment_start__) <= __RAM_segment_size__)), error: .fast_run is too large to fit in RAM memory segment)
                0x0000000000002774                __data_load_start__ = ALIGN ((__fast_load_start__ + SIZEOF (.fast)), 0x4)

.data           0x0000000020000000       0x24 load address 0x0000000000002774
                0x0000000020000000                __data_start__ = .
 *(.data .data.* .gnu.linkonce.d.*)
 .data.SystemCoreClock
                0x0000000020000000        0x4 MAX32660 THUMB Debug/system_max32660.o
                0x0000000020000000                SystemCoreClock
 .data._ZL12gNumOfThread
                0x0000000020000004        0x2 MAX32660 THUMB Debug/yss_scheduler.o
 *fill*         0x0000000020000006        0x2 
 .data._ZL10gMallocSet
                0x0000000020000008       0x1c MAX32660 THUMB Debug/yss_hmalloc.o
                0x0000000020000024                __data_end__ = (__data_start__ + SIZEOF (.data))
                0x0000000000000024                __data_size__ = SIZEOF (.data)
                0x0000000000002798                __data_load_end__ = (__data_load_start__ + SIZEOF (.data))

.igot.plt       0x0000000100000000        0x0
 .igot.plt      0x0000000100000000        0x0 MAX32660 THUMB Debug/system_max32660.o
                0x0000000000000001                . = ASSERT (((__data_load_start__ == __data_load_end__) || ((__data_load_end__ - __FLASH_segment_start__) <= __FLASH_segment_size__)), error: .data is too large to fit in FLASH memory segment)

.data_run       0x0000000020000000       0x24 load address 0x0000000000002774
                0x0000000020000000                __data_run_start__ = .
                0x0000000020000024                . = MAX ((__data_run_start__ + SIZEOF (.data)), .)
 *fill*         0x0000000020000000       0x24 
                0x0000000020000024                __data_run_end__ = (__data_run_start__ + SIZEOF (.data_run))
                0x0000000000000024                __data_run_size__ = SIZEOF (.data_run)
                0x0000000020000024                __data_run_load_end__ = __data_run_end__
                0x0000000000000001                . = ASSERT (((__data_run_start__ == __data_run_end__) || ((__data_run_end__ - __RAM_segment_start__) <= __RAM_segment_size__)), error: .data_run is too large to fit in RAM memory segment)
                0x0000000020000024                __bss_load_start__ = ALIGN (__data_run_end__, 0x4)

.bss            0x0000000020000024    0x10484
                0x0000000020000024                __bss_start__ = .
 *(.bss .bss.* .gnu.linkonce.b.*)
 .bss.clock     0x0000000020000024        0x1 MAX32660 THUMB Debug/drv_clock_maxim_type_A.o
                0x0000000020000024                clock
 *fill*         0x0000000020000025        0x3 
 .bss.gpio0     0x0000000020000028       0x1c MAX32660 THUMB Debug/drv_gpio_maxim_type_A.o
                0x0000000020000028                gpio0
 .bss.i2c0      0x0000000020000044       0x18 MAX32660 THUMB Debug/drv_i2c_maxim_type_A.o
                0x0000000020000044                i2c0
 .bss.nvic      0x000000002000005c        0x1 MAX32660 THUMB Debug/drv_nvic_maxim_type_A.o
                0x000000002000005c                nvic
 *fill*         0x000000002000005d        0x3 
 .bss.timer0    0x0000000020000060       0x24 MAX32660 THUMB Debug/drv_timer_maxim_type_A.o
                0x0000000020000060                timer0
 .bss.timer1    0x0000000020000084       0x24 MAX32660 THUMB Debug/drv_timer_maxim_type_A.o
                0x0000000020000084                timer1
 .bss.timer2    0x00000000200000a8       0x24 MAX32660 THUMB Debug/drv_timer_maxim_type_A.o
                0x00000000200000a8                timer2
 .bss.uart0     0x00000000200000cc       0x2c MAX32660 THUMB Debug/drv_uart_maxim_type_A.o
                0x00000000200000cc                uart0
 .bss.uart1     0x00000000200000f8       0x2c MAX32660 THUMB Debug/drv_uart_maxim_type_A.o
                0x00000000200000f8                uart1
 .bss._ZN5Mutex5mInitE
                0x0000000020000124        0x1 MAX32660 THUMB Debug/yss_Mutex.o
                0x0000000020000124                Mutex::mInit
 *fill*         0x0000000020000125        0x3 
 .bss._ZL5gTask
                0x0000000020000128       0xe0 MAX32660 THUMB Debug/yss_scheduler.o
 .bss._ZL16gStartingTrigger
                0x0000000020000208       0x10 MAX32660 THUMB Debug/yss_scheduler.o
 .bss._ZL17gCurrentThreadNum
                0x0000000020000218        0x2 MAX32660 THUMB Debug/yss_scheduler.o
 *fill*         0x000000002000021a        0x2 
 .bss._ZL6gMutex
                0x000000002000021c        0x8 MAX32660 THUMB Debug/yss_scheduler.o
 .bss._ZL9gInitFlag
                0x0000000020000224        0x1 MAX32660 THUMB Debug/yss_scheduler.o
 .bss._ZL12gTriggerFlag
                0x0000000020000225        0x1 MAX32660 THUMB Debug/yss_scheduler.o
 *fill*         0x0000000020000226        0x2 
 .bss._ZL17gLastNormalThread
                0x0000000020000228        0x4 MAX32660 THUMB Debug/yss_scheduler.o
 .bss._ZL8gCluster
                0x000000002000022c       0x40 MAX32660 THUMB Debug/yss_hmalloc.o
 .bss._ZL5gHeap
                0x000000002000026c    0x10000 MAX32660 THUMB Debug/yss_hmalloc.o
 .bss._ZL16gMallocDataTable
                0x000000002001026c      0x180 MAX32660 THUMB Debug/yss_hmalloc.o
 .bss._ZL8gWaitNum
                0x00000000200103ec        0x4 MAX32660 THUMB Debug/yss_hmalloc.o
 .bss._ZL11gCurrentNum
                0x00000000200103f0        0x4 MAX32660 THUMB Debug/yss_hmalloc.o
 .bss._ZL4gKey  0x00000000200103f4        0x0 MAX32660 THUMB Debug/yss_key.o
 *fill*         0x00000000200103f4        0x4 
 .bss.gYssTimeSum
                0x00000000200103f8        0x8 MAX32660 THUMB Debug/yss_time.o
                0x00000000200103f8                gYssTimeSum
 .bss.gOverFlowCnt
                0x0000000020010400        0x4 MAX32660 THUMB Debug/yss_time.o
                0x0000000020010400                gOverFlowCnt
 *fill*         0x0000000020010404        0x4 
 .bss._ZN4time16gLastRequestTimeE
                0x0000000020010408        0x8 MAX32660 THUMB Debug/yss_time.o
                0x0000000020010408                time::gLastRequestTime
 .bss.gMutex    0x0000000020010410        0x8 MAX32660 THUMB Debug/main.o
                0x0000000020010410                gMutex
 .bss.libc.__atexitfns
                0x0000000020010418       0x80 /usr/share/crossworks_for_arm_4.7/lib/libc_v7em_fpv4_sp_d16_hard_t_le_eabi.a(libc2.o)
 .bss.libc.__dso_handle
                0x0000000020010498        0x4 /usr/share/crossworks_for_arm_4.7/lib/libc_v7em_fpv4_sp_d16_hard_t_le_eabi.a(libc2.o)
                0x0000000020010498                __dso_handle
 .bss.libc.atexitfn_count
                0x000000002001049c        0x4 /usr/share/crossworks_for_arm_4.7/lib/libc_v7em_fpv4_sp_d16_hard_t_le_eabi.a(libc2.o)
 .bss.libdebugio.dbgCntrlWord_mempoll
                0x00000000200104a0        0x4 /usr/share/crossworks_for_arm_4.7/lib/libdebugio_v7em_fpv4_sp_d16_hard_t_le_eabi.a(mempoll_debug_operations.o)
                0x00000000200104a0                dbgCntrlWord_mempoll
 .bss.libdebugio.dbgCommWord
                0x00000000200104a4        0x4 /usr/share/crossworks_for_arm_4.7/lib/libdebugio_v7em_fpv4_sp_d16_hard_t_le_eabi.a(mempoll_debug_operations.o)
                0x00000000200104a4                dbgCommWord
 *(COMMON)
                0x00000000200104a8                __bss_end__ = (__bss_start__ + SIZEOF (.bss))
                0x0000000000010484                __bss_size__ = SIZEOF (.bss)
                0x00000000200104a8                __bss_load_end__ = __bss_end__
                0x0000000000000001                . = ASSERT (((__bss_start__ == __bss_end__) || ((__bss_end__ - __RAM_segment_start__) <= __RAM_segment_size__)), error: .bss is too large to fit in RAM memory segment)
                0x00000000200104a8                __tbss_load_start__ = ALIGN (__bss_end__, 0x4)

.tbss           0x00000000200104a8        0x0
                0x00000000200104a8                __tbss_start__ = .
 *(.tbss .tbss.*)
                0x00000000200104a8                __tbss_end__ = (__tbss_start__ + SIZEOF (.tbss))
                0x0000000000000000                __tbss_size__ = SIZEOF (.tbss)
                0x00000000200104a8                __tbss_load_end__ = __tbss_end__
                0x0000000000000001                . = ASSERT (((__tbss_start__ == __tbss_end__) || ((__tbss_end__ - __RAM_segment_start__) <= __RAM_segment_size__)), error: .tbss is too large to fit in RAM memory segment)
                0x0000000000002798                __tdata_load_start__ = ALIGN ((__data_load_start__ + SIZEOF (.data)), 0x4)

.tdata          0x00000000200104a8        0x0 load address 0x0000000000002798
                0x00000000200104a8                __tdata_start__ = .
 *(.tdata .tdata.*)
                0x00000000200104a8                __tdata_end__ = (__tdata_start__ + SIZEOF (.tdata))
                0x0000000000000000                __tdata_size__ = SIZEOF (.tdata)
                0x0000000000002798                __tdata_load_end__ = (__tdata_load_start__ + SIZEOF (.tdata))
                0x0000000000002798                __FLASH_segment_used_end__ = (ALIGN ((__data_load_start__ + SIZEOF (.data)), 0x4) + SIZEOF (.tdata))
                0x0000000000002798                __FLASH_segment_used_size__ = (__FLASH_segment_used_end__ - __FLASH_segment_start__)
                0x0000000000000001                . = ASSERT (((__tdata_load_start__ == __tdata_load_end__) || ((__tdata_load_end__ - __FLASH_segment_start__) <= __FLASH_segment_size__)), error: .tdata is too large to fit in FLASH memory segment)

.tdata_run      0x00000000200104a8        0x0
                0x00000000200104a8                __tdata_run_start__ = .
                0x00000000200104a8                . = MAX ((__tdata_run_start__ + SIZEOF (.tdata)), .)
                0x00000000200104a8                __tdata_run_end__ = (__tdata_run_start__ + SIZEOF (.tdata_run))
                0x0000000000000000                __tdata_run_size__ = SIZEOF (.tdata_run)
                0x00000000200104a8                __tdata_run_load_end__ = __tdata_run_end__
                0x0000000000000001                . = ASSERT (((__tdata_run_start__ == __tdata_run_end__) || ((__tdata_run_end__ - __RAM_segment_start__) <= __RAM_segment_size__)), error: .tdata_run is too large to fit in RAM memory segment)
                0x00000000200104a8                __non_init_load_start__ = ALIGN (__tdata_run_end__, 0x4)

.non_init       0x00000000200104a8        0x4
                0x00000000200104a8                __non_init_start__ = .
 *(.non_init .non_init.*)
 .non_init      0x00000000200104a8        0x4 MAX32660 THUMB Debug/drv_clock_maxim_type_A.o
                0x00000000200104a8                drv::gSystemClockFreq
                0x00000000200104ac                __non_init_end__ = (__non_init_start__ + SIZEOF (.non_init))
                0x0000000000000004                __non_init_size__ = SIZEOF (.non_init)
                0x00000000200104ac                __non_init_load_end__ = __non_init_end__
                0x0000000000000001                . = ASSERT (((__non_init_start__ == __non_init_end__) || ((__non_init_end__ - __RAM_segment_start__) <= __RAM_segment_size__)), error: .non_init is too large to fit in RAM memory segment)
                0x00000000200104ac                __heap_load_start__ = ALIGN (__non_init_end__, 0x4)

.heap           0x00000000200104ac        0x0
                0x00000000200104ac                __heap_start__ = .
 *(.heap .heap.*)
                0x00000000200104ac                . = ALIGN (MAX ((__heap_start__ + __HEAPSIZE__), .), 0x4)
                0x00000000200104ac                __heap_end__ = (__heap_start__ + SIZEOF (.heap))
                0x0000000000000000                __heap_size__ = SIZEOF (.heap)
                0x00000000200104ac                __heap_load_end__ = __heap_end__
                0x0000000000000001                . = ASSERT (((__heap_start__ == __heap_end__) || ((__heap_end__ - __RAM_segment_start__) <= __RAM_segment_size__)), error: .heap is too large to fit in RAM memory segment)
                0x00000000200104b0                __stack_load_start__ = ALIGN (__heap_end__, 0x8)

.stack          0x00000000200104b0      0x800
                0x00000000200104b0                __stack_start__ = .
 *(.stack .stack.*)
                0x0000000020010cb0                . = ALIGN (MAX ((__stack_start__ + __STACKSIZE__), .), 0x8)
 *fill*         0x00000000200104b0      0x800 
                0x0000000020010cb0                __stack_end__ = (__stack_start__ + SIZEOF (.stack))
                0x0000000000000800                __stack_size__ = SIZEOF (.stack)
                0x0000000020010cb0                __stack_load_end__ = __stack_end__
                0x0000000000000001                . = ASSERT (((__stack_start__ == __stack_end__) || ((__stack_end__ - __RAM_segment_start__) <= __RAM_segment_size__)), error: .stack is too large to fit in RAM memory segment)
                0x0000000020010cb0                __stack_process_load_start__ = ALIGN (__stack_end__, 0x8)

.stack_process  0x0000000020010cb0      0x800
                0x0000000020010cb0                __stack_process_start__ = .
 *(.stack_process .stack_process.*)
                0x00000000200114b0                . = ALIGN (MAX ((__stack_process_start__ + __STACKSIZE_PROCESS__), .), 0x8)
 *fill*         0x0000000020010cb0      0x800 
                0x00000000200114b0                __stack_process_end__ = (__stack_process_start__ + SIZEOF (.stack_process))
                0x0000000000000800                __stack_process_size__ = SIZEOF (.stack_process)
                0x00000000200114b0                __stack_process_load_end__ = __stack_process_end__
                0x00000000200114b0                __RAM_segment_used_end__ = (ALIGN (__stack_end__, 0x8) + SIZEOF (.stack_process))
                0x00000000000114b0                __RAM_segment_used_size__ = (__RAM_segment_used_end__ - __RAM_segment_start__)
                0x0000000000000001                . = ASSERT (((__stack_process_start__ == __stack_process_end__) || ((__stack_process_end__ - __RAM_segment_start__) <= __RAM_segment_size__)), error: .stack_process is too large to fit in RAM memory segment)
START GROUP
LOAD MAX32660 THUMB Debug/system_max32660.o
LOAD MAX32660 THUMB Debug/drv_adc_not_support.o
LOAD MAX32660 THUMB Debug/drv_adc_st_type_A.o
LOAD MAX32660 THUMB Debug/drv_adc_st_type_B.o
LOAD MAX32660 THUMB Debug/drv_adc_st_type_C.o
LOAD MAX32660 THUMB Debug/drv_can_not_support.o
LOAD MAX32660 THUMB Debug/drv_can_st_type_A.o
LOAD MAX32660 THUMB Debug/drv_can_st_type_B.o
LOAD MAX32660 THUMB Debug/drv_clock_maxim_type_A.o
LOAD MAX32660 THUMB Debug/drv_clock_maxim_type_A_peripherals.o
LOAD MAX32660 THUMB Debug/drv_clock_microchip_type_A.o
LOAD MAX32660 THUMB Debug/drv_clock_microchip_type_A_peripherals.o
LOAD MAX32660 THUMB Debug/drv_clock_st_type_A.o
LOAD MAX32660 THUMB Debug/drv_clock_st_type_A_peripherals.o
LOAD MAX32660 THUMB Debug/drv_clock_st_type_B.o
LOAD MAX32660 THUMB Debug/drv_clock_st_type_B_peripherals.o
LOAD MAX32660 THUMB Debug/drv_clock_st_type_C.o
LOAD MAX32660 THUMB Debug/drv_clock_st_type_C_peripherals.o
LOAD MAX32660 THUMB Debug/drv_clock_st_type_D.o
LOAD MAX32660 THUMB Debug/drv_clock_st_type_D_peripherals.o
LOAD MAX32660 THUMB Debug/drv_dac_not_support.o
LOAD MAX32660 THUMB Debug/drv_dac_st_type_A.o
LOAD MAX32660 THUMB Debug/drv_dma_not_support.o
LOAD MAX32660 THUMB Debug/drv_dma_st_type_A.o
LOAD MAX32660 THUMB Debug/drv_dma_st_type_A_isr.o
LOAD MAX32660 THUMB Debug/drv_dma_st_type_A_stream.o
LOAD MAX32660 THUMB Debug/drv_dma_st_type_B.o
LOAD MAX32660 THUMB Debug/drv_dma_st_type_B_isr.o
LOAD MAX32660 THUMB Debug/drv_dma_st_type_B_stream.o
LOAD MAX32660 THUMB Debug/drv_dma_st_type_C.o
LOAD MAX32660 THUMB Debug/drv_dma_st_type_C_isr.o
LOAD MAX32660 THUMB Debug/drv_dma_st_type_C_stream.o
LOAD MAX32660 THUMB Debug/drv_dma2d_st_type_A.o
LOAD MAX32660 THUMB Debug/drv_dma2d_st_type_A_argb1555.o
LOAD MAX32660 THUMB Debug/drv_dma2d_st_type_A_mixedDraw.o
LOAD MAX32660 THUMB Debug/drv_dma2d_st_type_A_rgb565.o
LOAD MAX32660 THUMB Debug/drv_dma2d_st_type_A_rgb888.o
LOAD MAX32660 THUMB Debug/Drv.o
LOAD MAX32660 THUMB Debug/drv_exti_not_support.o
LOAD MAX32660 THUMB Debug/drv_exti_st_type_A.o
LOAD MAX32660 THUMB Debug/drv_flash_not_support.o
LOAD MAX32660 THUMB Debug/drv_flash_st_type_A.o
LOAD MAX32660 THUMB Debug/drv_flash_st_type_B.o
LOAD MAX32660 THUMB Debug/drv_flash_st_type_C.o
LOAD MAX32660 THUMB Debug/drv_flash_st_type_D.o
LOAD MAX32660 THUMB Debug/drv_gpio_infineon_type_A.o
LOAD MAX32660 THUMB Debug/drv_gpio_maxim_type_A.o
LOAD MAX32660 THUMB Debug/drv_gpio_microchip_type_A.o
LOAD MAX32660 THUMB Debug/drv_gpio_not_support.o
LOAD MAX32660 THUMB Debug/drv_gpio_st_type_A.o
LOAD MAX32660 THUMB Debug/drv_gpio_st_type_B.o
LOAD MAX32660 THUMB Debug/drv_i2c_maxim_type_A.o
LOAD MAX32660 THUMB Debug/drv_i2c_not_support.o
LOAD MAX32660 THUMB Debug/drv_i2c_st_type_A.o
LOAD MAX32660 THUMB Debug/drv_i2c_st_type_B.o
LOAD MAX32660 THUMB Debug/drv_i2c_st_type_C.o
LOAD MAX32660 THUMB Debug/drv_ltdc_not_support.o
LOAD MAX32660 THUMB Debug/drv_ltdc_st_type_A.o
LOAD MAX32660 THUMB Debug/drv_nvic_maxim_type_A.o
LOAD MAX32660 THUMB Debug/drv_nvic_not_support.o
LOAD MAX32660 THUMB Debug/drv_nvic_st_type_A.o
LOAD MAX32660 THUMB Debug/drv_nvic_st_type_B.o
LOAD MAX32660 THUMB Debug/drv_nvic_st_type_C.o
LOAD MAX32660 THUMB Debug/drv_quadspi_st_type_A.o
LOAD MAX32660 THUMB Debug/drv_rtc_st_type_A.o
LOAD MAX32660 THUMB Debug/drv_sdmmc_st_type_A.o
LOAD MAX32660 THUMB Debug/drv_sdram_st_type_A.o
LOAD MAX32660 THUMB Debug/drv_spi_microchip_type_A.o
LOAD MAX32660 THUMB Debug/drv_spi_not_support.o
LOAD MAX32660 THUMB Debug/drv_spi_st_type_A.o
LOAD MAX32660 THUMB Debug/drv_syscfg_not_support.o
LOAD MAX32660 THUMB Debug/drv_syscfg_st_type_A.o
LOAD MAX32660 THUMB Debug/drv_timer_maxim_type_A.o
LOAD MAX32660 THUMB Debug/drv_timer_st_type_A.o
LOAD MAX32660 THUMB Debug/drv_uart_maxim_type_A.o
LOAD MAX32660 THUMB Debug/drv_uart_st_type_A.o
LOAD MAX32660 THUMB Debug/drv_uart_st_type_B.o
LOAD MAX32660 THUMB Debug/drv_uart_st_type_C.o
LOAD MAX32660 THUMB Debug/drv_usbd_st_type_A.o
LOAD MAX32660 THUMB Debug/drv_usbd_usbdata.o
LOAD MAX32660 THUMB Debug/yss_usbd_usbdata_copy.o
LOAD MAX32660 THUMB Debug/yss_peripherals_stm32f103xg.o
LOAD MAX32660 THUMB Debug/yss_peripherals_stm32f4xx.o
LOAD MAX32660 THUMB Debug/yss_peripherals_stm32f7xx.o
LOAD MAX32660 THUMB Debug/event_control.o
LOAD MAX32660 THUMB Debug/Argb1555.o
LOAD MAX32660 THUMB Debug/Brush.o
LOAD MAX32660 THUMB Debug/Button.o
LOAD MAX32660 THUMB Debug/CheckBox.o
LOAD MAX32660 THUMB Debug/Container.o
LOAD MAX32660 THUMB Debug/CpuFrameBuffer.o
LOAD MAX32660 THUMB Debug/Font.o
LOAD MAX32660 THUMB Debug/Frame.o
LOAD MAX32660 THUMB Debug/FrameBuffer.o
LOAD MAX32660 THUMB Debug/HSlider.o
LOAD MAX32660 THUMB Debug/Label.o
LOAD MAX32660 THUMB Debug/Object.o
LOAD MAX32660 THUMB Debug/Panel.o
LOAD MAX32660 THUMB Debug/RadioButton.o
LOAD MAX32660 THUMB Debug/RatioPanel.o
LOAD MAX32660 THUMB Debug/Rgb565.o
LOAD MAX32660 THUMB Debug/Rgb888.o
LOAD MAX32660 THUMB Debug/Segment.o
LOAD MAX32660 THUMB Debug/SerialFrameBuffer.o
LOAD MAX32660 THUMB Debug/VSlider.o
LOAD MAX32660 THUMB Debug/mod_JLX1602A_4.o
LOAD MAX32660 THUMB Debug/mod_ILI9341.o
LOAD MAX32660 THUMB Debug/mod_FT5336.o
LOAD MAX32660 THUMB Debug/mod_CAT24C256.o
LOAD MAX32660 THUMB Debug/mod_FM24CL04B.o
LOAD MAX32660 THUMB Debug/mod_SN74LV166A.o
LOAD MAX32660 THUMB Debug/mod_SN74LV595A.o
LOAD MAX32660 THUMB Debug/mod_N25Q128A1.o
LOAD MAX32660 THUMB Debug/mod_HT1382.o
LOAD MAX32660 THUMB Debug/mod_STMPE811.o
LOAD MAX32660 THUMB Debug/mod_AS4C16M16SA_7TCN.o
LOAD MAX32660 THUMB Debug/mod_IS42S16400J_7TL.o
LOAD MAX32660 THUMB Debug/mod_MT48LC4M32B2B5_6A.o
LOAD MAX32660 THUMB Debug/mod_MT48LC8M16A2_6A.o
LOAD MAX32660 THUMB Debug/mod_VirtualMassStorage.o
LOAD MAX32660 THUMB Debug/mod_RK043FN48H.o
LOAD MAX32660 THUMB Debug/mod_RX050A_0701.o
LOAD MAX32660 THUMB Debug/mod_SF_TC240T_9370_T.o
LOAD MAX32660 THUMB Debug/mod_MassStorage.o
LOAD MAX32660 THUMB Debug/mod_Printer.o
LOAD MAX32660 THUMB Debug/msp_max32660.o
LOAD MAX32660 THUMB Debug/msp_atsaml21.o
LOAD MAX32660 THUMB Debug/system_saml21.o
LOAD MAX32660 THUMB Debug/msp_default.o
LOAD MAX32660 THUMB Debug/msp_stm32f1xx.o
LOAD MAX32660 THUMB Debug/msp_stm32f4xx.o
LOAD MAX32660 THUMB Debug/msp_stm32f7xx.o
LOAD MAX32660 THUMB Debug/msp_stm32g4xx.o
LOAD MAX32660 THUMB Debug/sac_Brush.o
LOAD MAX32660 THUMB Debug/sac_Clcd.o
LOAD MAX32660 THUMB Debug/sac_Comm.o
LOAD MAX32660 THUMB Debug/sac_CpuTft.o
LOAD MAX32660 THUMB Debug/sac_MassStorage.o
LOAD MAX32660 THUMB Debug/sac_QuadspiFlash.o
LOAD MAX32660 THUMB Debug/sac_Rtc.o
LOAD MAX32660 THUMB Debug/sac_Rtouch.o
LOAD MAX32660 THUMB Debug/sac_SerialMemory.o
LOAD MAX32660 THUMB Debug/yss_context_switching.o
LOAD MAX32660 THUMB Debug/yss_Mutex.o
LOAD MAX32660 THUMB Debug/yss_scheduler.o
LOAD MAX32660 THUMB Debug/yss_memcpy.o
LOAD MAX32660 THUMB Debug/yss_memset.o
LOAD MAX32660 THUMB Debug/yss_memsethw.o
LOAD MAX32660 THUMB Debug/yss_memsetw.o
LOAD MAX32660 THUMB Debug/yss_fat32.o
LOAD MAX32660 THUMB Debug/yss_fs.o
LOAD MAX32660 THUMB Debug/yss_cmalloc.o
LOAD MAX32660 THUMB Debug/yss_framebuffer.o
LOAD MAX32660 THUMB Debug/yss_hmalloc.o
LOAD MAX32660 THUMB Debug/yss_init.o
LOAD MAX32660 THUMB Debug/yss_lmalloc.o
LOAD MAX32660 THUMB Debug/yss_malloc.o
LOAD MAX32660 THUMB Debug/yss_Fifo.o
LOAD MAX32660 THUMB Debug/yss_functionQueue.o
LOAD MAX32660 THUMB Debug/yss_key.o
LOAD MAX32660 THUMB Debug/yss_Lpf.o
LOAD MAX32660 THUMB Debug/yss_Period.o
LOAD MAX32660 THUMB Debug/yss_Pid.o
LOAD MAX32660 THUMB Debug/yss_time.o
LOAD MAX32660 THUMB Debug/yss_TimeLapse.o
LOAD MAX32660 THUMB Debug/main.o
LOAD MAX32660 THUMB Debug/thumb_crt0.o
LOAD MAX32660 THUMB Debug/MAX32660_Startup.o
LOAD MAX32660 THUMB Debug/max32660_Vectors.o
LOAD /usr/share/crossworks_for_arm_4.7/lib/libm_v7em_fpv4_sp_d16_hard_t_le_eabi.a
LOAD /usr/share/crossworks_for_arm_4.7/lib/libc_v7em_fpv4_sp_d16_hard_t_le_eabi.a
LOAD /usr/share/crossworks_for_arm_4.7/lib/libdebugio_v7em_fpv4_sp_d16_hard_t_le_eabi.a
LOAD /usr/share/crossworks_for_arm_4.7/lib/libcm_v7em_fpv4_sp_d16_hard_t_le_eabi.a
LOAD /usr/share/crossworks_for_arm_4.7/lib/libcpp_v7em_fpv4_sp_d16_hard_t_le_eabi.a
END GROUP
OUTPUT(MAX32660 THUMB Debug/MAX32660.elf elf32-littlearm)
LOAD linker stubs

.debug_frame    0x0000000000000000     0x1a9c
 .debug_frame   0x0000000000000000       0x6c MAX32660 THUMB Debug/system_max32660.o
 .debug_frame   0x000000000000006c       0x70 MAX32660 THUMB Debug/drv_clock_maxim_type_A.o
 .debug_frame   0x00000000000000dc       0xf0 MAX32660 THUMB Debug/drv_clock_maxim_type_A_peripherals.o
 .debug_frame   0x00000000000001cc      0x100 MAX32660 THUMB Debug/Drv.o
 .debug_frame   0x00000000000002cc      0x15c MAX32660 THUMB Debug/drv_gpio_maxim_type_A.o
 .debug_frame   0x0000000000000428       0xec MAX32660 THUMB Debug/drv_i2c_maxim_type_A.o
 .debug_frame   0x0000000000000514      0x184 MAX32660 THUMB Debug/drv_nvic_maxim_type_A.o
 .debug_frame   0x0000000000000698      0x334 MAX32660 THUMB Debug/drv_timer_maxim_type_A.o
 .debug_frame   0x00000000000009cc      0x298 MAX32660 THUMB Debug/drv_uart_maxim_type_A.o
 .debug_frame   0x0000000000000c64       0x2c MAX32660 THUMB Debug/msp_max32660.o
 .debug_frame   0x0000000000000c90       0x3c MAX32660 THUMB Debug/msp_default.o
 .debug_frame   0x0000000000000ccc      0x108 MAX32660 THUMB Debug/yss_Mutex.o
 .debug_frame   0x0000000000000dd4      0x3a4 MAX32660 THUMB Debug/yss_scheduler.o
 .debug_frame   0x0000000000001178       0xd8 MAX32660 THUMB Debug/yss_hmalloc.o
 .debug_frame   0x0000000000001250       0xa0 MAX32660 THUMB Debug/yss_init.o
 .debug_frame   0x00000000000012f0       0x50 MAX32660 THUMB Debug/yss_malloc.o
 .debug_frame   0x0000000000001340      0x5b0 MAX32660 THUMB Debug/yss_key.o
 .debug_frame   0x00000000000018f0       0xe0 MAX32660 THUMB Debug/yss_time.o
 .debug_frame   0x00000000000019d0       0xcc MAX32660 THUMB Debug/main.o

.debug_info     0x0000000000000000    0x173b0
 .debug_info    0x0000000000000000      0xa46 MAX32660 THUMB Debug/system_max32660.o
 .debug_info    0x0000000000000a46     0x1c1f MAX32660 THUMB Debug/drv_clock_maxim_type_A.o
 .debug_info    0x0000000000002665     0x19ed MAX32660 THUMB Debug/drv_clock_maxim_type_A_peripherals.o
 .debug_info    0x0000000000004052      0x3c2 MAX32660 THUMB Debug/Drv.o
 .debug_info    0x0000000000004414     0x1a7b MAX32660 THUMB Debug/drv_gpio_maxim_type_A.o
 .debug_info    0x0000000000005e8f     0x191c MAX32660 THUMB Debug/drv_i2c_maxim_type_A.o
 .debug_info    0x00000000000077ab     0x1cb9 MAX32660 THUMB Debug/drv_nvic_maxim_type_A.o
 .debug_info    0x0000000000009464     0x1bd0 MAX32660 THUMB Debug/drv_timer_maxim_type_A.o
 .debug_info    0x000000000000b034     0x167c MAX32660 THUMB Debug/drv_uart_maxim_type_A.o
 .debug_info    0x000000000000c6b0     0x1252 MAX32660 THUMB Debug/msp_max32660.o
 .debug_info    0x000000000000d902     0x121b MAX32660 THUMB Debug/msp_default.o
 .debug_info    0x000000000000eb1d       0x26 MAX32660 THUMB Debug/yss_context_switching.o
 .debug_info    0x000000000000eb43      0x393 MAX32660 THUMB Debug/yss_Mutex.o
 .debug_info    0x000000000000eed6     0x1193 MAX32660 THUMB Debug/yss_scheduler.o
 .debug_info    0x0000000000010069      0x8fa MAX32660 THUMB Debug/yss_hmalloc.o
 .debug_info    0x0000000000010963     0x1daa MAX32660 THUMB Debug/yss_init.o
 .debug_info    0x000000000001270d      0x8c6 MAX32660 THUMB Debug/yss_malloc.o
 .debug_info    0x0000000000012fd3     0x10b8 MAX32660 THUMB Debug/yss_key.o
 .debug_info    0x000000000001408b     0x18c6 MAX32660 THUMB Debug/yss_time.o
 .debug_info    0x0000000000015951     0x19f1 MAX32660 THUMB Debug/main.o
 .debug_info    0x0000000000017342       0x22 MAX32660 THUMB Debug/thumb_crt0.o
 .debug_info    0x0000000000017364       0x26 MAX32660 THUMB Debug/MAX32660_Startup.o
 .debug_info    0x000000000001738a       0x26 MAX32660 THUMB Debug/max32660_Vectors.o

.debug_abbrev   0x0000000000000000     0x3a00
 .debug_abbrev  0x0000000000000000      0x1ef MAX32660 THUMB Debug/system_max32660.o
 .debug_abbrev  0x00000000000001ef      0x37f MAX32660 THUMB Debug/drv_clock_maxim_type_A.o
 .debug_abbrev  0x000000000000056e      0x30c MAX32660 THUMB Debug/drv_clock_maxim_type_A_peripherals.o
 .debug_abbrev  0x000000000000087a      0x1b7 MAX32660 THUMB Debug/Drv.o
 .debug_abbrev  0x0000000000000a31      0x38c MAX32660 THUMB Debug/drv_gpio_maxim_type_A.o
 .debug_abbrev  0x0000000000000dbd      0x3c9 MAX32660 THUMB Debug/drv_i2c_maxim_type_A.o
 .debug_abbrev  0x0000000000001186      0x3f3 MAX32660 THUMB Debug/drv_nvic_maxim_type_A.o
 .debug_abbrev  0x0000000000001579      0x401 MAX32660 THUMB Debug/drv_timer_maxim_type_A.o
 .debug_abbrev  0x000000000000197a      0x3c2 MAX32660 THUMB Debug/drv_uart_maxim_type_A.o
 .debug_abbrev  0x0000000000001d3c      0x29f MAX32660 THUMB Debug/msp_max32660.o
 .debug_abbrev  0x0000000000001fdb      0x283 MAX32660 THUMB Debug/msp_default.o
 .debug_abbrev  0x000000000000225e       0x14 MAX32660 THUMB Debug/yss_context_switching.o
 .debug_abbrev  0x0000000000002272      0x1df MAX32660 THUMB Debug/yss_Mutex.o
 .debug_abbrev  0x0000000000002451      0x3fa MAX32660 THUMB Debug/yss_scheduler.o
 .debug_abbrev  0x000000000000284b      0x1cb MAX32660 THUMB Debug/yss_hmalloc.o
 .debug_abbrev  0x0000000000002a16      0x3b6 MAX32660 THUMB Debug/yss_init.o
 .debug_abbrev  0x0000000000002dcc      0x1f1 MAX32660 THUMB Debug/yss_malloc.o
 .debug_abbrev  0x0000000000002fbd      0x321 MAX32660 THUMB Debug/yss_key.o
 .debug_abbrev  0x00000000000032de      0x35d MAX32660 THUMB Debug/yss_time.o
 .debug_abbrev  0x000000000000363b      0x38b MAX32660 THUMB Debug/main.o
 .debug_abbrev  0x00000000000039c6       0x12 MAX32660 THUMB Debug/thumb_crt0.o
 .debug_abbrev  0x00000000000039d8       0x14 MAX32660 THUMB Debug/MAX32660_Startup.o
 .debug_abbrev  0x00000000000039ec       0x14 MAX32660 THUMB Debug/max32660_Vectors.o

.debug_pubnames
                0x0000000000000000     0x4a43
 .debug_pubnames
                0x0000000000000000       0x7e MAX32660 THUMB Debug/system_max32660.o
 .debug_pubnames
                0x000000000000007e      0x575 MAX32660 THUMB Debug/drv_clock_maxim_type_A.o
 .debug_pubnames
                0x00000000000005f3      0x2bf MAX32660 THUMB Debug/drv_clock_maxim_type_A_peripherals.o
 .debug_pubnames
                0x00000000000008b2       0x72 MAX32660 THUMB Debug/Drv.o
 .debug_pubnames
                0x0000000000000924      0x542 MAX32660 THUMB Debug/drv_gpio_maxim_type_A.o
 .debug_pubnames
                0x0000000000000e66      0x4ff MAX32660 THUMB Debug/drv_i2c_maxim_type_A.o
 .debug_pubnames
                0x0000000000001365      0x53e MAX32660 THUMB Debug/drv_nvic_maxim_type_A.o
 .debug_pubnames
                0x00000000000018a3      0x66d MAX32660 THUMB Debug/drv_timer_maxim_type_A.o
 .debug_pubnames
                0x0000000000001f10      0x5c9 MAX32660 THUMB Debug/drv_uart_maxim_type_A.o
 .debug_pubnames
                0x00000000000024d9      0x2bc MAX32660 THUMB Debug/msp_max32660.o
 .debug_pubnames
                0x0000000000002795      0x1fb MAX32660 THUMB Debug/msp_default.o
 .debug_pubnames
                0x0000000000002990       0xc4 MAX32660 THUMB Debug/yss_Mutex.o
 .debug_pubnames
                0x0000000000002a54      0x517 MAX32660 THUMB Debug/yss_scheduler.o
 .debug_pubnames
                0x0000000000002f6b       0xe7 MAX32660 THUMB Debug/yss_hmalloc.o
 .debug_pubnames
                0x0000000000003052      0x28d MAX32660 THUMB Debug/yss_init.o
 .debug_pubnames
                0x00000000000032df       0x65 MAX32660 THUMB Debug/yss_malloc.o
 .debug_pubnames
                0x0000000000003344      0x4e9 MAX32660 THUMB Debug/yss_key.o
 .debug_pubnames
                0x000000000000382d      0x51b MAX32660 THUMB Debug/yss_time.o
 .debug_pubnames
                0x0000000000003d48      0xcfb MAX32660 THUMB Debug/main.o

.debug_pubtypes
                0x0000000000000000     0x2b45
 .debug_pubtypes
                0x0000000000000000      0x1cc MAX32660 THUMB Debug/system_max32660.o
 .debug_pubtypes
                0x00000000000001cc      0x32d MAX32660 THUMB Debug/drv_clock_maxim_type_A.o
 .debug_pubtypes
                0x00000000000004f9      0x304 MAX32660 THUMB Debug/drv_clock_maxim_type_A_peripherals.o
 .debug_pubtypes
                0x00000000000007fd       0x5a MAX32660 THUMB Debug/Drv.o
 .debug_pubtypes
                0x0000000000000857      0x2f1 MAX32660 THUMB Debug/drv_gpio_maxim_type_A.o
 .debug_pubtypes
                0x0000000000000b48      0x2f1 MAX32660 THUMB Debug/drv_i2c_maxim_type_A.o
 .debug_pubtypes
                0x0000000000000e39      0x319 MAX32660 THUMB Debug/drv_nvic_maxim_type_A.o
 .debug_pubtypes
                0x0000000000001152      0x2f1 MAX32660 THUMB Debug/drv_timer_maxim_type_A.o
 .debug_pubtypes
                0x0000000000001443      0x23b MAX32660 THUMB Debug/drv_uart_maxim_type_A.o
 .debug_pubtypes
                0x000000000000167e      0x23b MAX32660 THUMB Debug/msp_max32660.o
 .debug_pubtypes
                0x00000000000018b9      0x23b MAX32660 THUMB Debug/msp_default.o
 .debug_pubtypes
                0x0000000000001af4       0xe1 MAX32660 THUMB Debug/yss_Mutex.o
 .debug_pubtypes
                0x0000000000001bd5      0x1b6 MAX32660 THUMB Debug/yss_scheduler.o
 .debug_pubtypes
                0x0000000000001d8b      0x1ff MAX32660 THUMB Debug/yss_hmalloc.o
 .debug_pubtypes
                0x0000000000001f8a      0x344 MAX32660 THUMB Debug/yss_init.o
 .debug_pubtypes
                0x00000000000022ce      0x1ff MAX32660 THUMB Debug/yss_malloc.o
 .debug_pubtypes
                0x00000000000024cd       0x96 MAX32660 THUMB Debug/yss_key.o
 .debug_pubtypes
                0x0000000000002563      0x2f1 MAX32660 THUMB Debug/yss_time.o
 .debug_pubtypes
                0x0000000000002854      0x2f1 MAX32660 THUMB Debug/main.o

.debug_aranges  0x0000000000000000      0x888
 .debug_aranges
                0x0000000000000000       0x38 MAX32660 THUMB Debug/system_max32660.o
 .debug_aranges
                0x0000000000000038       0x30 MAX32660 THUMB Debug/drv_clock_maxim_type_A.o
 .debug_aranges
                0x0000000000000068       0x50 MAX32660 THUMB Debug/drv_clock_maxim_type_A_peripherals.o
 .debug_aranges
                0x00000000000000b8       0x48 MAX32660 THUMB Debug/Drv.o
 .debug_aranges
                0x0000000000000100       0x68 MAX32660 THUMB Debug/drv_gpio_maxim_type_A.o
 .debug_aranges
                0x0000000000000168       0x48 MAX32660 THUMB Debug/drv_i2c_maxim_type_A.o
 .debug_aranges
                0x00000000000001b0       0x68 MAX32660 THUMB Debug/drv_nvic_maxim_type_A.o
 .debug_aranges
                0x0000000000000218       0xd0 MAX32660 THUMB Debug/drv_timer_maxim_type_A.o
 .debug_aranges
                0x00000000000002e8       0xa8 MAX32660 THUMB Debug/drv_uart_maxim_type_A.o
 .debug_aranges
                0x0000000000000390       0x20 MAX32660 THUMB Debug/msp_max32660.o
 .debug_aranges
                0x00000000000003b0       0x28 MAX32660 THUMB Debug/msp_default.o
 .debug_aranges
                0x00000000000003d8       0x20 MAX32660 THUMB Debug/yss_context_switching.o
 .debug_aranges
                0x00000000000003f8       0x50 MAX32660 THUMB Debug/yss_Mutex.o
 .debug_aranges
                0x0000000000000448       0xf8 MAX32660 THUMB Debug/yss_scheduler.o
 .debug_aranges
                0x0000000000000540       0x40 MAX32660 THUMB Debug/yss_hmalloc.o
 .debug_aranges
                0x0000000000000580       0x40 MAX32660 THUMB Debug/yss_init.o
 .debug_aranges
                0x00000000000005c0       0x28 MAX32660 THUMB Debug/yss_malloc.o
 .debug_aranges
                0x00000000000005e8      0x150 MAX32660 THUMB Debug/yss_key.o
 .debug_aranges
                0x0000000000000738       0x40 MAX32660 THUMB Debug/yss_time.o
 .debug_aranges
                0x0000000000000778       0x48 MAX32660 THUMB Debug/main.o
 .debug_aranges
                0x00000000000007c0       0x88 MAX32660 THUMB Debug/thumb_crt0.o
 .debug_aranges
                0x0000000000000848       0x20 MAX32660 THUMB Debug/MAX32660_Startup.o
 .debug_aranges
                0x0000000000000868       0x20 MAX32660 THUMB Debug/max32660_Vectors.o

.debug_ranges   0x0000000000000000      0x738
 .debug_ranges  0x0000000000000000       0x28 MAX32660 THUMB Debug/system_max32660.o
 .debug_ranges  0x0000000000000028       0x20 MAX32660 THUMB Debug/drv_clock_maxim_type_A.o
 .debug_ranges  0x0000000000000048       0x40 MAX32660 THUMB Debug/drv_clock_maxim_type_A_peripherals.o
 .debug_ranges  0x0000000000000088       0x38 MAX32660 THUMB Debug/Drv.o
 .debug_ranges  0x00000000000000c0       0x58 MAX32660 THUMB Debug/drv_gpio_maxim_type_A.o
 .debug_ranges  0x0000000000000118       0x38 MAX32660 THUMB Debug/drv_i2c_maxim_type_A.o
 .debug_ranges  0x0000000000000150       0x58 MAX32660 THUMB Debug/drv_nvic_maxim_type_A.o
 .debug_ranges  0x00000000000001a8       0xc0 MAX32660 THUMB Debug/drv_timer_maxim_type_A.o
 .debug_ranges  0x0000000000000268       0x98 MAX32660 THUMB Debug/drv_uart_maxim_type_A.o
 .debug_ranges  0x0000000000000300       0x10 MAX32660 THUMB Debug/msp_max32660.o
 .debug_ranges  0x0000000000000310       0x18 MAX32660 THUMB Debug/msp_default.o
 .debug_ranges  0x0000000000000328       0x40 MAX32660 THUMB Debug/yss_Mutex.o
 .debug_ranges  0x0000000000000368       0xe8 MAX32660 THUMB Debug/yss_scheduler.o
 .debug_ranges  0x0000000000000450       0x30 MAX32660 THUMB Debug/yss_hmalloc.o
 .debug_ranges  0x0000000000000480       0x30 MAX32660 THUMB Debug/yss_init.o
 .debug_ranges  0x00000000000004b0       0x60 MAX32660 THUMB Debug/yss_malloc.o
 .debug_ranges  0x0000000000000510      0x140 MAX32660 THUMB Debug/yss_key.o
 .debug_ranges  0x0000000000000650       0x30 MAX32660 THUMB Debug/yss_time.o
 .debug_ranges  0x0000000000000680       0x38 MAX32660 THUMB Debug/main.o
 .debug_ranges  0x00000000000006b8       0x80 MAX32660 THUMB Debug/thumb_crt0.o

.debug_macro    0x0000000000000000     0x7216
 .debug_macro   0x0000000000000000       0xb6 MAX32660 THUMB Debug/system_max32660.o
 .debug_macro   0x00000000000000b6      0xae4 MAX32660 THUMB Debug/system_max32660.o
 .debug_macro   0x0000000000000b9a       0x89 MAX32660 THUMB Debug/system_max32660.o
 .debug_macro   0x0000000000000c23       0x10 MAX32660 THUMB Debug/system_max32660.o
 .debug_macro   0x0000000000000c33       0x72 MAX32660 THUMB Debug/system_max32660.o
 .debug_macro   0x0000000000000ca5       0x28 MAX32660 THUMB Debug/system_max32660.o
 .debug_macro   0x0000000000000ccd       0x10 MAX32660 THUMB Debug/system_max32660.o
 .debug_macro   0x0000000000000cdd      0x18d MAX32660 THUMB Debug/system_max32660.o
 .debug_macro   0x0000000000000e6a       0x40 MAX32660 THUMB Debug/system_max32660.o
 .debug_macro   0x0000000000000eaa       0x1c MAX32660 THUMB Debug/system_max32660.o
 .debug_macro   0x0000000000000ec6       0x22 MAX32660 THUMB Debug/system_max32660.o
 .debug_macro   0x0000000000000ee8       0xfa MAX32660 THUMB Debug/system_max32660.o
 .debug_macro   0x0000000000000fe2     0x1011 MAX32660 THUMB Debug/system_max32660.o
 .debug_macro   0x0000000000001ff3      0x11f MAX32660 THUMB Debug/system_max32660.o
 .debug_macro   0x0000000000002112       0x22 MAX32660 THUMB Debug/system_max32660.o
 .debug_macro   0x0000000000002134      0x33e MAX32660 THUMB Debug/system_max32660.o
 .debug_macro   0x0000000000002472      0xce0 MAX32660 THUMB Debug/system_max32660.o
 .debug_macro   0x0000000000003152      0x2d5 MAX32660 THUMB Debug/system_max32660.o
 .debug_macro   0x0000000000003427      0x309 MAX32660 THUMB Debug/drv_clock_maxim_type_A.o
 .debug_macro   0x0000000000003730      0x5c6 MAX32660 THUMB Debug/drv_clock_maxim_type_A.o
 .debug_macro   0x0000000000003cf6      0xcda MAX32660 THUMB Debug/drv_clock_maxim_type_A.o
 .debug_macro   0x00000000000049d0      0x230 MAX32660 THUMB Debug/drv_clock_maxim_type_A.o
 .debug_macro   0x0000000000004c00      0x2f7 MAX32660 THUMB Debug/drv_clock_maxim_type_A_peripherals.o
 .debug_macro   0x0000000000004ef7       0x25 MAX32660 THUMB Debug/Drv.o
 .debug_macro   0x0000000000004f1c      0x2f8 MAX32660 THUMB Debug/drv_gpio_maxim_type_A.o
 .debug_macro   0x0000000000005214      0x2ee MAX32660 THUMB Debug/drv_i2c_maxim_type_A.o
 .debug_macro   0x0000000000005502      0x2f8 MAX32660 THUMB Debug/drv_nvic_maxim_type_A.o
 .debug_macro   0x00000000000057fa      0x2f8 MAX32660 THUMB Debug/drv_timer_maxim_type_A.o
 .debug_macro   0x0000000000005af2      0x2e0 MAX32660 THUMB Debug/drv_uart_maxim_type_A.o
 .debug_macro   0x0000000000005dd2      0x2d2 MAX32660 THUMB Debug/msp_max32660.o
 .debug_macro   0x00000000000060a4      0x3dd MAX32660 THUMB Debug/msp_default.o
 .debug_macro   0x0000000000006481       0x97 MAX32660 THUMB Debug/yss_Mutex.o
 .debug_macro   0x0000000000006518       0xea MAX32660 THUMB Debug/yss_scheduler.o
 .debug_macro   0x0000000000006602       0xd3 MAX32660 THUMB Debug/yss_hmalloc.o
 .debug_macro   0x00000000000066d5      0x343 MAX32660 THUMB Debug/yss_init.o
 .debug_macro   0x0000000000006a18       0x1c MAX32660 THUMB Debug/yss_init.o
 .debug_macro   0x0000000000006a34       0xb3 MAX32660 THUMB Debug/yss_malloc.o
 .debug_macro   0x0000000000006ae7       0x48 MAX32660 THUMB Debug/yss_key.o
 .debug_macro   0x0000000000006b2f      0x2ee MAX32660 THUMB Debug/yss_time.o
 .debug_macro   0x0000000000006e1d      0x3f9 MAX32660 THUMB Debug/main.o

.debug_line     0x0000000000000000     0xbbba
 .debug_line    0x0000000000000000      0x337 MAX32660 THUMB Debug/system_max32660.o
 .debug_line    0x0000000000000337      0xbcf MAX32660 THUMB Debug/drv_clock_maxim_type_A.o
 .debug_line    0x0000000000000f06      0xb95 MAX32660 THUMB Debug/drv_clock_maxim_type_A_peripherals.o
 .debug_line    0x0000000000001a9b      0x155 MAX32660 THUMB Debug/Drv.o
 .debug_line    0x0000000000001bf0      0xdd2 MAX32660 THUMB Debug/drv_gpio_maxim_type_A.o
 .debug_line    0x00000000000029c2      0xb3c MAX32660 THUMB Debug/drv_i2c_maxim_type_A.o
 .debug_line    0x00000000000034fe      0xbb4 MAX32660 THUMB Debug/drv_nvic_maxim_type_A.o
 .debug_line    0x00000000000040b2      0xd84 MAX32660 THUMB Debug/drv_timer_maxim_type_A.o
 .debug_line    0x0000000000004e36      0xdba MAX32660 THUMB Debug/drv_uart_maxim_type_A.o
 .debug_line    0x0000000000005bf0      0xa6f MAX32660 THUMB Debug/msp_max32660.o
 .debug_line    0x000000000000665f      0xbd5 MAX32660 THUMB Debug/msp_default.o
 .debug_line    0x0000000000007234       0x96 MAX32660 THUMB Debug/yss_context_switching.o
 .debug_line    0x00000000000072ca      0x38b MAX32660 THUMB Debug/yss_Mutex.o
 .debug_line    0x0000000000007655      0xc6d MAX32660 THUMB Debug/yss_scheduler.o
 .debug_line    0x00000000000082c2      0x3fd MAX32660 THUMB Debug/yss_hmalloc.o
 .debug_line    0x00000000000086bf      0xc04 MAX32660 THUMB Debug/yss_init.o
 .debug_line    0x00000000000092c3      0x4bd MAX32660 THUMB Debug/yss_malloc.o
 .debug_line    0x0000000000009780      0x85e MAX32660 THUMB Debug/yss_key.o
 .debug_line    0x0000000000009fde      0xb58 MAX32660 THUMB Debug/yss_time.o
 .debug_line    0x000000000000ab36      0xd15 MAX32660 THUMB Debug/main.o
 .debug_line    0x000000000000b84b      0x1d3 MAX32660 THUMB Debug/thumb_crt0.o
 .debug_line    0x000000000000ba1e       0xbb MAX32660 THUMB Debug/MAX32660_Startup.o
 .debug_line    0x000000000000bad9       0xe1 MAX32660 THUMB Debug/max32660_Vectors.o

.debug_str      0x0000000000000000    0x2c88b
 .debug_str     0x0000000000000000    0x150cc MAX32660 THUMB Debug/system_max32660.o
                                      0x15291 (size before relaxing)
 .debug_str     0x00000000000150cc    0x15685 MAX32660 THUMB Debug/drv_clock_maxim_type_A.o
                                      0x286ff (size before relaxing)
 .debug_str     0x000000000002a751       0x4e MAX32660 THUMB Debug/drv_clock_maxim_type_A_peripherals.o
                                      0x23b38 (size before relaxing)
 .debug_str     0x000000000002a79f       0x5e MAX32660 THUMB Debug/Drv.o
                                       0x31c8 (size before relaxing)
 .debug_str     0x000000000002a7fd       0xd9 MAX32660 THUMB Debug/drv_gpio_maxim_type_A.o
                                      0x1c79d (size before relaxing)
 .debug_str     0x000000000002a8d6       0xa1 MAX32660 THUMB Debug/drv_i2c_maxim_type_A.o
                                      0x1c7ae (size before relaxing)
 .debug_str     0x000000000002a977      0x40a MAX32660 THUMB Debug/drv_nvic_maxim_type_A.o
                                      0x1cb25 (size before relaxing)
 .debug_str     0x000000000002ad81      0x13c MAX32660 THUMB Debug/drv_timer_maxim_type_A.o
                                      0x1c84e (size before relaxing)
 .debug_str     0x000000000002aebd      0x120 MAX32660 THUMB Debug/drv_uart_maxim_type_A.o
                                      0x1c047 (size before relaxing)
 .debug_str     0x000000000002afdd       0x53 MAX32660 THUMB Debug/msp_max32660.o
                                      0x1be83 (size before relaxing)
 .debug_str     0x000000000002b030      0x27e MAX32660 THUMB Debug/msp_default.o
                                      0x1c080 (size before relaxing)
 .debug_str     0x000000000002b2ae       0x4d MAX32660 THUMB Debug/yss_context_switching.o
                                         0x73 (size before relaxing)
 .debug_str     0x000000000002b2fb       0x6f MAX32660 THUMB Debug/yss_Mutex.o
                                       0xb9c1 (size before relaxing)
 .debug_str     0x000000000002b36a      0x415 MAX32660 THUMB Debug/yss_scheduler.o
                                       0xcc47 (size before relaxing)
 .debug_str     0x000000000002b77f      0x151 MAX32660 THUMB Debug/yss_hmalloc.o
                                       0xc822 (size before relaxing)
 .debug_str     0x000000000002b8d0      0x269 MAX32660 THUMB Debug/yss_init.o
                                      0x1ccb5 (size before relaxing)
 .debug_str     0x000000000002bb39       0xc4 MAX32660 THUMB Debug/yss_malloc.o
                                       0xc7c6 (size before relaxing)
 .debug_str     0x000000000002bbfd      0x6bd MAX32660 THUMB Debug/yss_key.o
                                       0x3d91 (size before relaxing)
 .debug_str     0x000000000002c2ba      0x105 MAX32660 THUMB Debug/yss_time.o
                                      0x1c7b6 (size before relaxing)
 .debug_str     0x000000000002c3bf      0x3b2 MAX32660 THUMB Debug/main.o
                                      0x1cce7 (size before relaxing)
 .debug_str     0x000000000002c771       0x36 MAX32660 THUMB Debug/thumb_crt0.o
                                         0x6a (size before relaxing)
 .debug_str     0x000000000002c7a7       0x72 MAX32660 THUMB Debug/MAX32660_Startup.o
                                         0xa6 (size before relaxing)
 .debug_str     0x000000000002c819       0x72 MAX32660 THUMB Debug/max32660_Vectors.o
                                         0xa6 (size before relaxing)

.comment        0x0000000000000000       0x24
 .comment       0x0000000000000000       0x24 MAX32660 THUMB Debug/system_max32660.o
                                         0x25 (size before relaxing)
 .comment       0x0000000000000024       0x25 MAX32660 THUMB Debug/drv_clock_maxim_type_A.o
 .comment       0x0000000000000024       0x25 MAX32660 THUMB Debug/drv_clock_maxim_type_A_peripherals.o
 .comment       0x0000000000000024       0x25 MAX32660 THUMB Debug/Drv.o
 .comment       0x0000000000000024       0x25 MAX32660 THUMB Debug/drv_gpio_maxim_type_A.o
 .comment       0x0000000000000024       0x25 MAX32660 THUMB Debug/drv_i2c_maxim_type_A.o
 .comment       0x0000000000000024       0x25 MAX32660 THUMB Debug/drv_nvic_maxim_type_A.o
 .comment       0x0000000000000024       0x25 MAX32660 THUMB Debug/drv_timer_maxim_type_A.o
 .comment       0x0000000000000024       0x25 MAX32660 THUMB Debug/drv_uart_maxim_type_A.o
 .comment       0x0000000000000024       0x25 MAX32660 THUMB Debug/msp_max32660.o
 .comment       0x0000000000000024       0x25 MAX32660 THUMB Debug/msp_default.o
 .comment       0x0000000000000024       0x25 MAX32660 THUMB Debug/yss_Mutex.o
 .comment       0x0000000000000024       0x25 MAX32660 THUMB Debug/yss_scheduler.o
 .comment       0x0000000000000024       0x25 MAX32660 THUMB Debug/yss_hmalloc.o
 .comment       0x0000000000000024       0x25 MAX32660 THUMB Debug/yss_init.o
 .comment       0x0000000000000024       0x25 MAX32660 THUMB Debug/yss_malloc.o
 .comment       0x0000000000000024       0x25 MAX32660 THUMB Debug/yss_key.o
 .comment       0x0000000000000024       0x25 MAX32660 THUMB Debug/yss_time.o
 .comment       0x0000000000000024       0x25 MAX32660 THUMB Debug/main.o
 .comment       0x0000000000000024       0x25 /usr/share/crossworks_for_arm_4.7/lib/libc_v7em_fpv4_sp_d16_hard_t_le_eabi.a(libc2.o)
 .comment       0x0000000000000024       0x25 /usr/share/crossworks_for_arm_4.7/lib/libdebugio_v7em_fpv4_sp_d16_hard_t_le_eabi.a(libdebugio.o)
 .comment       0x0000000000000024       0x25 /usr/share/crossworks_for_arm_4.7/lib/libdebugio_v7em_fpv4_sp_d16_hard_t_le_eabi.a(mempoll_debug_operations.o)

.ARM.attributes
                0x0000000000000000       0x37
 .ARM.attributes
                0x0000000000000000       0x39 MAX32660 THUMB Debug/system_max32660.o
 .ARM.attributes
                0x0000000000000039       0x39 MAX32660 THUMB Debug/drv_clock_maxim_type_A.o
 .ARM.attributes
                0x0000000000000072       0x39 MAX32660 THUMB Debug/drv_clock_maxim_type_A_peripherals.o
 .ARM.attributes
                0x00000000000000ab       0x39 MAX32660 THUMB Debug/Drv.o
 .ARM.attributes
                0x00000000000000e4       0x39 MAX32660 THUMB Debug/drv_gpio_maxim_type_A.o
 .ARM.attributes
                0x000000000000011d       0x39 MAX32660 THUMB Debug/drv_i2c_maxim_type_A.o
 .ARM.attributes
                0x0000000000000156       0x39 MAX32660 THUMB Debug/drv_nvic_maxim_type_A.o
 .ARM.attributes
                0x000000000000018f       0x39 MAX32660 THUMB Debug/drv_timer_maxim_type_A.o
 .ARM.attributes
                0x00000000000001c8       0x39 MAX32660 THUMB Debug/drv_uart_maxim_type_A.o
 .ARM.attributes
                0x0000000000000201       0x39 MAX32660 THUMB Debug/msp_max32660.o
 .ARM.attributes
                0x000000000000023a       0x39 MAX32660 THUMB Debug/msp_default.o
 .ARM.attributes
                0x0000000000000273       0x25 MAX32660 THUMB Debug/yss_context_switching.o
 .ARM.attributes
                0x0000000000000298       0x39 MAX32660 THUMB Debug/yss_Mutex.o
 .ARM.attributes
                0x00000000000002d1       0x39 MAX32660 THUMB Debug/yss_scheduler.o
 .ARM.attributes
                0x000000000000030a       0x39 MAX32660 THUMB Debug/yss_hmalloc.o
 .ARM.attributes
                0x0000000000000343       0x39 MAX32660 THUMB Debug/yss_init.o
 .ARM.attributes
                0x000000000000037c       0x39 MAX32660 THUMB Debug/yss_malloc.o
 .ARM.attributes
                0x00000000000003b5       0x39 MAX32660 THUMB Debug/yss_key.o
 .ARM.attributes
                0x00000000000003ee       0x39 MAX32660 THUMB Debug/yss_time.o
 .ARM.attributes
                0x0000000000000427       0x39 MAX32660 THUMB Debug/main.o
 .ARM.attributes
                0x0000000000000460       0x25 MAX32660 THUMB Debug/thumb_crt0.o
 .ARM.attributes
                0x0000000000000485       0x25 MAX32660 THUMB Debug/MAX32660_Startup.o
 .ARM.attributes
                0x00000000000004aa       0x25 MAX32660 THUMB Debug/max32660_Vectors.o
 .ARM.attributes
                0x00000000000004cf       0x34 /usr/share/crossworks_for_arm_4.7/lib/libc_v7em_fpv4_sp_d16_hard_t_le_eabi.a(libc2.o)
 .ARM.attributes
                0x0000000000000503       0x34 /usr/share/crossworks_for_arm_4.7/lib/libdebugio_v7em_fpv4_sp_d16_hard_t_le_eabi.a(libdebugio.o)
 .ARM.attributes
                0x0000000000000537       0x20 /usr/share/crossworks_for_arm_4.7/lib/libdebugio_v7em_fpv4_sp_d16_hard_t_le_eabi.a(libdebugio_asm.o)
 .ARM.attributes
                0x0000000000000557       0x34 /usr/share/crossworks_for_arm_4.7/lib/libdebugio_v7em_fpv4_sp_d16_hard_t_le_eabi.a(mempoll_debug_operations.o)
