Archive member included to satisfy reference by file (symbol)

/usr/share/crossworks_for_arm_4.7/lib/libm_v6m_t_le_eabi.a(libm_asm.o)
                              example THUMB Debug/Brush.o (__aeabi_i2f)
/usr/share/crossworks_for_arm_4.7/lib/libm_v6m_t_le_eabi.a(libm2.o)
                              example THUMB Debug/Brush.o (pow(float, float))
/usr/share/crossworks_for_arm_4.7/lib/libm_v6m_t_le_eabi.a(libm2_asm.o)
                              /usr/share/crossworks_for_arm_4.7/lib/libm_v6m_t_le_eabi.a(libm2.o) (fabs)
/usr/share/crossworks_for_arm_4.7/lib/libc_v6m_t_le_eabi.a(libc_asm.o)
                              example THUMB Debug/yss_time.o (__aeabi_uldivmod)
/usr/share/crossworks_for_arm_4.7/lib/libc_v6m_t_le_eabi.a(libc2.o)
                              example THUMB Debug/yss_key.o (__aeabi_atexit)
/usr/share/crossworks_for_arm_4.7/lib/libc_v6m_t_le_eabi.a(libc2_asm.o)
                              example THUMB Debug/Brush.o (memcpy)
/usr/share/crossworks_for_arm_4.7/lib/libc_v6m_t_le_eabi.a(libvfprintf.o)
                              (__vfprintf_float_long_long)
/usr/share/crossworks_for_arm_4.7/lib/libc_v6m_t_le_eabi.a(libvfscanf.o)
                              (__vfscanf_float_long_long_cc)
/usr/share/crossworks_for_arm_4.7/lib/libc_v6m_t_le_eabi.a(libc.o)
                              /usr/share/crossworks_for_arm_4.7/lib/libc_v6m_t_le_eabi.a(libc2.o) (__heap_lock)
/usr/share/crossworks_for_arm_4.7/lib/libdebugio_v6m_t_le_eabi.a(libdebugio.o)
                              example THUMB Debug/thumb_crt0.o (debug_fopen)
/usr/share/crossworks_for_arm_4.7/lib/libdebugio_v6m_t_le_eabi.a(libdebugio_asm.o)
                              example THUMB Debug/drv_clock_st_type_E.o (debug_printf)
/usr/share/crossworks_for_arm_4.7/lib/libdebugio_v6m_t_le_eabi.a(do_nv_debug_operation.o)
                              /usr/share/crossworks_for_arm_4.7/lib/libdebugio_v6m_t_le_eabi.a(libdebugio.o) (__do_nvdebug_operation)
/usr/share/crossworks_for_arm_4.7/lib/libdebugio_v6m_t_le_eabi.a(mempoll_debug_operations.o)
                              (__do_debug_operation_mempoll)
/usr/share/crossworks_for_arm_4.7/lib/libcxxabi_noexcept_v6m_t_le_eabi.a(cxa_virtual.o)
                              example THUMB Debug/drv_rtc_st_type_A.o (__cxa_pure_virtual)
/usr/share/crossworks_for_arm_4.7/lib/libcxxabi_noexcept_v6m_t_le_eabi.a(abort_message.o)
                              /usr/share/crossworks_for_arm_4.7/lib/libcxxabi_noexcept_v6m_t_le_eabi.a(cxa_virtual.o) (abort_message)

Discarded input sections

 .group         0x0000000000000000        0xc example THUMB Debug/main.o
 .group         0x0000000000000000        0xc example THUMB Debug/main.o
 .group         0x0000000000000000        0xc example THUMB Debug/main.o
 .group         0x0000000000000000        0xc example THUMB Debug/main.o
 .group         0x0000000000000000        0xc example THUMB Debug/main.o
 .group         0x0000000000000000        0xc example THUMB Debug/main.o
 .group         0x0000000000000000        0xc example THUMB Debug/main.o
 .group         0x0000000000000000        0xc example THUMB Debug/main.o
 .group         0x0000000000000000        0xc example THUMB Debug/main.o
 .group         0x0000000000000000        0xc example THUMB Debug/main.o
 .group         0x0000000000000000        0xc example THUMB Debug/main.o
 .group         0x0000000000000000        0xc example THUMB Debug/main.o
 .group         0x0000000000000000        0xc example THUMB Debug/main.o
 .group         0x0000000000000000        0xc example THUMB Debug/main.o
 .group         0x0000000000000000        0xc example THUMB Debug/main.o
 .group         0x0000000000000000        0xc example THUMB Debug/main.o
 .group         0x0000000000000000        0xc example THUMB Debug/main.o
 .group         0x0000000000000000        0xc example THUMB Debug/main.o
 .group         0x0000000000000000        0xc example THUMB Debug/main.o
 .group         0x0000000000000000        0xc example THUMB Debug/main.o
 .group         0x0000000000000000        0xc example THUMB Debug/main.o
 .group         0x0000000000000000        0xc example THUMB Debug/main.o
 .text          0x0000000000000000        0x0 example THUMB Debug/main.o
 .data          0x0000000000000000        0x0 example THUMB Debug/main.o
 .bss           0x0000000000000000        0x0 example THUMB Debug/main.o
 .group         0x0000000000000000        0xc example THUMB Debug/drv_adc_not_support.o
 .text          0x0000000000000000        0x0 example THUMB Debug/drv_adc_not_support.o
 .data          0x0000000000000000        0x0 example THUMB Debug/drv_adc_not_support.o
 .bss           0x0000000000000000        0x0 example THUMB Debug/drv_adc_not_support.o
 .debug_info    0x0000000000000000       0x21 example THUMB Debug/drv_adc_not_support.o
 .debug_abbrev  0x0000000000000000       0x16 example THUMB Debug/drv_adc_not_support.o
 .debug_pubnames
[...]
Memory Configuration

Name             Origin             Length             Attributes
UNPLACED_SECTIONS 0x0000000100000000 0x0000000000000000 xw
EEPROM           0x0000000008080000 0x0000000000001800 xr
FLASH            0x0000000008000000 0x0000000000030000 xr
SYSTEM           0x000000001ff00000 0x0000000000001000 xw
OPTION           0x000000001ff80000 0x0000000000000080 xw
RAM              0x0000000020000000 0x0000000000005000 xw
APB              0x0000000040000000 0x0000000000018000 xw
AHB              0x0000000040020000 0x0000000000006400 xw
PPB              0x00000000e0000000 0x0000000000100000 xw
IOPORT           0x0000000050000000 0x0000000000002000 xw
*default*        0x0000000000000000 0xffffffffffffffff

Linker script and memory map

                0x0000000008005e64                __do_debug_operation = __do_debug_operation_mempoll
                0x0000000000000000                __vfprintf = __vfprintf_float_long_long
                0x0000000000000000                __vfscanf = __vfscanf_float_long_long_cc
                0x0000000008080000                __EEPROM_segment_start__ = 0x8080000
                0x0000000008081800                __EEPROM_segment_end__ = 0x8081800
                0x0000000000001800                __EEPROM_segment_size__ = 0x1800
                0x0000000008000000                __FLASH_segment_start__ = 0x8000000
                0x0000000008030000                __FLASH_segment_end__ = 0x8030000
                0x0000000000030000                __FLASH_segment_size__ = 0x30000
                0x000000001ff00000                __SYSTEM_segment_start__ = 0x1ff00000
                0x000000001ff01000                __SYSTEM_segment_end__ = 0x1ff01000
                0x0000000000001000                __SYSTEM_segment_size__ = 0x1000
                0x000000001ff80000                __OPTION_segment_start__ = 0x1ff80000
                0x000000001ff80080                __OPTION_segment_end__ = 0x1ff80080
                0x0000000000000080                __OPTION_segment_size__ = 0x80
                0x0000000020000000                __RAM_segment_start__ = 0x20000000
                0x0000000020005000                __RAM_segment_end__ = 0x20005000
                0x0000000000005000                __RAM_segment_size__ = 0x5000
                0x0000000040000000                __APB_segment_start__ = 0x40000000
                0x0000000040018000                __APB_segment_end__ = 0x40018000
                0x0000000000018000                __APB_segment_size__ = 0x18000
                0x0000000040020000                __AHB_segment_start__ = 0x40020000
                0x0000000040026400                __AHB_segment_end__ = 0x40026400
                0x0000000000006400                __AHB_segment_size__ = 0x6400
                0x00000000e0000000                __PPB_segment_start__ = 0xe0000000
                0x00000000e0100000                __PPB_segment_end__ = 0xe0100000
                0x0000000000100000                __PPB_segment_size__ = 0x100000
                0x0000000050000000                __IOPORT_segment_start__ = 0x50000000
                0x0000000050002000                __IOPORT_segment_end__ = 0x50002000
                0x0000000000002000                __IOPORT_segment_size__ = 0x2000
                0x0000000000000000                __HEAPSIZE__ = 0x0
                0x0000000000000000                __STACKSIZE_ABT__ = 0x0
                0x0000000000000000                __STACKSIZE_FIQ__ = 0x0
                0x0000000000000000                __STACKSIZE_IRQ__ = 0x0
                0x0000000000000800                __STACKSIZE_PROCESS__ = 0x800
                0x0000000000000000                __STACKSIZE_SVC__ = 0x0
                0x0000000000000000                __STACKSIZE_UND__ = 0x0
                0x0000000000000800                __STACKSIZE__ = 0x800
                0x0000000008080000                __eeprom_load_start__ = ALIGN (__EEPROM_segment_start__, 0x4)

.eeprom         0x0000000008080000        0x0
                0x0000000008080000                __eeprom_start__ = .
 *(.eeprom .eeprom.*)
                0x0000000008080000                __eeprom_end__ = (__eeprom_start__ + SIZEOF (.eeprom))
                0x0000000000000000                __eeprom_size__ = SIZEOF (.eeprom)
                0x0000000008080000                __eeprom_load_end__ = __eeprom_end__
                0x0000000008080000                __EEPROM_segment_used_end__ = (ALIGN (__EEPROM_segment_start__, 0x4) + SIZEOF (.eeprom))
                0x0000000000000000                __EEPROM_segment_used_size__ = (__EEPROM_segment_used_end__ - __EEPROM_segment_start__)
                0x0000000000000001                . = ASSERT (((__eeprom_start__ == __eeprom_end__) || ((__eeprom_end__ - __EEPROM_segment_start__) <= __EEPROM_segment_size__)), error: .eeprom is too large to fit in EEPROM memory segment)
                0x0000000020000000                __vectors_ram_load_start__ = ALIGN (__RAM_segment_start__, 0x100)

.vectors_ram    0x0000000020000000        0x0
                0x0000000020000000                __vectors_ram_start__ = .
 *(.vectors_ram .vectors_ram.*)
                0x0000000020000000                __vectors_ram_end__ = (__vectors_ram_start__ + SIZEOF (.vectors_ram))
                0x0000000000000000                __vectors_ram_size__ = SIZEOF (.vectors_ram)
                0x0000000020000000                __vectors_ram_load_end__ = __vectors_ram_end__
                0x0000000000000001                . = ASSERT (((__vectors_ram_start__ == __vectors_ram_end__) || ((__vectors_ram_end__ - __RAM_segment_start__) <= __RAM_segment_size__)), error: .vectors_ram is too large to fit in RAM memory segment)
                0x0000000008000000                __vectors_load_start__ = ALIGN (__FLASH_segment_start__, 0x100)

.vectors        0x0000000008000000       0xc0
                0x0000000008000000                __vectors_start__ = .
 *(.vectors .vectors.*)
 .vectors       0x0000000008000000       0xc0 example THUMB Debug/STM32_Startup.o
                0x0000000008000000                _vectors
                0x00000000080000c0                __vectors_end__ = (__vectors_start__ + SIZEOF (.vectors))
                0x00000000000000c0                __vectors_size__ = SIZEOF (.vectors)
                0x00000000080000c0                __vectors_load_end__ = __vectors_end__
                0x0000000000000001                . = ASSERT (((__vectors_start__ == __vectors_end__) || ((__vectors_end__ - __FLASH_segment_start__) <= __FLASH_segment_size__)), error: .vectors is too large to fit in FLASH memory segment)
                0x00000000080000c0                __init_load_start__ = ALIGN (__vectors_end__, 0x4)

.init           0x00000000080000c0      0x1a0
                0x00000000080000c0                __init_start__ = .
 *(.init .init.*)
 .init          0x00000000080000c0      0x13c example THUMB Debug/thumb_crt0.o
                0x00000000080000c0                _start
                0x0000000008000160                exit
 .init          0x00000000080001fc       0x64 example THUMB Debug/STM32_Startup.o
                0x00000000080001fc                NMI_Handler
                0x00000000080001fe                HardFault_Handler
                0x0000000008000200                MemManage_Handler
                0x0000000008000202                BusFault_Handler
                0x0000000008000204                UsageFault_Handler
                0x0000000008000206                SVC_Handler
                0x0000000008000208                DebugMon_Handler
                0x000000000800020e                WWDG_IRQHandler
                0x0000000008000210                PVD_IRQHandler
                0x0000000008000212                RTC_IRQHandler
                0x0000000008000214                FLASH_IRQHandler
                0x0000000008000216                RCC_CRS_IRQHandler
                0x0000000008000218                EXTI0_1_IRQHandler
                0x000000000800021a                EXTI2_3_IRQHandler
                0x000000000800021c                EXTI4_15_IRQHandler
                0x000000000800021e                TSC_IRQHandler
                0x0000000008000228                LPTIM1_IRQHandler
                0x000000000800022a                USART4_5_IRQHandler
                0x0000000008000234                TIM21_IRQHandler
                0x0000000008000236                I2C3_IRQHandler
                0x0000000008000238                TIM22_IRQHandler
                0x000000000800023a                I2C1_IRQHandler
                0x000000000800023c                I2C2_IRQHandler
                0x000000000800023e                SPI1_IRQHandler
                0x0000000008000240                SPI2_IRQHandler
                0x0000000008000246                RNG_LPUART1_IRQHandler
                0x0000000008000248                LCD_IRQHandler
                0x000000000800024a                USB_IRQHandler
                0x000000000800024c                reset_handler
                0x0000000008000260                __init_end__ = (__init_start__ + SIZEOF (.init))
                0x00000000000001a0                __init_size__ = SIZEOF (.init)
                0x0000000008000260                __init_load_end__ = __init_end__
                0x0000000000000001                . = ASSERT (((__init_start__ == __init_end__) || ((__init_end__ - __FLASH_segment_start__) <= __FLASH_segment_size__)), error: .init is too large to fit in FLASH memory segment)
                0x0000000008000260                __init_rodata_load_start__ = ALIGN (__init_end__, 0x4)

.init_rodata    0x0000000008000260        0x0
                0x0000000008000260                __init_rodata_start__ = .
 *(.init_rodata .init_rodata.*)
                0x0000000008000260                __init_rodata_end__ = (__init_rodata_start__ + SIZEOF (.init_rodata))
                0x0000000000000000                __init_rodata_size__ = SIZEOF (.init_rodata)
                0x0000000008000260                __init_rodata_load_end__ = __init_rodata_end__
                0x0000000000000001                . = ASSERT (((__init_rodata_start__ == __init_rodata_end__) || ((__init_rodata_end__ - __FLASH_segment_start__) <= __FLASH_segment_size__)), error: .init_rodata is too large to fit in FLASH memory segment)
                0x0000000008000260                __text_load_start__ = ALIGN (__init_rodata_end__, 0x4)

.text           0x0000000008000260     0x5c54
                0x0000000008000260                __text_start__ = .
 *(.text .text.* .glue_7t .glue_7 .gnu.linkonce.t.* .gcc_except_table .ARM.extab* .gnu.linkonce.armextab.*)
 .glue_7        0x0000000008000260        0x0 linker stubs
 .glue_7t       0x0000000008000260        0x0 linker stubs
 .text.main     0x0000000008000260       0xb0 example THUMB Debug/main.o
                0x0000000008000260                main
 .text._Z8setLedOnb
                0x0000000008000310       0x28 example THUMB Debug/main.o
                0x0000000008000310                setLedOn(bool)
 .text._Z6getKeyv
                0x0000000008000338       0x20 example THUMB Debug/main.o
                0x0000000008000338                getKey()
 .text._Z12setAdc1ClkEnb
                0x0000000008000358       0x20 example THUMB Debug/drv_adc_st_type_C.o
                0x0000000008000358                setAdc1ClkEn(bool)
 .text._Z12setAdc1IntEnb
                0x0000000008000378       0x28 example THUMB Debug/drv_adc_st_type_C.o
                0x0000000008000378                setAdc1IntEn(bool)
 .text._ZN3drv3AdcC2EP11ADC_TypeDefPFvbES4_
                0x00000000080003a0       0x7e example THUMB Debug/drv_adc_st_type_C.o
                0x00000000080003a0                drv::Adc::Adc(ADC_TypeDef*, void (*)(bool), void (*)(bool))
                0x00000000080003a0                drv::Adc::Adc(ADC_TypeDef*, void (*)(bool), void (*)(bool))
 .text._ZN3drv3Adc3isrEv
                0x000000000800041e       0xd2 example THUMB Debug/drv_adc_st_type_C.o
                0x000000000800041e                drv::Adc::isr()
 .text.ADC1_COMP_IRQHandler
                0x00000000080004f0       0x3c example THUMB Debug/drv_adc_st_type_C.o
                0x00000000080004f0                ADC1_COMP_IRQHandler
 .text._Z41__static_initialization_and_destruction_0ii
                0x000000000800052c       0x3c example THUMB Debug/drv_adc_st_type_C.o
 .text._GLOBAL__sub_I__Z12setAdc1ClkEnb
                0x0000000008000568       0x14 example THUMB Debug/drv_adc_st_type_C.o
 .text._ZN3drv5Clock9enableHseEh
                0x000000000800057c      0x110 example THUMB Debug/drv_clock_st_type_E.o
                0x000000000800057c                drv::Clock::enableHse(unsigned char)
 .text._ZN3drv5Clock9enableHsiEbb
                0x000000000800068c       0xf0 example THUMB Debug/drv_clock_st_type_E.o
                0x000000000800068c                drv::Clock::enableHsi(bool, bool)
 .text._ZN3drv7Mainpll6enableEhhh
                0x000000000800077c      0x2f0 example THUMB Debug/drv_clock_st_type_E.o
                0x000000000800077c                drv::Mainpll::enable(unsigned char, unsigned char, unsigned char)
 .text._ZN3drv5Clock11setVosRangeEh
                0x0000000008000a6c       0xa8 example THUMB Debug/drv_clock_st_type_E.o
                0x0000000008000a6c                drv::Clock::setVosRange(unsigned char)
 .text._ZN3drv5Clock9setSysclkEhhhh
                0x0000000008000b14      0x270 example THUMB Debug/drv_clock_st_type_E.o
                0x0000000008000b14                drv::Clock::setSysclk(unsigned char, unsigned char, unsigned char, unsigned char)
 .text._ZN3drv5Clock13getSysClkFreqEv
                0x0000000008000d84       0x9c example THUMB Debug/drv_clock_st_type_E.o
                0x0000000008000d84                drv::Clock::getSysClkFreq()
 .text._ZN3drv5Clock14getApb1ClkFreqEv
                0x0000000008000e20       0x34 example THUMB Debug/drv_clock_st_type_E.o
                0x0000000008000e20                drv::Clock::getApb1ClkFreq()
 .text._ZN3drv5Clock14getApb2ClkFreqEv
                0x0000000008000e54       0x34 example THUMB Debug/drv_clock_st_type_E.o
                0x0000000008000e54                drv::Clock::getApb2ClkFreq()
 .text._ZN3drv5Clock19getTimerApb1ClkFreqEv
                0x0000000008000e88       0x50 example THUMB Debug/drv_clock_st_type_E.o
                0x0000000008000e88                drv::Clock::getTimerApb1ClkFreq()
 .text._ZN3drv10Peripheral10setGpioAEnEb
                0x0000000008000ed8       0x3c example THUMB Debug/drv_clock_st_type_E_peripherals.o
                0x0000000008000ed8                drv::Peripheral::setGpioAEn(bool)
 .text._ZN3drv10Peripheral10setGpioBEnEb
                0x0000000008000f14       0x3c example THUMB Debug/drv_clock_st_type_E_peripherals.o
                0x0000000008000f14                drv::Peripheral::setGpioBEn(bool)
 .text._ZN3drv10Peripheral10setGpioCEnEb
                0x0000000008000f50       0x3c example THUMB Debug/drv_clock_st_type_E_peripherals.o
                0x0000000008000f50                drv::Peripheral::setGpioCEn(bool)
 .text._ZN3drv10Peripheral10setGpioDEnEb
                0x0000000008000f8c       0x3c example THUMB Debug/drv_clock_st_type_E_peripherals.o
                0x0000000008000f8c                drv::Peripheral::setGpioDEn(bool)
 .text._ZN3drv10Peripheral10setGpioEEnEb
                0x0000000008000fc8       0x3c example THUMB Debug/drv_clock_st_type_E_peripherals.o
                0x0000000008000fc8                drv::Peripheral::setGpioEEn(bool)
 .text._ZN3drv10Peripheral10setGpioHEnEb
                0x0000000008001004       0x3c example THUMB Debug/drv_clock_st_type_E_peripherals.o
                0x0000000008001004                drv::Peripheral::setGpioHEn(bool)
 .text._ZN3drv10Peripheral11setTimer2EnEb
                0x0000000008001040       0x3c example THUMB Debug/drv_clock_st_type_E_peripherals.o
                0x0000000008001040                drv::Peripheral::setTimer2En(bool)
 .text._ZN3drv10Peripheral11setTimer3EnEb
                0x000000000800107c       0x3c example THUMB Debug/drv_clock_st_type_E_peripherals.o
                0x000000000800107c                drv::Peripheral::setTimer3En(bool)
 .text._ZN3drv10Peripheral11setTimer6EnEb
                0x00000000080010b8       0x3c example THUMB Debug/drv_clock_st_type_E_peripherals.o
                0x00000000080010b8                drv::Peripheral::setTimer6En(bool)
 .text._ZN3drv10Peripheral11setTimer7EnEb
                0x00000000080010f4       0x3c example THUMB Debug/drv_clock_st_type_E_peripherals.o
                0x00000000080010f4                drv::Peripheral::setTimer7En(bool)
 .text._ZN3drv10Peripheral8setDmaEnEb
                0x0000000008001130       0x3c example THUMB Debug/drv_clock_st_type_E_peripherals.o
                0x0000000008001130                drv::Peripheral::setDmaEn(bool)
 .text._ZN3drv10Peripheral10setUart1EnEb
                0x000000000800116c       0x40 example THUMB Debug/drv_clock_st_type_E_peripherals.o
                0x000000000800116c                drv::Peripheral::setUart1En(bool)
 .text._ZN3drv10Peripheral10setUart2EnEb
                0x00000000080011ac       0x40 example THUMB Debug/drv_clock_st_type_E_peripherals.o
                0x00000000080011ac                drv::Peripheral::setUart2En(bool)
 .text._ZN3drv10Peripheral9setAdc1EnEb
                0x00000000080011ec       0x40 example THUMB Debug/drv_clock_st_type_E_peripherals.o
                0x00000000080011ec                drv::Peripheral::setAdc1En(bool)
 .text._ZN3drv10Peripheral8setDacEnEb
                0x000000000800122c       0x40 example THUMB Debug/drv_clock_st_type_E_peripherals.o
                0x000000000800122c                drv::Peripheral::setDacEn(bool)
 .text._ZN3drv10Peripheral11setSyscfgEnEb
                0x000000000800126c       0x3c example THUMB Debug/drv_clock_st_type_E_peripherals.o
                0x000000000800126c                drv::Peripheral::setSyscfgEn(bool)
 .text._ZL10setClockEnb
                0x00000000080012a8       0x20 example THUMB Debug/drv_dac_st_type_A.o
 .text._ZL12getClockFreqv
                0x00000000080012c8       0x14 example THUMB Debug/drv_dac_st_type_A.o
 .text._ZN3drv3DacC2EP11DAC_TypeDefPFvbES4_PFmvE
                0x00000000080012dc       0x30 example THUMB Debug/drv_dac_st_type_A.o
                0x00000000080012dc                drv::Dac::Dac(DAC_TypeDef*, void (*)(bool), void (*)(bool), unsigned long (*)())
                0x00000000080012dc                drv::Dac::Dac(DAC_TypeDef*, void (*)(bool), void (*)(bool), unsigned long (*)())
 .text._Z41__static_initialization_and_destruction_0ii
                0x000000000800130c       0x40 example THUMB Debug/drv_dac_st_type_A.o
 .text._GLOBAL__sub_I_dac
                0x000000000800134c       0x14 example THUMB Debug/drv_dac_st_type_A.o
 .text._ZL13setDmaClockEnb
                0x0000000008001360       0x28 example THUMB Debug/drv_dma_st_type_B.o
 .text._ZL11setDmaIntEnb
                0x0000000008001388       0x88 example THUMB Debug/drv_dma_st_type_B.o
 .text._ZL19setDma1Stream1IntEnb
                0x0000000008001410       0x28 example THUMB Debug/drv_dma_st_type_B.o
 .text._ZL19setDma1Stream2IntEnb
                0x0000000008001438       0x28 example THUMB Debug/drv_dma_st_type_B.o
 .text._ZL19setDma1Stream3IntEnb
                0x0000000008001460       0x28 example THUMB Debug/drv_dma_st_type_B.o
 .text._ZL19setDma1Stream4IntEnb
                0x0000000008001488       0x28 example THUMB Debug/drv_dma_st_type_B.o
 .text._ZL19setDma1Stream5IntEnb
                0x00000000080014b0       0x28 example THUMB Debug/drv_dma_st_type_B.o
 .text._ZL19setDma1Stream6IntEnb
                0x00000000080014d8       0x28 example THUMB Debug/drv_dma_st_type_B.o
 .text._ZL19setDma1Stream7IntEnb
                0x0000000008001500       0x28 example THUMB Debug/drv_dma_st_type_B.o
 .text._ZN3drv3DmaC2EPFvbES2_
                0x0000000008001528       0x1e example THUMB Debug/drv_dma_st_type_B.o
                0x0000000008001528                drv::Dma::Dma(void (*)(bool), void (*)(bool))
                0x0000000008001528                drv::Dma::Dma(void (*)(bool), void (*)(bool))
 *fill*         0x0000000008001546        0x2 
 .text._ZN3drv3Dma4initEv
                0x0000000008001548       0x60 example THUMB Debug/drv_dma_st_type_B.o
                0x0000000008001548                drv::Dma::init()
 .text._Z41__static_initialization_and_destruction_0ii
                0x00000000080015a8       0xfc example THUMB Debug/drv_dma_st_type_B.o
 .text._GLOBAL__sub_I_dma
                0x00000000080016a4       0x14 example THUMB Debug/drv_dma_st_type_B.o
 .text.DMA1_Channel1_IRQHandler
                0x00000000080016b8       0x7c example THUMB Debug/drv_dma_st_type_B_isr.o
                0x00000000080016b8                DMA1_Channel1_IRQHandler
 .text.DMA1_Channel2_3_IRQHandler
                0x0000000008001734       0xb0 example THUMB Debug/drv_dma_st_type_B_isr.o
                0x0000000008001734                DMA1_Channel2_3_IRQHandler
 .text.DMA1_Channel4_5_6_7_IRQHandler
                0x00000000080017e4      0x110 example THUMB Debug/drv_dma_st_type_B_isr.o
                0x00000000080017e4                DMA1_Channel4_5_6_7_IRQHandler
 .text._ZN3drv6StreamC2EP19DMA_Channel_TypeDefPFvbES4_h
                0x00000000080018f4       0x3c example THUMB Debug/drv_dma_st_type_B_stream.o
                0x00000000080018f4                drv::Stream::Stream(DMA_Channel_TypeDef*, void (*)(bool), void (*)(bool), unsigned char)
                0x00000000080018f4                drv::Stream::Stream(DMA_Channel_TypeDef*, void (*)(bool), void (*)(bool), unsigned char)
 .text._ZN3drv6Stream4initEv
                0x0000000008001930       0x2a example THUMB Debug/drv_dma_st_type_B_stream.o
                0x0000000008001930                drv::Stream::init()
 .text._ZN3drv6Stream11setCompleteEv
                0x000000000800195a       0x10 example THUMB Debug/drv_dma_st_type_B_stream.o
                0x000000000800195a                drv::Stream::setComplete()
 .text._ZN3drv6Stream8setErrorEv
                0x000000000800196a       0x10 example THUMB Debug/drv_dma_st_type_B_stream.o
                0x000000000800196a                drv::Stream::setError()
 *fill*         0x000000000800197a        0x2 
 .text._Z41__static_initialization_and_destruction_0ii
                0x000000000800197c       0x2c example THUMB Debug/drv_dma_st_type_B_stream.o
 .text._GLOBAL__sub_I__ZN3drv6StreamC2EP19DMA_Channel_TypeDefPFvbES4_h
                0x00000000080019a8       0x14 example THUMB Debug/drv_dma_st_type_B_stream.o
 .text._ZN3DrvC2EPFvbES1_PFvvE
                0x00000000080019bc       0x30 example THUMB Debug/Drv.o
                0x00000000080019bc                Drv::Drv(void (*)(bool), void (*)(bool), void (*)())
                0x00000000080019bc                Drv::Drv(void (*)(bool), void (*)(bool), void (*)())
 .text._ZN3Drv10setClockEnEb
                0x00000000080019ec       0x2a example THUMB Debug/Drv.o
                0x00000000080019ec                Drv::setClockEn(bool)
 .text._ZN3Drv8setIntEnEb
                0x0000000008001a16       0x2a example THUMB Debug/Drv.o
                0x0000000008001a16                Drv::setIntEn(bool)
 .text._ZN3drv4ExtiC2EPFvbES2_
                0x0000000008001a40       0x1e example THUMB Debug/drv_exti_not_support.o
                0x0000000008001a40                drv::Exti::Exti(void (*)(bool), void (*)(bool))
                0x0000000008001a40                drv::Exti::Exti(void (*)(bool), void (*)(bool))
 *fill*         0x0000000008001a5e        0x2 
 .text._Z41__static_initialization_and_destruction_0ii
                0x0000000008001a60       0x30 example THUMB Debug/drv_exti_not_support.o
 .text._GLOBAL__sub_I_exti
                0x0000000008001a90       0x14 example THUMB Debug/drv_exti_not_support.o
 .text._ZN3drv5FlashC2EPFvbES2_
                0x0000000008001aa4       0x1e example THUMB Debug/drv_flash_st_type_E.o
                0x0000000008001aa4                drv::Flash::Flash(void (*)(bool), void (*)(bool))
                0x0000000008001aa4                drv::Flash::Flash(void (*)(bool), void (*)(bool))
 *fill*         0x0000000008001ac2        0x2 
 .text._ZN3drv5Flash10setLatencyEj
                0x0000000008001ac4       0xb4 example THUMB Debug/drv_flash_st_type_E.o
                0x0000000008001ac4                drv::Flash::setLatency(unsigned int)
 .text._ZN3drv5Flash13setPrefetchEnEb
                0x0000000008001b78       0x3c example THUMB Debug/drv_flash_st_type_E.o
                0x0000000008001b78                drv::Flash::setPrefetchEn(bool)
 .text._ZN3drv5Flash12setPreReadEnEb
                0x0000000008001bb4       0x3c example THUMB Debug/drv_flash_st_type_E.o
                0x0000000008001bb4                drv::Flash::setPreReadEn(bool)
 .text._Z41__static_initialization_and_destruction_0ii
                0x0000000008001bf0       0x30 example THUMB Debug/drv_flash_st_type_E.o
 .text._GLOBAL__sub_I_flash
                0x0000000008001c20       0x14 example THUMB Debug/drv_flash_st_type_E.o
 .text._Z11setGpioModeP12GPIO_TypeDefhh
                0x0000000008001c34       0x74 example THUMB Debug/drv_gpio_st_type_A.o
                0x0000000008001c34                setGpioMode(GPIO_TypeDef*, unsigned char, unsigned char)
 .text._Z14setGpioAltfuncP12GPIO_TypeDefhh
                0x0000000008001ca8       0xf4 example THUMB Debug/drv_gpio_st_type_A.o
                0x0000000008001ca8                setGpioAltfunc(GPIO_TypeDef*, unsigned char, unsigned char)
 .text._Z13setGpioOspeedP12GPIO_TypeDefhh
                0x0000000008001d9c       0x78 example THUMB Debug/drv_gpio_st_type_A.o
                0x0000000008001d9c                setGpioOspeed(GPIO_TypeDef*, unsigned char, unsigned char)
 .text._Z12setGpioOtypeP12GPIO_TypeDefhh
                0x0000000008001e14       0x58 example THUMB Debug/drv_gpio_st_type_A.o
                0x0000000008001e14                setGpioOtype(GPIO_TypeDef*, unsigned char, unsigned char)
 .text._Z17setGpioPullUpDownP12GPIO_TypeDefhh
                0x0000000008001e6c       0x78 example THUMB Debug/drv_gpio_st_type_A.o
                0x0000000008001e6c                setGpioPullUpDown(GPIO_TypeDef*, unsigned char, unsigned char)
 .text._ZL15setGpioAClockEnb
                0x0000000008001ee4       0x28 example THUMB Debug/drv_gpio_st_type_A.o
 .text._ZL15setGpioBClockEnb
                0x0000000008001f0c       0x28 example THUMB Debug/drv_gpio_st_type_A.o
 .text._ZL15setGpioDClockEnb
                0x0000000008001f34       0x28 example THUMB Debug/drv_gpio_st_type_A.o
 .text._ZL15setGpioEClockEnb
                0x0000000008001f5c       0x28 example THUMB Debug/drv_gpio_st_type_A.o
 .text._ZL15setGpioHClockEnb
                0x0000000008001f84       0x28 example THUMB Debug/drv_gpio_st_type_A.o
 .text._ZN3drv4GpioC2EP12GPIO_TypeDefPFvbES4_h
                0x0000000008001fac       0x2e example THUMB Debug/drv_gpio_st_type_A.o
                0x0000000008001fac                drv::Gpio::Gpio(GPIO_TypeDef*, void (*)(bool), void (*)(bool), unsigned char)
                0x0000000008001fac                drv::Gpio::Gpio(GPIO_TypeDef*, void (*)(bool), void (*)(bool), unsigned char)
 .text._ZN3drv4Gpio12setToAltFuncEhhhb
                0x0000000008001fda       0x7c example THUMB Debug/drv_gpio_st_type_A.o
                0x0000000008001fda                drv::Gpio::setToAltFunc(unsigned char, unsigned char, unsigned char, bool)
 .text._ZN3drv4Gpio10setToInputEhh
                0x0000000008002056       0x48 example THUMB Debug/drv_gpio_st_type_A.o
                0x0000000008002056                drv::Gpio::setToInput(unsigned char, unsigned char)
 .text._ZN3drv4Gpio11setToOutputEhhb
                0x000000000800209e       0x68 example THUMB Debug/drv_gpio_st_type_A.o
                0x000000000800209e                drv::Gpio::setToOutput(unsigned char, unsigned char, bool)
 .text._ZN3drv4Gpio9setOutputEhb
                0x0000000008002106       0x64 example THUMB Debug/drv_gpio_st_type_A.o
                0x0000000008002106                drv::Gpio::setOutput(unsigned char, bool)
 .text._ZN3drv4Gpio7getDataEh
                0x000000000800216a       0x2c example THUMB Debug/drv_gpio_st_type_A.o
                0x000000000800216a                drv::Gpio::getData(unsigned char)
 *fill*         0x0000000008002196        0x2 
 .text._Z41__static_initialization_and_destruction_0ii
                0x0000000008002198       0xc4 example THUMB Debug/drv_gpio_st_type_A.o
 .text._GLOBAL__sub_I_gpioA
                0x000000000800225c       0x14 example THUMB Debug/drv_gpio_st_type_A.o
 .text._ZN3drv3I2cC2Ev
                0x0000000008002270       0x26 example THUMB Debug/drv_i2c_not_support.o
                0x0000000008002270                drv::I2c::I2c()
                0x0000000008002270                drv::I2c::I2c()
 *fill*         0x0000000008002296        0x2 
 .text._Z41__static_initialization_and_destruction_0ii
                0x0000000008002298       0x44 example THUMB Debug/drv_i2c_not_support.o
 .text._GLOBAL__sub_I_i2c1
                0x00000000080022dc       0x14 example THUMB Debug/drv_i2c_not_support.o
 .text._Z12setNvicIntEnhb
                0x00000000080022f0       0xe4 example THUMB Debug/drv_nvic_st_type_B.o
                0x00000000080022f0                setNvicIntEn(unsigned char, bool)
 .text._ZN3drv4Nvic16setDma1Stream1EnEb
                0x00000000080023d4       0x22 example THUMB Debug/drv_nvic_st_type_B.o
                0x00000000080023d4                drv::Nvic::setDma1Stream1En(bool)
 .text._ZN3drv4Nvic16setDma1Stream2EnEb
                0x00000000080023f6       0x22 example THUMB Debug/drv_nvic_st_type_B.o
                0x00000000080023f6                drv::Nvic::setDma1Stream2En(bool)
 .text._ZN3drv4Nvic16setDma1Stream3EnEb
                0x0000000008002418       0x22 example THUMB Debug/drv_nvic_st_type_B.o
                0x0000000008002418                drv::Nvic::setDma1Stream3En(bool)
 .text._ZN3drv4Nvic16setDma1Stream4EnEb
                0x000000000800243a       0x22 example THUMB Debug/drv_nvic_st_type_B.o
                0x000000000800243a                drv::Nvic::setDma1Stream4En(bool)
 .text._ZN3drv4Nvic16setDma1Stream5EnEb
                0x000000000800245c       0x22 example THUMB Debug/drv_nvic_st_type_B.o
                0x000000000800245c                drv::Nvic::setDma1Stream5En(bool)
 .text._ZN3drv4Nvic16setDma1Stream6EnEb
                0x000000000800247e       0x22 example THUMB Debug/drv_nvic_st_type_B.o
                0x000000000800247e                drv::Nvic::setDma1Stream6En(bool)
 .text._ZN3drv4Nvic16setDma1Stream7EnEb
                0x00000000080024a0       0x22 example THUMB Debug/drv_nvic_st_type_B.o
                0x00000000080024a0                drv::Nvic::setDma1Stream7En(bool)
 .text._ZN3drv4Nvic11setTimer2EnEb
                0x00000000080024c2       0x22 example THUMB Debug/drv_nvic_st_type_B.o
                0x00000000080024c2                drv::Nvic::setTimer2En(bool)
 .text._ZN3drv4Nvic11setTimer3EnEb
                0x00000000080024e4       0x22 example THUMB Debug/drv_nvic_st_type_B.o
                0x00000000080024e4                drv::Nvic::setTimer3En(bool)
 .text._ZN3drv4Nvic11setTimer6EnEb
                0x0000000008002506       0x22 example THUMB Debug/drv_nvic_st_type_B.o
                0x0000000008002506                drv::Nvic::setTimer6En(bool)
 .text._ZN3drv4Nvic11setTimer7EnEb
                0x0000000008002528       0x22 example THUMB Debug/drv_nvic_st_type_B.o
                0x0000000008002528                drv::Nvic::setTimer7En(bool)
 .text._ZN3drv4Nvic10setUart1EnEb
                0x000000000800254a       0x22 example THUMB Debug/drv_nvic_st_type_B.o
                0x000000000800254a                drv::Nvic::setUart1En(bool)
 .text._ZN3drv4Nvic10setUart2EnEb
                0x000000000800256c       0x22 example THUMB Debug/drv_nvic_st_type_B.o
                0x000000000800256c                drv::Nvic::setUart2En(bool)
 .text._ZN3drv4Nvic9setAdc1EnEb
                0x000000000800258e       0x22 example THUMB Debug/drv_nvic_st_type_B.o
                0x000000000800258e                drv::Nvic::setAdc1En(bool)
 .text._ZL5resetv
                0x00000000080025b0       0x4c example THUMB Debug/drv_rtc_st_type_A.o
 .text._ZN3sac3RtcC2Ev
                0x00000000080025fc       0x18 example THUMB Debug/drv_rtc_st_type_A.o
                0x00000000080025fc                sac::Rtc::Rtc()
                0x00000000080025fc                sac::Rtc::Rtc()
 .text._ZN3drv3RtcC2EP11RTC_TypeDefPFvbES4_PFvvE
                0x0000000008002614       0x34 example THUMB Debug/drv_rtc_st_type_A.o
                0x0000000008002614                drv::Rtc::Rtc(RTC_TypeDef*, void (*)(bool), void (*)(bool), void (*)())
                0x0000000008002614                drv::Rtc::Rtc(RTC_TypeDef*, void (*)(bool), void (*)(bool), void (*)())
 .text._ZN3drv3Rtc7refreshEv
                0x0000000008002648        0xa example THUMB Debug/drv_rtc_st_type_A.o
                0x0000000008002648                drv::Rtc::refresh()
 *fill*         0x0000000008002652        0x2 
 .text._ZN3drv3Rtc7getYearEv
                0x0000000008002654       0x38 example THUMB Debug/drv_rtc_st_type_A.o
                0x0000000008002654                drv::Rtc::getYear()
 .text._ZN3drv3Rtc7setYearEh
                0x000000000800268c       0xd8 example THUMB Debug/drv_rtc_st_type_A.o
                0x000000000800268c                drv::Rtc::setYear(unsigned char)
 .text._ZN3drv3Rtc8getMonthEv
                0x0000000008002764       0x38 example THUMB Debug/drv_rtc_st_type_A.o
                0x0000000008002764                drv::Rtc::getMonth()
 .text._ZN3drv3Rtc8setMonthEh
                0x000000000800279c       0xd8 example THUMB Debug/drv_rtc_st_type_A.o
                0x000000000800279c                drv::Rtc::setMonth(unsigned char)
 .text._ZN3drv3Rtc6getDayEv
                0x0000000008002874       0x38 example THUMB Debug/drv_rtc_st_type_A.o
                0x0000000008002874                drv::Rtc::getDay()
 .text._ZN3drv3Rtc6setDayEh
                0x00000000080028ac       0xd4 example THUMB Debug/drv_rtc_st_type_A.o
                0x00000000080028ac                drv::Rtc::setDay(unsigned char)
 .text._ZN3drv3Rtc10getWeekDayEv
                0x0000000008002980       0x1c example THUMB Debug/drv_rtc_st_type_A.o
                0x0000000008002980                drv::Rtc::getWeekDay()
 .text._ZN3drv3Rtc10setWeekDayEh
                0x000000000800299c       0xac example THUMB Debug/drv_rtc_st_type_A.o
                0x000000000800299c                drv::Rtc::setWeekDay(unsigned char)
 .text._ZN3drv3Rtc7getHourEv
                0x0000000008002a48       0x38 example THUMB Debug/drv_rtc_st_type_A.o
                0x0000000008002a48                drv::Rtc::getHour()
 .text._ZN3drv3Rtc7setHourEh
                0x0000000008002a80       0xd8 example THUMB Debug/drv_rtc_st_type_A.o
                0x0000000008002a80                drv::Rtc::setHour(unsigned char)
 .text._ZN3drv3Rtc6getMinEv
                0x0000000008002b58       0x38 example THUMB Debug/drv_rtc_st_type_A.o
                0x0000000008002b58                drv::Rtc::getMin()
 .text._ZN3drv3Rtc6setMinEh
                0x0000000008002b90       0xd8 example THUMB Debug/drv_rtc_st_type_A.o
                0x0000000008002b90                drv::Rtc::setMin(unsigned char)
 .text._ZN3drv3Rtc6getSecEv
                0x0000000008002c68       0x38 example THUMB Debug/drv_rtc_st_type_A.o
                0x0000000008002c68                drv::Rtc::getSec()
 .text._ZN3drv3Rtc6setSecEh
                0x0000000008002ca0       0xd4 example THUMB Debug/drv_rtc_st_type_A.o
                0x0000000008002ca0                drv::Rtc::setSec(unsigned char)
 .text._ZN3drv3Rtc9getSubsecEv
                0x0000000008002d74       0x38 example THUMB Debug/drv_rtc_st_type_A.o
                0x0000000008002d74                drv::Rtc::getSubsec()
 .text._ZN3drv3Rtc7protectEv
                0x0000000008002dac       0x50 example THUMB Debug/drv_rtc_st_type_A.o
                0x0000000008002dac                drv::Rtc::protect()
 .text._ZN3drv3Rtc9unprotectEv
                0x0000000008002dfc       0x38 example THUMB Debug/drv_rtc_st_type_A.o
                0x0000000008002dfc                drv::Rtc::unprotect()
 .text._Z41__static_initialization_and_destruction_0ii
                0x0000000008002e34       0x3c example THUMB Debug/drv_rtc_st_type_A.o
 .text._GLOBAL__sub_I_rtc
                0x0000000008002e70       0x14 example THUMB Debug/drv_rtc_st_type_A.o
 .text._ZL10setClockEnb
                0x0000000008002e84       0x28 example THUMB Debug/drv_syscfg_st_type_A.o
 .text._ZN3drv6SyscfgC2EPFvbES2_
                0x0000000008002eac       0x1e example THUMB Debug/drv_syscfg_st_type_A.o
                0x0000000008002eac                drv::Syscfg::Syscfg(void (*)(bool), void (*)(bool))
                0x0000000008002eac                drv::Syscfg::Syscfg(void (*)(bool), void (*)(bool))
 *fill*         0x0000000008002eca        0x2 
 .text._Z41__static_initialization_and_destruction_0ii
                0x0000000008002ecc       0x34 example THUMB Debug/drv_syscfg_st_type_A.o
 .text._GLOBAL__sub_I_syscfg
                0x0000000008002f00       0x14 example THUMB Debug/drv_syscfg_st_type_A.o
 .text._ZL19getTimerApb1ClkFreqv
                0x0000000008002f14       0x14 example THUMB Debug/drv_timer_st_type_A.o
 .text._ZL14setTim2ClockEnb
                0x0000000008002f28       0x28 example THUMB Debug/drv_timer_st_type_A.o
 .text._ZL12setTim2IntEnb
                0x0000000008002f50       0x28 example THUMB Debug/drv_timer_st_type_A.o
 .text.TIM2_IRQHandler
                0x0000000008002f78       0x40 example THUMB Debug/drv_timer_st_type_A.o
                0x0000000008002f78                TIM2_IRQHandler
 .text._ZL14setTim3ClockEnb
                0x0000000008002fb8       0x28 example THUMB Debug/drv_timer_st_type_A.o
 .text._ZL12setTim3IntEnb
                0x0000000008002fe0       0x28 example THUMB Debug/drv_timer_st_type_A.o
 .text.TIM3_IRQHandler
                0x0000000008003008       0x3c example THUMB Debug/drv_timer_st_type_A.o
                0x0000000008003008                TIM3_IRQHandler
 .text._ZL14setTim6ClockEnb
                0x0000000008003044       0x28 example THUMB Debug/drv_timer_st_type_A.o
 .text._ZL12setTim6IntEnb
                0x000000000800306c       0x28 example THUMB Debug/drv_timer_st_type_A.o
 .text.TIM6_DAC_IRQHandler
                0x0000000008003094       0x3c example THUMB Debug/drv_timer_st_type_A.o
                0x0000000008003094                TIM6_DAC_IRQHandler
 .text._ZL14setTim7ClockEnb
                0x00000000080030d0       0x28 example THUMB Debug/drv_timer_st_type_A.o
 .text._ZL12setTim7IntEnb
                0x00000000080030f8       0x28 example THUMB Debug/drv_timer_st_type_A.o
 .text.TIM7_IRQHandler
                0x0000000008003120       0x3c example THUMB Debug/drv_timer_st_type_A.o
                0x0000000008003120                TIM7_IRQHandler
 .text._ZN3drv5TimerC2EP11TIM_TypeDefPFvbES4_PFjvE
                0x000000000800315c       0x54 example THUMB Debug/drv_timer_st_type_A.o
                0x000000000800315c                drv::Timer::Timer(TIM_TypeDef*, void (*)(bool), void (*)(bool), unsigned int (*)())
                0x000000000800315c                drv::Timer::Timer(TIM_TypeDef*, void (*)(bool), void (*)(bool), unsigned int (*)())
 .text._ZN3drv5Timer14initSystemTimeEv
                0x00000000080031b0       0x54 example THUMB Debug/drv_timer_st_type_A.o
                0x00000000080031b0                drv::Timer::initSystemTime()
 .text._ZN3drv5Timer5startEv
                0x0000000008003204       0x1a example THUMB Debug/drv_timer_st_type_A.o
                0x0000000008003204                drv::Timer::start()
 .text._ZN3drv5Timer15getCounterValueEv
                0x000000000800321e       0x10 example THUMB Debug/drv_timer_st_type_A.o
                0x000000000800321e                drv::Timer::getCounterValue()
 *fill*         0x000000000800322e        0x2 
 .text._ZN3drv5Timer16getOverFlowCountEv
                0x0000000008003230       0x10 example THUMB Debug/drv_timer_st_type_A.o
                0x0000000008003230                drv::Timer::getOverFlowCount()
 .text._ZN3drv5Timer12getClockFreqEv
                0x0000000008003240       0x14 example THUMB Debug/drv_timer_st_type_A.o
                0x0000000008003240                drv::Timer::getClockFreq()
 .text._ZN3drv5Timer12setUpdateIsrEPFvvE
                0x0000000008003254       0x12 example THUMB Debug/drv_timer_st_type_A.o
                0x0000000008003254                drv::Timer::setUpdateIsr(void (*)())
 .text._ZN3drv5Timer9isrUpdateEv
                0x0000000008003266       0x2e example THUMB Debug/drv_timer_st_type_A.o
                0x0000000008003266                drv::Timer::isrUpdate()
 .text._Z41__static_initialization_and_destruction_0ii
                0x0000000008003294       0xb0 example THUMB Debug/drv_timer_st_type_A.o
 .text._GLOBAL__sub_I_timer2
                0x0000000008003344       0x14 example THUMB Debug/drv_timer_st_type_A.o
 .text._ZL14getApb2ClkFreqv
                0x0000000008003358       0x14 example THUMB Debug/drv_uart_st_type_A.o
 .text._ZL14getApb1ClkFreqv
                0x000000000800336c       0x14 example THUMB Debug/drv_uart_st_type_A.o
 .text._ZL15setUart1ClockEnb
                0x0000000008003380       0x28 example THUMB Debug/drv_uart_st_type_A.o
 .text._ZL13setUart1IntEnb
                0x00000000080033a8       0x28 example THUMB Debug/drv_uart_st_type_A.o
 .text.USART1_IRQHandler
                0x00000000080033d0       0x14 example THUMB Debug/drv_uart_st_type_A.o
                0x00000000080033d0                USART1_IRQHandler
 .text._ZL15setUart2ClockEnb
                0x00000000080033e4       0x28 example THUMB Debug/drv_uart_st_type_A.o
 .text._ZL13setUart2IntEnb
                0x000000000800340c       0x28 example THUMB Debug/drv_uart_st_type_A.o
 .text.USART2_IRQHandler
                0x0000000008003434       0x14 example THUMB Debug/drv_uart_st_type_A.o
                0x0000000008003434                USART2_IRQHandler
 .text._ZN3drv4UartC2EP13USART_TypeDefPFvbES4_PNS_6StreamEhtPFjvE
                0x0000000008003448       0x66 example THUMB Debug/drv_uart_st_type_A.o
                0x0000000008003448                drv::Uart::Uart(USART_TypeDef*, void (*)(bool), void (*)(bool), drv::Stream*, unsigned char, unsigned short, unsigned int (*)())
                0x0000000008003448                drv::Uart::Uart(USART_TypeDef*, void (*)(bool), void (*)(bool), drv::Stream*, unsigned char, unsigned short, unsigned int (*)())
 .text._ZN3drv4Uart4initEjj
                0x00000000080034ae       0xba example THUMB Debug/drv_uart_st_type_A.o
                0x00000000080034ae                drv::Uart::init(unsigned int, unsigned int)
 .text._ZN3drv4Uart4pushEc
                0x0000000008003568       0x44 example THUMB Debug/drv_uart_st_type_A.o
                0x0000000008003568                drv::Uart::push(char)
 .text._ZN3drv4Uart3isrEv
                0x00000000080035ac       0x36 example THUMB Debug/drv_uart_st_type_A.o
                0x00000000080035ac                drv::Uart::isr()
 .text._ZN3drv4Uart5flushEv
                0x00000000080035e2       0x18 example THUMB Debug/drv_uart_st_type_A.o
                0x00000000080035e2                drv::Uart::flush()
 *fill*         0x00000000080035fa        0x2 
 .text._Z41__static_initialization_and_destruction_0ii
                0x00000000080035fc       0x90 example THUMB Debug/drv_uart_st_type_A.o
 .text._GLOBAL__sub_I_uart1
                0x000000000800368c       0x14 example THUMB Debug/drv_uart_st_type_A.o
 .text.SystemInit
                0x00000000080036a0        0xa example THUMB Debug/msp_default.o
                0x00000000080036a0                SystemInit
 *fill*         0x00000000080036aa        0x2 
 .text._Z10initSystemv
                0x00000000080036ac      0x118 example THUMB Debug/msp_stm32l0x3.o
                0x00000000080036ac                initSystem()
 .text._ZN3sac4CommC2Ev
                0x00000000080037c4       0x12 example THUMB Debug/sac_Comm.o
                0x00000000080037c4                sac::Comm::Comm()
                0x00000000080037c4                sac::Comm::Comm()
 .text._ZN3sac4Comm3setEhPvt
                0x00000000080037d6       0x4c example THUMB Debug/sac_Comm.o
                0x00000000080037d6                sac::Comm::set(unsigned char, void*, unsigned short)
 *fill*         0x0000000008003822        0x2 
 .text          0x0000000008003824       0x6c example THUMB Debug/yss_context_switching.o
                0x0000000008003824                SysTick_Handler
                0x0000000008003832                PendSV_Handler
                0x0000000008003878                yield
 .text._ZN5Mutex4initEv
                0x0000000008003890       0x14 example THUMB Debug/yss_Mutex.o
                0x0000000008003890                Mutex::init()
 .text._ZN5MutexC2Ev
                0x00000000080038a4       0x18 example THUMB Debug/yss_Mutex.o
                0x00000000080038a4                Mutex::Mutex()
                0x00000000080038a4                Mutex::Mutex()
 .text._ZN5Mutex4lockEv
                0x00000000080038bc       0x42 example THUMB Debug/yss_Mutex.o
                0x00000000080038bc                Mutex::lock()
 *fill*         0x00000000080038fe        0x2 
 .text._ZN5Mutex6unlockEv
                0x0000000008003900       0x48 example THUMB Debug/yss_Mutex.o
                0x0000000008003900                Mutex::unlock()
 .text._Z13initSchedulerv
                0x0000000008003948       0x34 example THUMB Debug/yss_scheduler.o
                0x0000000008003948                initScheduler()
 .text._Z11cleanupTaskv
                0x000000000800397c      0x148 example THUMB Debug/yss_scheduler.o
                0x000000000800397c                cleanupTask()
 .text._ZN6thread3addEPFvPvES0_i
                0x0000000008003ac4      0x23c example THUMB Debug/yss_scheduler.o
                0x0000000008003ac4                thread::add(void (*)(void*), void*, int)
 .text._ZN6thread3addEPFvvEi
                0x0000000008003d00       0x1c example THUMB Debug/yss_scheduler.o
                0x0000000008003d00                thread::add(void (*)(), int)
 .text._ZN6thread6removeEi
                0x0000000008003d1c       0xf4 example THUMB Debug/yss_scheduler.o
                0x0000000008003d1c                thread::remove(int)
 .text._ZN6thread7protectEv
                0x0000000008003e10       0x48 example THUMB Debug/yss_scheduler.o
                0x0000000008003e10                thread::protect()
 .text._ZN6thread9unprotectEv
                0x0000000008003e58       0x48 example THUMB Debug/yss_scheduler.o
                0x0000000008003e58                thread::unprotect()
 .text._ZN6thread15terminateThreadEv
                0x0000000008003ea0       0x2c example THUMB Debug/yss_scheduler.o
                0x0000000008003ea0                thread::terminateThread()
 .text._ZN6thread5delayEj
                0x0000000008003ecc       0x5e example THUMB Debug/yss_scheduler.o
                0x0000000008003ecc                thread::delay(unsigned int)
 .text._ZN6thread7delayUsEj
                0x0000000008003f2a       0x52 example THUMB Debug/yss_scheduler.o
                0x0000000008003f2a                thread::delayUs(unsigned int)
 .text._ZN7trigger3runEi
                0x0000000008003f7c       0xcc example THUMB Debug/yss_scheduler.o
                0x0000000008003f7c                trigger::run(int)
 .text._ZN7trigger19activeTriggerThreadEi
                0x0000000008004048      0x13c example THUMB Debug/yss_scheduler.o
                0x0000000008004048                trigger::activeTriggerThread(int)
 .text._ZN7trigger7disableEv
                0x0000000008004184       0x4c example THUMB Debug/yss_scheduler.o
                0x0000000008004184                trigger::disable()
 .text.getNextContext
                0x00000000080041d0      0x144 example THUMB Debug/yss_scheduler.o
                0x00000000080041d0                getNextContext
 .text._Z41__static_initialization_and_destruction_0ii
                0x0000000008004314       0x2c example THUMB Debug/yss_scheduler.o
 .text._GLOBAL__sub_I__Z13initSchedulerv
                0x0000000008004340       0x14 example THUMB Debug/yss_scheduler.o
 .text._Z7hmallocm
                0x0000000008004354       0x6c example THUMB Debug/yss_hmalloc.o
                0x0000000008004354                hmalloc(unsigned long)
 .text._Z5hfreePv
                0x00000000080043c0       0x68 example THUMB Debug/yss_hmalloc.o
                0x00000000080043c0                hfree(void*)
 .text._Znaj    0x0000000008004428       0x16 example THUMB Debug/yss_hmalloc.o
                0x0000000008004428                operator new[](unsigned int)
 .text._ZdlPv   0x000000000800443e       0x14 example THUMB Debug/yss_hmalloc.o
                0x000000000800443e                operator delete(void*)
 *fill*         0x0000000008004452        0x2 
 .text.__NVIC_SetPriority
                0x0000000008004454       0xec example THUMB Debug/yss_init.o
 .text.SysTick_Config
                0x0000000008004540       0x44 example THUMB Debug/yss_init.o
 .text._ZN3yss4initEv
                0x0000000008004584       0x80 example THUMB Debug/yss_init.o
                0x0000000008004584                yss::init()
 .text._ZN6Malloc6mallocERNS_9MallocSetEm
                0x0000000008004604      0x1fc example THUMB Debug/yss_malloc.o
                0x0000000008004604                Malloc::malloc(Malloc::MallocSet&, unsigned long)
 .text._ZN6Malloc4freeERNS_9MallocSetEPv
                0x0000000008004800       0xea example THUMB Debug/yss_malloc.o
                0x0000000008004800                Malloc::free(Malloc::MallocSet&, void*)
 .text._ZN13FunctionQueueC2Eti
                0x00000000080048ea       0x82 example THUMB Debug/yss_functionQueue.o
                0x00000000080048ea                FunctionQueue::FunctionQueue(unsigned short, int)
                0x00000000080048ea                FunctionQueue::FunctionQueue(unsigned short, int)
 .text._ZN13FunctionQueue3addEPFiPS_Ei
                0x000000000800496c       0x6a example THUMB Debug/yss_functionQueue.o
                0x000000000800496c                FunctionQueue::add(int (*)(FunctionQueue*), int)
 .text._ZN13FunctionQueue9setStatusEi
                0x00000000080049d6       0x12 example THUMB Debug/yss_functionQueue.o
                0x00000000080049d6                FunctionQueue::setStatus(int)
 .text._ZN13FunctionQueue8setErrorEi
                0x00000000080049e8       0x12 example THUMB Debug/yss_functionQueue.o
                0x00000000080049e8                FunctionQueue::setError(int)
 .text._ZN13FunctionQueue10isCompleteEv
                0x00000000080049fa       0x36 example THUMB Debug/yss_functionQueue.o
                0x00000000080049fa                FunctionQueue::isComplete()
 .text._ZN13FunctionQueue4taskEv
                0x0000000008004a30       0xd2 example THUMB Debug/yss_functionQueue.o
                0x0000000008004a30                FunctionQueue::task()
 .text._Z10thread_runP13FunctionQueue
                0x0000000008004b02       0x56 example THUMB Debug/yss_functionQueue.o
                0x0000000008004b02                thread_run(FunctionQueue*)
 .text._ZN13FunctionQueue5startEv
                0x0000000008004b58       0x40 example THUMB Debug/yss_functionQueue.o
                0x0000000008004b58                FunctionQueue::start()
 .text._ZN13FunctionQueue5clearEv
                0x0000000008004b98       0x2e example THUMB Debug/yss_functionQueue.o
                0x0000000008004b98                FunctionQueue::clear()
 *fill*         0x0000000008004bc6        0x2 
 .text._ZN3key5clearEv
                0x0000000008004bc8       0x44 example THUMB Debug/yss_key.o
                0x0000000008004bc8                key::clear()
 .text._ZN3key14addPushHandlerEPFbvEPFvvEi
                0x0000000008004c0c       0x70 example THUMB Debug/yss_key.o
                0x0000000008004c0c                key::addPushHandler(bool (*)(), void (*)(), int)
 .text._ZN3key14addPushHandlerEPFbvERbi
                0x0000000008004c7c       0x70 example THUMB Debug/yss_key.o
                0x0000000008004c7c                key::addPushHandler(bool (*)(), bool&, int)
 .text._ZN3key17addCountUpHandlerEPFbvERiiib
                0x0000000008004cec       0x74 example THUMB Debug/yss_key.o
                0x0000000008004cec                key::addCountUpHandler(bool (*)(), int&, int, int, bool)
 .text._ZN3KeyC2Ev
                0x0000000008004d60       0x1c example THUMB Debug/yss_key.o
                0x0000000008004d60                Key::Key()
                0x0000000008004d60                Key::Key()
 .text._ZN3KeyD2Ev
                0x0000000008004d7c       0x20 example THUMB Debug/yss_key.o
                0x0000000008004d7c                Key::~Key()
                0x0000000008004d7c                Key::~Key()
 .text._ZN3Key5resetEv
                0x0000000008004d9c       0x42 example THUMB Debug/yss_key.o
                0x0000000008004d9c                Key::reset()
 *fill*         0x0000000008004dde        0x2 
 .text._ZN3Key7setPushEPFbvEPFvvE
                0x0000000008004de0       0x5c example THUMB Debug/yss_key.o
                0x0000000008004de0                Key::setPush(bool (*)(), void (*)())
 .text._ZN3Key7setPushEPFbvERb
                0x0000000008004e3c       0x50 example THUMB Debug/yss_key.o
                0x0000000008004e3c                Key::setPush(bool (*)(), bool&)
 .text._ZN3Key10setCountUpEPFbvERiii
                0x0000000008004e8c       0x5c example THUMB Debug/yss_key.o
                0x0000000008004e8c                Key::setCountUp(bool (*)(), int&, int, int)
 .text._ZN3Key8isDetectEv
                0x0000000008004ee8       0x14 example THUMB Debug/yss_key.o
                0x0000000008004ee8                Key::isDetect()
 .text._ZN3Key6handleEv
                0x0000000008004efc       0x12 example THUMB Debug/yss_key.o
                0x0000000008004efc                Key::handle()
 .text._ZN3Key8setCycleEb
                0x0000000008004f0e       0x1c example THUMB Debug/yss_key.o
                0x0000000008004f0e                Key::setCycle(bool)
 .text._ZN3Key7setFlagEv
                0x0000000008004f2a       0x1a example THUMB Debug/yss_key.o
                0x0000000008004f2a                Key::setFlag()
 .text._ZN3Key7countupEv
                0x0000000008004f44       0x56 example THUMB Debug/yss_key.o
                0x0000000008004f44                Key::countup()
 .text._ZN3Key11getDeadTimeEv
                0x0000000008004f9a        0xe example THUMB Debug/yss_key.o
                0x0000000008004f9a                Key::getDeadTime()
 .text._ZN3Key11setDeadTimeEj
                0x0000000008004fa8       0x12 example THUMB Debug/yss_key.o
                0x0000000008004fa8                Key::setDeadTime(unsigned int)
 .text._ZL18thread_handlerPushPv
                0x0000000008004fba       0xc2 example THUMB Debug/yss_key.o
 .text._ZL31thread_handlerPushUsingBoolFlagPv
                0x000000000800507c       0xc2 example THUMB Debug/yss_key.o
 .text._ZL21thread_handlerCountUpPv
                0x000000000800513e       0xc2 example THUMB Debug/yss_key.o
 .text.__tcf_0  0x0000000008005200       0x24 example THUMB Debug/yss_key.o
 .text._Z41__static_initialization_and_destruction_0ii
                0x0000000008005224       0x50 example THUMB Debug/yss_key.o
 .text._GLOBAL__sub_I__ZN3key11gHandlerCntE
                0x0000000008005274       0x14 example THUMB Debug/yss_key.o
 .text._ZN6PeriodC2Ej
                0x0000000008005288       0x1e example THUMB Debug/yss_Period.o
                0x0000000008005288                Period::Period(unsigned int)
                0x0000000008005288                Period::Period(unsigned int)
 .text._ZN6Period5resetEv
                0x00000000080052a6       0x1a example THUMB Debug/yss_Period.o
                0x00000000080052a6                Period::reset()
 .text._ZN6Period4waitEv
                0x00000000080052c0       0x60 example THUMB Debug/yss_Period.o
                0x00000000080052c0                Period::wait()
 .text._ZL3isrv
                0x0000000008005320       0x28 example THUMB Debug/yss_time.o
 .text._Z14initSystemTimev
                0x0000000008005348       0x50 example THUMB Debug/yss_time.o
                0x0000000008005348                initSystemTime()
 .text._ZN4time14getRunningMsecEv
                0x0000000008005398       0x84 example THUMB Debug/yss_time.o
                0x0000000008005398                time::getRunningMsec()
 .text._ZN4time14getRunningUsecEv
                0x000000000800541c       0x78 example THUMB Debug/yss_time.o
                0x000000000800541c                time::getRunningUsec()
 .text._ZN3led4initEPFvbE
                0x0000000008005494       0x14 example THUMB Debug/dev_led.o
                0x0000000008005494                led::init(void (*)(bool))
 .text._ZN3led5clearEv
                0x00000000080054a8       0x40 example THUMB Debug/dev_led.o
                0x00000000080054a8                led::clear()
 .text._ZN3led2onEb
                0x00000000080054e8       0x30 example THUMB Debug/dev_led.o
                0x00000000080054e8                led::on(bool)
 .text._ZN3led21thread_fadeinoutBlinkEv
                0x0000000008005518       0x50 example THUMB Debug/dev_led.o
                0x0000000008005518                led::thread_fadeinoutBlink()
 .text._ZN3led27thread_fadeinoutChangeDelayEv
                0x0000000008005568       0x88 example THUMB Debug/dev_led.o
                0x0000000008005568                led::thread_fadeinoutChangeDelay()
 .text._ZN3led9fadeInOutEv
                0x00000000080055f0       0x44 example THUMB Debug/dev_led.o
                0x00000000080055f0                led::fadeInOut()
 .text._Z41__static_initialization_and_destruction_0ii
                0x0000000008005634       0x34 example THUMB Debug/memory.o
 .text._GLOBAL__sub_I_gFq
                0x0000000008005668       0x14 example THUMB Debug/memory.o
 .text._ZN4task2ex4initEPFbvE
                0x000000000800567c       0x14 example THUMB Debug/task_key.o
                0x000000000800567c                task::ex::init(bool (*)())
 .text._ZN4task2ex5clearEv
                0x0000000008005690       0x24 example THUMB Debug/task_key.o
                0x0000000008005690                task::ex::clear()
 .text._ZN4task2ex12thread_mode1Ev
                0x00000000080056b4       0xe8 example THUMB Debug/task_key.o
                0x00000000080056b4                task::ex::thread_mode1()
 .text._ZN4task2ex5mode1EP13FunctionQueue
                0x000000000800579c       0x44 example THUMB Debug/task_key.o
                0x000000000800579c                task::ex::mode1(FunctionQueue*)
 .text._ZN4task2ex12thread_mode2Ev
                0x00000000080057e0       0xf4 example THUMB Debug/task_key.o
                0x00000000080057e0                task::ex::thread_mode2()
 .text._ZN4task2ex5mode2EP13FunctionQueue
                0x00000000080058d4       0x44 example THUMB Debug/task_key.o
                0x00000000080058d4                task::ex::mode2(FunctionQueue*)
 .text._ZN4task2ex12callback_keyEv
                0x0000000008005918       0x38 example THUMB Debug/task_key.o
                0x0000000008005918                task::ex::callback_key()
 .text._ZN4task2ex12thread_mode3Ev
                0x0000000008005950       0xb0 example THUMB Debug/task_key.o
                0x0000000008005950                task::ex::thread_mode3()
 .text._ZN4task2ex5mode3EP13FunctionQueue
                0x0000000008005a00       0x44 example THUMB Debug/task_key.o
                0x0000000008005a00                task::ex::mode3(FunctionQueue*)
 .text._ZN4task2ex12thread_mode4Ev
                0x0000000008005a44       0xd4 example THUMB Debug/task_key.o
                0x0000000008005a44                task::ex::thread_mode4()
 .text._ZN4task2ex5mode4EP13FunctionQueue
                0x0000000008005b18       0x44 example THUMB Debug/task_key.o
                0x0000000008005b18                task::ex::mode4(FunctionQueue*)
 .text._Z41__static_initialization_and_destruction_0ii
                0x0000000008005b5c       0x2c example THUMB Debug/task_key.o
 .text._GLOBAL__sub_I__ZN4task2ex3gIdE
                0x0000000008005b88       0x14 example THUMB Debug/task_key.o
 .text.abort    0x0000000008005b9c        0x2 example THUMB Debug/thumb_crt0.o
                0x0000000008005b9c                abort
 *fill*         0x0000000008005b9e        0x2 
 .text.libc.__float32_to_int32
                0x0000000008005ba0       0x40 /usr/share/crossworks_for_arm_4.7/lib/libm_v6m_t_le_eabi.a(libm_asm.o)
                0x0000000008005ba0                __fixsfsi
                0x0000000008005ba0                __float32_to_int32
                0x0000000008005ba0                __aeabi_f2iz
 .text.libc.__float32_mul
                0x0000000008005be0       0xb8 /usr/share/crossworks_for_arm_4.7/lib/libm_v6m_t_le_eabi.a(libm_asm.o)
                0x0000000008005be0                __float32_mul
                0x0000000008005be0                __mulsf3
                0x0000000008005be0                __aeabi_fmul
 .text.libc.__int64_udivmod
                0x0000000008005c98       0xac /usr/share/crossworks_for_arm_4.7/lib/libc_v6m_t_le_eabi.a(libc_asm.o)
                0x0000000008005cce                __int64_udivmod
                0x0000000008005cce                __aeabi_uldivmod
                0x0000000008005cce                __int64_udiv
                0x0000000008005cce                __udivdi3
 .text.libc.__uint32_div
                0x0000000008005d44       0x28 /usr/share/crossworks_for_arm_4.7/lib/libc_v6m_t_le_eabi.a(libc_asm.o)
                0x0000000008005d44                __udivsi3
                0x0000000008005d44                __uint32_div
                0x0000000008005d44                __aeabi_uidiv
 .text.libc.__aeabi_uidivmod
                0x0000000008005d6c       0x2a /usr/share/crossworks_for_arm_4.7/lib/libc_v6m_t_le_eabi.a(libc_asm.o)
                0x0000000008005d6c                __int32_udivmod
                0x0000000008005d6c                __aeabi_uidivmod
 *fill*         0x0000000008005d96        0x2 
 .text.libc._execute_cxa_at_exit_fns
                0x0000000008005d98       0x34 /usr/share/crossworks_for_arm_4.7/lib/libc_v6m_t_le_eabi.a(libc2.o)
 .text.libc.atexit
                0x0000000008005dcc       0x28 /usr/share/crossworks_for_arm_4.7/lib/libc_v6m_t_le_eabi.a(libc2.o)
                0x0000000008005dcc                atexit
 .text.libc.__cxa_atexit
                0x0000000008005df4       0x4c /usr/share/crossworks_for_arm_4.7/lib/libc_v6m_t_le_eabi.a(libc2.o)
                0x0000000008005df4                __cxa_atexit
 .text.libc.__aeabi_atexit
                0x0000000008005e40        0xe /usr/share/crossworks_for_arm_4.7/lib/libc_v6m_t_le_eabi.a(libc2.o)
                0x0000000008005e40                __aeabi_atexit
 .text.libdebugio.__debug_io_lock
                0x0000000008005e4e        0x2 /usr/share/crossworks_for_arm_4.7/lib/libdebugio_v6m_t_le_eabi.a(libdebugio.o)
                0x0000000008005e4e                __debug_io_lock
 .text.libdebugio.__debug_io_unlock
                0x0000000008005e50        0x2 /usr/share/crossworks_for_arm_4.7/lib/libdebugio_v6m_t_le_eabi.a(libdebugio.o)
                0x0000000008005e50                __debug_io_unlock
 .text.libc.debug_printf
                0x0000000008005e52       0x12 /usr/share/crossworks_for_arm_4.7/lib/libdebugio_v6m_t_le_eabi.a(libdebugio_asm.o)
                0x0000000008005e52                debug_printf
 .text.libdebugio.__do_debug_operation_mempoll
                0x0000000008005e64       0x30 /usr/share/crossworks_for_arm_4.7/lib/libdebugio_v6m_t_le_eabi.a(mempoll_debug_operations.o)
                0x0000000008005e64                __do_debug_operation_mempoll
 .text.libcxxabi.__cxa_pure_virtual
                0x0000000008005e94       0x10 /usr/share/crossworks_for_arm_4.7/lib/libcxxabi_noexcept_v6m_t_le_eabi.a(cxa_virtual.o)
                0x0000000008005e94                __cxa_pure_virtual
 .text.libcxxabi.abort_message
                0x0000000008005ea4       0x10 /usr/share/crossworks_for_arm_4.7/lib/libcxxabi_noexcept_v6m_t_le_eabi.a(abort_message.o)
                0x0000000008005ea4                abort_message
                0x0000000008005eb4                __text_end__ = (__text_start__ + SIZEOF (.text))
                0x0000000000005c54                __text_size__ = SIZEOF (.text)
                0x0000000008005eb4                __text_load_end__ = __text_end__

.vfp11_veneer   0x0000000100000000        0x0
 .vfp11_veneer  0x0000000100000000        0x0 linker stubs

.v4_bx          0x0000000100000000        0x0
 .v4_bx         0x0000000100000000        0x0 linker stubs

.iplt           0x0000000100000000        0x0
 .iplt          0x0000000100000000        0x0 example THUMB Debug/main.o
                0x0000000000000001                . = ASSERT (((__text_start__ == __text_end__) || ((__text_end__ - __FLASH_segment_start__) <= __FLASH_segment_size__)), error: .text is too large to fit in FLASH memory segment)
                0x0000000008005eb4                __dtors_load_start__ = ALIGN (__text_end__, 0x4)

.dtors          0x0000000008005eb4        0x0
                0x0000000008005eb4                __dtors_start__ = .
 *(SORT_BY_NAME(.dtors.*))
 *(.dtors)
 *(.fini_array)
 *(SORT_BY_NAME(.fini_array.*))
                0x0000000008005eb4                __dtors_end__ = (__dtors_start__ + SIZEOF (.dtors))
                0x0000000000000000                __dtors_size__ = SIZEOF (.dtors)
                0x0000000008005eb4                __dtors_load_end__ = __dtors_end__
                0x0000000000000001                . = ASSERT (((__dtors_start__ == __dtors_end__) || ((__dtors_end__ - __FLASH_segment_start__) <= __FLASH_segment_size__)), error: .dtors is too large to fit in FLASH memory segment)
                0x0000000008005eb4                __ctors_load_start__ = ALIGN (__dtors_end__, 0x4)

.ctors          0x0000000008005eb4       0x40
                0x0000000008005eb4                __ctors_start__ = .
 *(SORT_BY_NAME(.ctors.*))
 *(.ctors)
 *(.init_array)
 .init_array    0x0000000008005eb4        0x4 example THUMB Debug/drv_adc_st_type_C.o
 .init_array    0x0000000008005eb8        0x4 example THUMB Debug/drv_dac_st_type_A.o
 .init_array    0x0000000008005ebc        0x4 example THUMB Debug/drv_dma_st_type_B.o
 .init_array    0x0000000008005ec0        0x4 example THUMB Debug/drv_dma_st_type_B_stream.o
 .init_array    0x0000000008005ec4        0x4 example THUMB Debug/drv_exti_not_support.o
 .init_array    0x0000000008005ec8        0x4 example THUMB Debug/drv_flash_st_type_E.o
 .init_array    0x0000000008005ecc        0x4 example THUMB Debug/drv_gpio_st_type_A.o
 .init_array    0x0000000008005ed0        0x4 example THUMB Debug/drv_i2c_not_support.o
 .init_array    0x0000000008005ed4        0x4 example THUMB Debug/drv_rtc_st_type_A.o
 .init_array    0x0000000008005ed8        0x4 example THUMB Debug/drv_syscfg_st_type_A.o
 .init_array    0x0000000008005edc        0x4 example THUMB Debug/drv_timer_st_type_A.o
 .init_array    0x0000000008005ee0        0x4 example THUMB Debug/drv_uart_st_type_A.o
 .init_array    0x0000000008005ee4        0x4 example THUMB Debug/yss_scheduler.o
 .init_array    0x0000000008005ee8        0x4 example THUMB Debug/yss_key.o
 .init_array    0x0000000008005eec        0x4 example THUMB Debug/memory.o
 .init_array    0x0000000008005ef0        0x4 example THUMB Debug/task_key.o
 *(SORT_BY_NAME(.init_array.*))
                0x0000000008005ef4                __ctors_end__ = (__ctors_start__ + SIZEOF (.ctors))
                0x0000000000000040                __ctors_size__ = SIZEOF (.ctors)
                0x0000000008005ef4                __ctors_load_end__ = __ctors_end__
                0x0000000000000001                . = ASSERT (((__ctors_start__ == __ctors_end__) || ((__ctors_end__ - __FLASH_segment_start__) <= __FLASH_segment_size__)), error: .ctors is too large to fit in FLASH memory segment)
                0x0000000008005ef4                __rodata_load_start__ = ALIGN (__ctors_end__, 0x4)

.rodata         0x0000000008005ef4      0x90e
                0x0000000008005ef4                __rodata_start__ = .
 *(.rodata .rodata.* .gnu.linkonce.r.*)
 .rodata._ZN3drvL8gPpreDivE
                0x0000000008005ef4       0x20 example THUMB Debug/drv_clock_st_type_E.o
 .rodata._ZN3drvL8gHpreDivE
                0x0000000008005f14       0x40 example THUMB Debug/drv_clock_st_type_E.o
 .rodata        0x0000000008005f54      0x68b example THUMB Debug/drv_clock_st_type_E.o
 *fill*         0x00000000080065df        0x1 
 .rodata._ZN3drv7Mainpll6enableEhhh
                0x00000000080065e0       0x24 example THUMB Debug/drv_clock_st_type_E.o
 .rodata._ZTVN3drv3RtcE
                0x0000000008006604       0x48 example THUMB Debug/drv_rtc_st_type_A.o
                0x0000000008006604                vtable for drv::Rtc
 .rodata._ZTVN3sac3RtcE
                0x000000000800664c       0x48 example THUMB Debug/drv_rtc_st_type_A.o
                0x000000000800664c                vtable for sac::Rtc
 .rodata        0x0000000008006694       0x24 example THUMB Debug/msp_stm32l0x3.o
 .rodata._ZN3ledL12gOnTimeTableE
                0x00000000080066b8       0x84 example THUMB Debug/dev_led.o
 .rodata        0x000000000800673c       0xa5 example THUMB Debug/task_key.o
 *fill*         0x00000000080067e1        0x3 
 .rodata.libcxxabi.__cxa_pure_virtual.str1.4
                0x00000000080067e4       0x1e /usr/share/crossworks_for_arm_4.7/lib/libcxxabi_noexcept_v6m_t_le_eabi.a(cxa_virtual.o)
                0x0000000008006802                __rodata_end__ = (__rodata_start__ + SIZEOF (.rodata))
                0x000000000000090e                __rodata_size__ = SIZEOF (.rodata)
                0x0000000008006802                __rodata_load_end__ = __rodata_end__

.rel.dyn        0x0000000008080000        0x0
 .rel.iplt      0x0000000008080000        0x0 example THUMB Debug/main.o
                0x0000000000000001                . = ASSERT (((__rodata_start__ == __rodata_end__) || ((__rodata_end__ - __FLASH_segment_start__) <= __FLASH_segment_size__)), error: .rodata is too large to fit in FLASH memory segment)
                0x0000000008006804                __ARM.exidx_load_start__ = ALIGN (__rodata_end__, 0x4)

.ARM.exidx      0x0000000008006804        0x0
                0x0000000008006804                __ARM.exidx_start__ = .
                0x0000000008006804                __exidx_start = __ARM.exidx_start__
 *(.ARM.exidx .ARM.exidx.*)
                0x0000000008006804                __ARM.exidx_end__ = (__ARM.exidx_start__ + SIZEOF (.ARM.exidx))
                0x0000000000000000                __ARM.exidx_size__ = SIZEOF (.ARM.exidx)
                0x0000000008006804                __exidx_end = __ARM.exidx_end__
                0x0000000008006804                __ARM.exidx_load_end__ = __ARM.exidx_end__
                0x0000000000000001                . = ASSERT (((__ARM.exidx_start__ == __ARM.exidx_end__) || ((__ARM.exidx_end__ - __FLASH_segment_start__) <= __FLASH_segment_size__)), error: .ARM.exidx is too large to fit in FLASH memory segment)
                0x0000000008006804                __fast_load_start__ = ALIGN (__ARM.exidx_end__, 0x4)

.fast           0x0000000020000000        0x0 load address 0x0000000008006804
                0x0000000020000000                __fast_start__ = .
 *(.fast .fast.*)
                0x0000000020000000                __fast_end__ = (__fast_start__ + SIZEOF (.fast))
                0x0000000000000000                __fast_size__ = SIZEOF (.fast)
                0x0000000008006804                __fast_load_end__ = (__fast_load_start__ + SIZEOF (.fast))
                0x0000000000000001                . = ASSERT (((__fast_load_start__ == __fast_load_end__) || ((__fast_load_end__ - __FLASH_segment_start__) <= __FLASH_segment_size__)), error: .fast is too large to fit in FLASH memory segment)

.fast_run       0x0000000020000000        0x0
                0x0000000020000000                __fast_run_start__ = .
                0x0000000020000000                . = MAX ((__fast_run_start__ + SIZEOF (.fast)), .)
                0x0000000020000000                __fast_run_end__ = (__fast_run_start__ + SIZEOF (.fast_run))
                0x0000000000000000                __fast_run_size__ = SIZEOF (.fast_run)
                0x0000000020000000                __fast_run_load_end__ = __fast_run_end__
                0x0000000000000001                . = ASSERT (((__fast_run_start__ == __fast_run_end__) || ((__fast_run_end__ - __RAM_segment_start__) <= __RAM_segment_size__)), error: .fast_run is too large to fit in RAM memory segment)
                0x0000000008006804                __data_load_start__ = ALIGN ((__fast_load_start__ + SIZEOF (.fast)), 0x4)

.data           0x0000000020000000       0x30 load address 0x0000000008006804
                0x0000000020000000                __data_start__ = .
 *(.data .data.* .gnu.linkonce.d.*)
 .data._ZL12gNumOfThread
                0x0000000020000000        0x2 example THUMB Debug/yss_scheduler.o
 *fill*         0x0000000020000002        0x2 
 .data._ZL10gMallocSet
                0x0000000020000004       0x1c example THUMB Debug/yss_hmalloc.o
 .data.gYssTimeSum
                0x0000000020000020        0x8 example THUMB Debug/yss_time.o
                0x0000000020000020                gYssTimeSum
 .data.gOverFlowCnt
                0x0000000020000028        0x4 example THUMB Debug/yss_time.o
                0x0000000020000028                gOverFlowCnt
 .data._ZN3led6gSpeedE
                0x000000002000002c        0x4 example THUMB Debug/dev_led.o
                0x000000002000002c                led::gSpeed
                0x0000000020000030                __data_end__ = (__data_start__ + SIZEOF (.data))
                0x0000000000000030                __data_size__ = SIZEOF (.data)
                0x0000000008006834                __data_load_end__ = (__data_load_start__ + SIZEOF (.data))

.igot.plt       0x0000000100000000        0x0
 .igot.plt      0x0000000100000000        0x0 example THUMB Debug/main.o
                0x0000000000000001                . = ASSERT (((__data_load_start__ == __data_load_end__) || ((__data_load_end__ - __FLASH_segment_start__) <= __FLASH_segment_size__)), error: .data is too large to fit in FLASH memory segment)

.data_run       0x0000000020000000       0x30 load address 0x0000000008006804
                0x0000000020000000                __data_run_start__ = .
                0x0000000020000030                . = MAX ((__data_run_start__ + SIZEOF (.data)), .)
 *fill*         0x0000000020000000       0x30 
                0x0000000020000030                __data_run_end__ = (__data_run_start__ + SIZEOF (.data_run))
                0x0000000000000030                __data_run_size__ = SIZEOF (.data_run)
                0x0000000020000030                __data_run_load_end__ = __data_run_end__
                0x0000000000000001                . = ASSERT (((__data_run_start__ == __data_run_end__) || ((__data_run_end__ - __RAM_segment_start__) <= __RAM_segment_size__)), error: .data_run is too large to fit in RAM memory segment)
                0x0000000020000030                __bss_load_start__ = ALIGN (__data_run_end__, 0x4)

.bss            0x0000000020000030     0x3b7c
                0x0000000020000030                __bss_start__ = .
 *(.bss .bss.* .gnu.linkonce.b.*)
 .bss.adc1      0x0000000020000030       0x98 example THUMB Debug/drv_adc_st_type_C.o
                0x0000000020000030                adc1
 .bss.clock     0x00000000200000c8        0x2 example THUMB Debug/drv_clock_st_type_E.o
                0x00000000200000c8                clock
 *fill*         0x00000000200000ca        0x2 
 .bss.dac       0x00000000200000cc       0x20 example THUMB Debug/drv_dac_st_type_A.o
                0x00000000200000cc                dac
 .bss.dma       0x00000000200000ec       0x14 example THUMB Debug/drv_dma_st_type_B.o
                0x00000000200000ec                dma
 .bss.dma1Stream1
                0x0000000020000100       0x24 example THUMB Debug/drv_dma_st_type_B.o
                0x0000000020000100                dma1Stream1
 .bss.dma1Stream2
                0x0000000020000124       0x24 example THUMB Debug/drv_dma_st_type_B.o
                0x0000000020000124                dma1Stream2
 .bss.dma1Stream3
                0x0000000020000148       0x24 example THUMB Debug/drv_dma_st_type_B.o
                0x0000000020000148                dma1Stream3
 .bss.dma1Stream4
                0x000000002000016c       0x24 example THUMB Debug/drv_dma_st_type_B.o
                0x000000002000016c                dma1Stream4
 .bss.dma1Stream5
                0x0000000020000190       0x24 example THUMB Debug/drv_dma_st_type_B.o
                0x0000000020000190                dma1Stream5
 .bss.dma1Stream6
                0x00000000200001b4       0x24 example THUMB Debug/drv_dma_st_type_B.o
                0x00000000200001b4                dma1Stream6
 .bss.dma1Stream7
                0x00000000200001d8       0x24 example THUMB Debug/drv_dma_st_type_B.o
                0x00000000200001d8                dma1Stream7
 .bss._ZN3drvL6gMutexE
                0x00000000200001fc        0x8 example THUMB Debug/drv_dma_st_type_B_stream.o
 .bss.exti      0x0000000020000204       0x14 example THUMB Debug/drv_exti_not_support.o
                0x0000000020000204                exti
 .bss.flash     0x0000000020000218       0x14 example THUMB Debug/drv_flash_st_type_E.o
                0x0000000020000218                flash
 .bss.gpioA     0x000000002000022c       0x1c example THUMB Debug/drv_gpio_st_type_A.o
                0x000000002000022c                gpioA
 .bss.gpioB     0x0000000020000248       0x1c example THUMB Debug/drv_gpio_st_type_A.o
                0x0000000020000248                gpioB
 .bss.gpioC     0x0000000020000264       0x1c example THUMB Debug/drv_gpio_st_type_A.o
                0x0000000020000264                gpioC
 .bss.gpioD     0x0000000020000280       0x1c example THUMB Debug/drv_gpio_st_type_A.o
                0x0000000020000280                gpioD
 .bss.gpioE     0x000000002000029c       0x1c example THUMB Debug/drv_gpio_st_type_A.o
                0x000000002000029c                gpioE
 .bss.gpioH     0x00000000200002b8       0x1c example THUMB Debug/drv_gpio_st_type_A.o
                0x00000000200002b8                gpioH
 .bss.i2c1      0x00000000200002d4       0x28 example THUMB Debug/drv_i2c_not_support.o
                0x00000000200002d4                i2c1
 .bss.i2c2      0x00000000200002fc       0x28 example THUMB Debug/drv_i2c_not_support.o
                0x00000000200002fc                i2c2
 .bss.i2c3      0x0000000020000324       0x28 example THUMB Debug/drv_i2c_not_support.o
                0x0000000020000324                i2c3
 .bss.nvic      0x000000002000034c        0x1 example THUMB Debug/drv_nvic_st_type_B.o
                0x000000002000034c                nvic
 *fill*         0x000000002000034d        0x3 
 .bss.rtc       0x0000000020000350       0x18 example THUMB Debug/drv_rtc_st_type_A.o
                0x0000000020000350                rtc
 .bss.syscfg    0x0000000020000368       0x14 example THUMB Debug/drv_syscfg_st_type_A.o
                0x0000000020000368                syscfg
 *fill*         0x000000002000037c        0x4 
 .bss.timer2    0x0000000020000380       0x68 example THUMB Debug/drv_timer_st_type_A.o
                0x0000000020000380                timer2
 .bss.timer3    0x00000000200003e8       0x68 example THUMB Debug/drv_timer_st_type_A.o
                0x00000000200003e8                timer3
 .bss.timer6    0x0000000020000450       0x68 example THUMB Debug/drv_timer_st_type_A.o
                0x0000000020000450                timer6
 .bss.timer7    0x00000000200004b8       0x68 example THUMB Debug/drv_timer_st_type_A.o
                0x00000000200004b8                timer7
 .bss.uart1     0x0000000020000520       0x44 example THUMB Debug/drv_uart_st_type_A.o
                0x0000000020000520                uart1
 .bss.uart2     0x0000000020000564       0x44 example THUMB Debug/drv_uart_st_type_A.o
                0x0000000020000564                uart2
 .bss._ZN5Mutex5mInitE
                0x00000000200005a8        0x1 example THUMB Debug/yss_Mutex.o
                0x00000000200005a8                Mutex::mInit
 *fill*         0x00000000200005a9        0x3 
 .bss._ZL5gTask
                0x00000000200005ac      0x700 example THUMB Debug/yss_scheduler.o
 .bss._ZL16gStartingTrigger
                0x0000000020000cac       0x80 example THUMB Debug/yss_scheduler.o
 .bss._ZL17gCurrentThreadNum
                0x0000000020000d2c        0x2 example THUMB Debug/yss_scheduler.o
 *fill*         0x0000000020000d2e        0x2 
 .bss._ZL6gMutex
                0x0000000020000d30        0x8 example THUMB Debug/yss_scheduler.o
 .bss._ZL9gInitFlag
                0x0000000020000d38        0x1 example THUMB Debug/yss_scheduler.o
 .bss._ZL12gTriggerFlag
                0x0000000020000d39        0x1 example THUMB Debug/yss_scheduler.o
 *fill*         0x0000000020000d3a        0x2 
 .bss._ZL17gLastNormalThread
                0x0000000020000d3c        0x4 example THUMB Debug/yss_scheduler.o
 .bss._ZL8gCluster
                0x0000000020000d40       0x10 example THUMB Debug/yss_hmalloc.o
 .bss._ZL5gHeap
                0x0000000020000d50     0x2000 example THUMB Debug/yss_hmalloc.o
 .bss._ZL16gMallocDataTable
                0x0000000020002d50      0xc00 example THUMB Debug/yss_hmalloc.o
 .bss._ZL8gWaitNum
                0x0000000020003950        0x4 example THUMB Debug/yss_hmalloc.o
 .bss._ZL11gCurrentNum
                0x0000000020003954        0x4 example THUMB Debug/yss_hmalloc.o
 .bss._ZL4gKey  0x0000000020003958       0x60 example THUMB Debug/yss_key.o
 .bss._ZN3key11gHandlerCntE
                0x00000000200039b8        0x1 example THUMB Debug/yss_key.o
                0x00000000200039b8                key::gHandlerCnt
 *fill*         0x00000000200039b9        0x7 
 .bss._ZN4time16gLastRequestTimeE
                0x00000000200039c0        0x8 example THUMB Debug/yss_time.o
                0x00000000200039c0                time::gLastRequestTime
 .bss._ZN3led7gOnTimeE
                0x00000000200039c8        0x4 example THUMB Debug/dev_led.o
                0x00000000200039c8                led::gOnTime
 .bss._ZN3led4gId1E
                0x00000000200039cc        0x4 example THUMB Debug/dev_led.o
                0x00000000200039cc                led::gId1
 .bss._ZN3led4gId2E
                0x00000000200039d0        0x4 example THUMB Debug/dev_led.o
                0x00000000200039d0                led::gId2
 .bss._ZN3led13gSetLedOnFuncE
                0x00000000200039d4        0x4 example THUMB Debug/dev_led.o
                0x00000000200039d4                led::gSetLedOnFunc
 .bss.gFq       0x00000000200039d8       0x2c example THUMB Debug/memory.o
                0x00000000200039d8                gFq
 .bss._ZN4task2ex3gIdE
                0x0000000020003a04        0x4 example THUMB Debug/task_key.o
                0x0000000020003a04                task::ex::gId
 .bss._ZN4task2ex6gMutexE
                0x0000000020003a08        0x8 example THUMB Debug/task_key.o
                0x0000000020003a08                task::ex::gMutex
 .bss._ZN4task2ex11gGetKeyFuncE
                0x0000000020003a10        0x4 example THUMB Debug/task_key.o
                0x0000000020003a10                task::ex::gGetKeyFunc
 .bss._ZN4task2exL8gLedFlagE
                0x0000000020003a14        0x1 example THUMB Debug/task_key.o
 *fill*         0x0000000020003a15        0x3 
 .bss.libc.__atexitfns
                0x0000000020003a18       0x80 /usr/share/crossworks_for_arm_4.7/lib/libc_v6m_t_le_eabi.a(libc2.o)
 .bss.libc.__cxa_atexitfn_count
                0x0000000020003a98        0x4 /usr/share/crossworks_for_arm_4.7/lib/libc_v6m_t_le_eabi.a(libc2.o)
 .bss.libc.__cxa_atexitfns
                0x0000000020003a9c       0x80 /usr/share/crossworks_for_arm_4.7/lib/libc_v6m_t_le_eabi.a(libc2.o)
 .bss.libc.__cxa_atexitobjects
                0x0000000020003b1c       0x80 /usr/share/crossworks_for_arm_4.7/lib/libc_v6m_t_le_eabi.a(libc2.o)
 .bss.libc.__dso_handle
                0x0000000020003b9c        0x4 /usr/share/crossworks_for_arm_4.7/lib/libc_v6m_t_le_eabi.a(libc2.o)
                0x0000000020003b9c                __dso_handle
 .bss.libc.atexitfn_count
                0x0000000020003ba0        0x4 /usr/share/crossworks_for_arm_4.7/lib/libc_v6m_t_le_eabi.a(libc2.o)
 .bss.libdebugio.dbgCntrlWord_mempoll
                0x0000000020003ba4        0x4 /usr/share/crossworks_for_arm_4.7/lib/libdebugio_v6m_t_le_eabi.a(mempoll_debug_operations.o)
                0x0000000020003ba4                dbgCntrlWord_mempoll
 .bss.libdebugio.dbgCommWord
                0x0000000020003ba8        0x4 /usr/share/crossworks_for_arm_4.7/lib/libdebugio_v6m_t_le_eabi.a(mempoll_debug_operations.o)
                0x0000000020003ba8                dbgCommWord
 *(COMMON)
                0x0000000020003bac                __bss_end__ = (__bss_start__ + SIZEOF (.bss))
                0x0000000000003b7c                __bss_size__ = SIZEOF (.bss)
                0x0000000020003bac                __bss_load_end__ = __bss_end__
                0x0000000000000001                . = ASSERT (((__bss_start__ == __bss_end__) || ((__bss_end__ - __RAM_segment_start__) <= __RAM_segment_size__)), error: .bss is too large to fit in RAM memory segment)
                0x0000000020003bac                __tbss_load_start__ = ALIGN (__bss_end__, 0x4)

.tbss           0x0000000020003bac        0x0
                0x0000000020003bac                __tbss_start__ = .
 *(.tbss .tbss.*)
                0x0000000020003bac                __tbss_end__ = (__tbss_start__ + SIZEOF (.tbss))
                0x0000000000000000                __tbss_size__ = SIZEOF (.tbss)
                0x0000000020003bac                __tbss_load_end__ = __tbss_end__
                0x0000000000000001                . = ASSERT (((__tbss_start__ == __tbss_end__) || ((__tbss_end__ - __RAM_segment_start__) <= __RAM_segment_size__)), error: .tbss is too large to fit in RAM memory segment)
                0x0000000008006834                __tdata_load_start__ = ALIGN ((__data_load_start__ + SIZEOF (.data)), 0x4)

.tdata          0x0000000020003bac        0x0 load address 0x0000000008006834
                0x0000000020003bac                __tdata_start__ = .
 *(.tdata .tdata.*)
                0x0000000020003bac                __tdata_end__ = (__tdata_start__ + SIZEOF (.tdata))
                0x0000000000000000                __tdata_size__ = SIZEOF (.tdata)
                0x0000000008006834                __tdata_load_end__ = (__tdata_load_start__ + SIZEOF (.tdata))
                0x0000000008006834                __FLASH_segment_used_end__ = (ALIGN ((__data_load_start__ + SIZEOF (.data)), 0x4) + SIZEOF (.tdata))
                0x0000000000006834                __FLASH_segment_used_size__ = (__FLASH_segment_used_end__ - __FLASH_segment_start__)
                0x0000000000000001                . = ASSERT (((__tdata_load_start__ == __tdata_load_end__) || ((__tdata_load_end__ - __FLASH_segment_start__) <= __FLASH_segment_size__)), error: .tdata is too large to fit in FLASH memory segment)

.tdata_run      0x0000000020003bac        0x0
                0x0000000020003bac                __tdata_run_start__ = .
                0x0000000020003bac                . = MAX ((__tdata_run_start__ + SIZEOF (.tdata)), .)
                0x0000000020003bac                __tdata_run_end__ = (__tdata_run_start__ + SIZEOF (.tdata_run))
                0x0000000000000000                __tdata_run_size__ = SIZEOF (.tdata_run)
                0x0000000020003bac                __tdata_run_load_end__ = __tdata_run_end__
                0x0000000000000001                . = ASSERT (((__tdata_run_start__ == __tdata_run_end__) || ((__tdata_run_end__ - __RAM_segment_start__) <= __RAM_segment_size__)), error: .tdata_run is too large to fit in RAM memory segment)
                0x0000000020003bac                __non_init_load_start__ = ALIGN (__tdata_run_end__, 0x4)

.non_init       0x0000000020003bac        0x8
                0x0000000020003bac                __non_init_start__ = .
 *(.non_init .non_init.*)
 .non_init      0x0000000020003bac        0x8 example THUMB Debug/drv_clock_st_type_E.o
                0x0000000020003bac                drv::gHseFreq
                0x0000000020003bb0                drv::gPllFreq
                0x0000000020003bb4                __non_init_end__ = (__non_init_start__ + SIZEOF (.non_init))
                0x0000000000000008                __non_init_size__ = SIZEOF (.non_init)
                0x0000000020003bb4                __non_init_load_end__ = __non_init_end__
                0x0000000000000001                . = ASSERT (((__non_init_start__ == __non_init_end__) || ((__non_init_end__ - __RAM_segment_start__) <= __RAM_segment_size__)), error: .non_init is too large to fit in RAM memory segment)
                0x0000000020003bb8                __heap_load_start__ = ALIGN (__non_init_end__, 0x8)

.heap           0x0000000020003bb8        0x0
                0x0000000020003bb8                __heap_start__ = .
 *(.heap .heap.*)
                0x0000000020003bb8                . = ALIGN (MAX ((__heap_start__ + __HEAPSIZE__), .), 0x8)
                0x0000000020003bb8                __heap_end__ = (__heap_start__ + SIZEOF (.heap))
                0x0000000000000000                __heap_size__ = SIZEOF (.heap)
                0x0000000020003bb8                __heap_load_end__ = __heap_end__
                0x0000000000000001                . = ASSERT (((__heap_start__ == __heap_end__) || ((__heap_end__ - __RAM_segment_start__) <= __RAM_segment_size__)), error: .heap is too large to fit in RAM memory segment)
                0x0000000020003bb8                __stack_load_start__ = ALIGN (__heap_end__, 0x8)

.stack          0x0000000020003bb8      0x800
                0x0000000020003bb8                __stack_start__ = .
 *(.stack .stack.*)
                0x00000000200043b8                . = ALIGN (MAX ((__stack_start__ + __STACKSIZE__), .), 0x8)
 *fill*         0x0000000020003bb8      0x800 
                0x00000000200043b8                __stack_end__ = (__stack_start__ + SIZEOF (.stack))
                0x0000000000000800                __stack_size__ = SIZEOF (.stack)
                0x00000000200043b8                __stack_load_end__ = __stack_end__
                0x0000000000000001                . = ASSERT (((__stack_start__ == __stack_end__) || ((__stack_end__ - __RAM_segment_start__) <= __RAM_segment_size__)), error: .stack is too large to fit in RAM memory segment)
                0x00000000200043b8                __stack_process_load_start__ = ALIGN (__stack_end__, 0x8)

.stack_process  0x00000000200043b8      0x800
                0x00000000200043b8                __stack_process_start__ = .
 *(.stack_process .stack_process.*)
                0x0000000020004bb8                . = ALIGN (MAX ((__stack_process_start__ + __STACKSIZE_PROCESS__), .), 0x8)
 *fill*         0x00000000200043b8      0x800 
                0x0000000020004bb8                __stack_process_end__ = (__stack_process_start__ + SIZEOF (.stack_process))
                0x0000000000000800                __stack_process_size__ = SIZEOF (.stack_process)
                0x0000000020004bb8                __stack_process_load_end__ = __stack_process_end__
                0x0000000020004bb8                __RAM_segment_used_end__ = (ALIGN (__stack_end__, 0x8) + SIZEOF (.stack_process))
                0x0000000000004bb8                __RAM_segment_used_size__ = (__RAM_segment_used_end__ - __RAM_segment_start__)
                0x0000000000000001                . = ASSERT (((__stack_process_start__ == __stack_process_end__) || ((__stack_process_end__ - __RAM_segment_start__) <= __RAM_segment_size__)), error: .stack_process is too large to fit in RAM memory segment)
START GROUP
LOAD example THUMB Debug/main.o
LOAD example THUMB Debug/drv_adc_not_support.o
LOAD example THUMB Debug/drv_adc_st_type_A.o
LOAD example THUMB Debug/drv_adc_st_type_B.o
LOAD example THUMB Debug/drv_adc_st_type_C.o
LOAD example THUMB Debug/drv_can_not_support.o
LOAD example THUMB Debug/drv_can_st_type_A.o
LOAD example THUMB Debug/drv_can_st_type_B.o
LOAD example THUMB Debug/drv_clock_maxim_type_A.o
LOAD example THUMB Debug/drv_clock_maxim_type_A_peripherals.o
LOAD example THUMB Debug/drv_clock_microchip_type_A.o
LOAD example THUMB Debug/drv_clock_microchip_type_A_peripherals.o
LOAD example THUMB Debug/drv_clock_st_type_A.o
LOAD example THUMB Debug/drv_clock_st_type_A_peripherals.o
LOAD example THUMB Debug/drv_clock_st_type_B.o
LOAD example THUMB Debug/drv_clock_st_type_B_peripherals.o
LOAD example THUMB Debug/drv_clock_st_type_C.o
LOAD example THUMB Debug/drv_clock_st_type_C_peripherals.o
LOAD example THUMB Debug/drv_clock_st_type_D.o
LOAD example THUMB Debug/drv_clock_st_type_D_peripherals.o
LOAD example THUMB Debug/drv_clock_st_type_E.o
LOAD example THUMB Debug/drv_clock_st_type_E_peripherals.o
LOAD example THUMB Debug/drv_dac_not_support.o
LOAD example THUMB Debug/drv_dac_st_type_A.o
LOAD example THUMB Debug/drv_dma_not_support.o
LOAD example THUMB Debug/drv_dma_st_type_A.o
LOAD example THUMB Debug/drv_dma_st_type_A_isr.o